<?xml version="1.0" encoding="ISO-8859-1" ?>
<link_info>
   <banner>MSP430 Linker PC v18.12.1.LTS</banner>
   <copyright>Copyright (c) 2003-2018 Texas Instruments Incorporated</copyright>
   <link_time>0x5cab2c3f</link_time>
   <link_errors>0x0</link_errors>
   <output_file>C12_DAC_1602_KEY_FREQ_MSP430F14x_CCS9_0.out</output_file>
   <entry_point>
      <name>_c_int00_noargs</name>
      <address>0x5230</address>
   </entry_point>
   <input_file_list>
      <input_file id="fl-2">
         <path>.\src\</path>
         <kind>object</kind>
         <file>adc.obj</file>
         <name>adc.obj</name>
      </input_file>
      <input_file id="fl-3">
         <path>.\src\</path>
         <kind>object</kind>
         <file>da5615.obj</file>
         <name>da5615.obj</name>
      </input_file>
      <input_file id="fl-4">
         <path>.\src\</path>
         <kind>object</kind>
         <file>key.obj</file>
         <name>key.obj</name>
      </input_file>
      <input_file id="fl-5">
         <path>.\src\</path>
         <kind>object</kind>
         <file>lcd1602.obj</file>
         <name>lcd1602.obj</name>
      </input_file>
      <input_file id="fl-6">
         <path>.\src\</path>
         <kind>object</kind>
         <file>main.obj</file>
         <name>main.obj</name>
      </input_file>
      <input_file id="fl-b">
         <kind>object</kind>
         <file>&lt;internal&gt;</file>
         <name>&lt;internal&gt;</name>
      </input_file>
      <input_file id="fl-21">
         <path>C:\opt\ti\ccs9\ccs\tools\compiler\ti-cgt-msp430_18.12.1.LTS\lib\</path>
         <kind>archive</kind>
         <file>rts430_eabi.lib</file>
         <name>sprintf.c.obj</name>
      </input_file>
      <input_file id="fl-22">
         <path>C:\opt\ti\ccs9\ccs\tools\compiler\ti-cgt-msp430_18.12.1.LTS\lib\</path>
         <kind>archive</kind>
         <file>rts430_eabi.lib</file>
         <name>epilog.asm.obj</name>
      </input_file>
      <input_file id="fl-23">
         <path>C:\opt\ti\ccs9\ccs\tools\compiler\ti-cgt-msp430_18.12.1.LTS\lib\</path>
         <kind>archive</kind>
         <file>rts430_eabi.lib</file>
         <name>fs_itof.asm.obj</name>
      </input_file>
      <input_file id="fl-24">
         <path>C:\opt\ti\ccs9\ccs\tools\compiler\ti-cgt-msp430_18.12.1.LTS\lib\</path>
         <kind>archive</kind>
         <file>rts430_eabi.lib</file>
         <name>fs_mpy.asm.obj</name>
      </input_file>
      <input_file id="fl-25">
         <path>C:\opt\ti\ccs9\ccs\tools\compiler\ti-cgt-msp430_18.12.1.LTS\lib\</path>
         <kind>archive</kind>
         <file>rts430_eabi.lib</file>
         <name>fs_utof.asm.obj</name>
      </input_file>
      <input_file id="fl-26">
         <path>C:\opt\ti\ccs9\ccs\tools\compiler\ti-cgt-msp430_18.12.1.LTS\lib\</path>
         <kind>archive</kind>
         <file>rts430_eabi.lib</file>
         <name>int01.asm.obj</name>
      </input_file>
      <input_file id="fl-27">
         <path>C:\opt\ti\ccs9\ccs\tools\compiler\ti-cgt-msp430_18.12.1.LTS\lib\</path>
         <kind>archive</kind>
         <file>rts430_eabi.lib</file>
         <name>int02.asm.obj</name>
      </input_file>
      <input_file id="fl-28">
         <path>C:\opt\ti\ccs9\ccs\tools\compiler\ti-cgt-msp430_18.12.1.LTS\lib\</path>
         <kind>archive</kind>
         <file>rts430_eabi.lib</file>
         <name>int03.asm.obj</name>
      </input_file>
      <input_file id="fl-29">
         <path>C:\opt\ti\ccs9\ccs\tools\compiler\ti-cgt-msp430_18.12.1.LTS\lib\</path>
         <kind>archive</kind>
         <file>rts430_eabi.lib</file>
         <name>int04.asm.obj</name>
      </input_file>
      <input_file id="fl-2a">
         <path>C:\opt\ti\ccs9\ccs\tools\compiler\ti-cgt-msp430_18.12.1.LTS\lib\</path>
         <kind>archive</kind>
         <file>rts430_eabi.lib</file>
         <name>int05.asm.obj</name>
      </input_file>
      <input_file id="fl-2b">
         <path>C:\opt\ti\ccs9\ccs\tools\compiler\ti-cgt-msp430_18.12.1.LTS\lib\</path>
         <kind>archive</kind>
         <file>rts430_eabi.lib</file>
         <name>int06.asm.obj</name>
      </input_file>
      <input_file id="fl-2c">
         <path>C:\opt\ti\ccs9\ccs\tools\compiler\ti-cgt-msp430_18.12.1.LTS\lib\</path>
         <kind>archive</kind>
         <file>rts430_eabi.lib</file>
         <name>int07.asm.obj</name>
      </input_file>
      <input_file id="fl-2d">
         <path>C:\opt\ti\ccs9\ccs\tools\compiler\ti-cgt-msp430_18.12.1.LTS\lib\</path>
         <kind>archive</kind>
         <file>rts430_eabi.lib</file>
         <name>int08.asm.obj</name>
      </input_file>
      <input_file id="fl-2e">
         <path>C:\opt\ti\ccs9\ccs\tools\compiler\ti-cgt-msp430_18.12.1.LTS\lib\</path>
         <kind>archive</kind>
         <file>rts430_eabi.lib</file>
         <name>int09.asm.obj</name>
      </input_file>
      <input_file id="fl-2f">
         <path>C:\opt\ti\ccs9\ccs\tools\compiler\ti-cgt-msp430_18.12.1.LTS\lib\</path>
         <kind>archive</kind>
         <file>rts430_eabi.lib</file>
         <name>int10.asm.obj</name>
      </input_file>
      <input_file id="fl-30">
         <path>C:\opt\ti\ccs9\ccs\tools\compiler\ti-cgt-msp430_18.12.1.LTS\lib\</path>
         <kind>archive</kind>
         <file>rts430_eabi.lib</file>
         <name>int11.asm.obj</name>
      </input_file>
      <input_file id="fl-31">
         <path>C:\opt\ti\ccs9\ccs\tools\compiler\ti-cgt-msp430_18.12.1.LTS\lib\</path>
         <kind>archive</kind>
         <file>rts430_eabi.lib</file>
         <name>int12.asm.obj</name>
      </input_file>
      <input_file id="fl-32">
         <path>C:\opt\ti\ccs9\ccs\tools\compiler\ti-cgt-msp430_18.12.1.LTS\lib\</path>
         <kind>archive</kind>
         <file>rts430_eabi.lib</file>
         <name>int13.asm.obj</name>
      </input_file>
      <input_file id="fl-33">
         <path>C:\opt\ti\ccs9\ccs\tools\compiler\ti-cgt-msp430_18.12.1.LTS\lib\</path>
         <kind>archive</kind>
         <file>rts430_eabi.lib</file>
         <name>int14.asm.obj</name>
      </input_file>
      <input_file id="fl-34">
         <path>C:\opt\ti\ccs9\ccs\tools\compiler\ti-cgt-msp430_18.12.1.LTS\lib\</path>
         <kind>archive</kind>
         <file>rts430_eabi.lib</file>
         <name>isr_trap.asm.obj</name>
      </input_file>
      <input_file id="fl-35">
         <path>C:\opt\ti\ccs9\ccs\tools\compiler\ti-cgt-msp430_18.12.1.LTS\lib\</path>
         <kind>archive</kind>
         <file>rts430_eabi.lib</file>
         <name>mult16.asm.obj</name>
      </input_file>
      <input_file id="fl-36">
         <path>C:\opt\ti\ccs9\ccs\tools\compiler\ti-cgt-msp430_18.12.1.LTS\lib\</path>
         <kind>archive</kind>
         <file>rts430_eabi.lib</file>
         <name>mult16_hw.asm.obj</name>
      </input_file>
      <input_file id="fl-37">
         <path>C:\opt\ti\ccs9\ccs\tools\compiler\ti-cgt-msp430_18.12.1.LTS\lib\</path>
         <kind>archive</kind>
         <file>rts430_eabi.lib</file>
         <name>mult1632_hw.asm.obj</name>
      </input_file>
      <input_file id="fl-38">
         <path>C:\opt\ti\ccs9\ccs\tools\compiler\ti-cgt-msp430_18.12.1.LTS\lib\</path>
         <kind>archive</kind>
         <file>rts430_eabi.lib</file>
         <name>mult32_hw.asm.obj</name>
      </input_file>
      <input_file id="fl-39">
         <path>C:\opt\ti\ccs9\ccs\tools\compiler\ti-cgt-msp430_18.12.1.LTS\lib\</path>
         <kind>archive</kind>
         <file>rts430_eabi.lib</file>
         <name>mult3264_hw.asm.obj</name>
      </input_file>
      <input_file id="fl-3a">
         <path>C:\opt\ti\ccs9\ccs\tools\compiler\ti-cgt-msp430_18.12.1.LTS\lib\</path>
         <kind>archive</kind>
         <file>rts430_eabi.lib</file>
         <name>mult64_hw.asm.obj</name>
      </input_file>
      <input_file id="fl-3b">
         <path>C:\opt\ti\ccs9\ccs\tools\compiler\ti-cgt-msp430_18.12.1.LTS\lib\</path>
         <kind>archive</kind>
         <file>rts430_eabi.lib</file>
         <name>boot.c.obj</name>
      </input_file>
      <input_file id="fl-3c">
         <path>C:\opt\ti\ccs9\ccs\tools\compiler\ti-cgt-msp430_18.12.1.LTS\lib\</path>
         <kind>archive</kind>
         <file>rts430_eabi.lib</file>
         <name>autoinit.c.obj</name>
      </input_file>
      <input_file id="fl-3d">
         <path>C:\opt\ti\ccs9\ccs\tools\compiler\ti-cgt-msp430_18.12.1.LTS\lib\</path>
         <kind>archive</kind>
         <file>rts430_eabi.lib</file>
         <name>copy_zero_init.c.obj</name>
      </input_file>
      <input_file id="fl-3e">
         <path>C:\opt\ti\ccs9\ccs\tools\compiler\ti-cgt-msp430_18.12.1.LTS\lib\</path>
         <kind>archive</kind>
         <file>rts430_eabi.lib</file>
         <name>cpy_tbl.c.obj</name>
      </input_file>
      <input_file id="fl-3f">
         <path>C:\opt\ti\ccs9\ccs\tools\compiler\ti-cgt-msp430_18.12.1.LTS\lib\</path>
         <kind>archive</kind>
         <file>rts430_eabi.lib</file>
         <name>mpu_init.c.obj</name>
      </input_file>
      <input_file id="fl-40">
         <path>C:\opt\ti\ccs9\ccs\tools\compiler\ti-cgt-msp430_18.12.1.LTS\lib\</path>
         <kind>archive</kind>
         <file>rts430_eabi.lib</file>
         <name>pre_init.c.obj</name>
      </input_file>
      <input_file id="fl-41">
         <path>C:\opt\ti\ccs9\ccs\tools\compiler\ti-cgt-msp430_18.12.1.LTS\lib\</path>
         <kind>archive</kind>
         <file>rts430_eabi.lib</file>
         <name>startup.c.obj</name>
      </input_file>
      <input_file id="fl-42">
         <path>C:\opt\ti\ccs9\ccs\tools\compiler\ti-cgt-msp430_18.12.1.LTS\lib\</path>
         <kind>archive</kind>
         <file>rts430_eabi.lib</file>
         <name>copy_decompress_none.c.obj</name>
      </input_file>
      <input_file id="fl-43">
         <path>C:\opt\ti\ccs9\ccs\tools\compiler\ti-cgt-msp430_18.12.1.LTS\lib\</path>
         <kind>archive</kind>
         <file>rts430_eabi.lib</file>
         <name>copy_decompress_lzss.c.obj</name>
      </input_file>
      <input_file id="fl-44">
         <path>C:\opt\ti\ccs9\ccs\tools\compiler\ti-cgt-msp430_18.12.1.LTS\lib\</path>
         <kind>archive</kind>
         <file>rts430_eabi.lib</file>
         <name>cvtdf.c.obj</name>
      </input_file>
      <input_file id="fl-45">
         <path>C:\opt\ti\ccs9\ccs\tools\compiler\ti-cgt-msp430_18.12.1.LTS\lib\</path>
         <kind>archive</kind>
         <file>rts430_eabi.lib</file>
         <name>cvtfd.c.obj</name>
      </input_file>
      <input_file id="fl-46">
         <path>C:\opt\ti\ccs9\ccs\tools\compiler\ti-cgt-msp430_18.12.1.LTS\lib\</path>
         <kind>archive</kind>
         <file>rts430_eabi.lib</file>
         <name>mpyd.c.obj</name>
      </input_file>
      <input_file id="fl-47">
         <path>C:\opt\ti\ccs9\ccs\tools\compiler\ti-cgt-msp430_18.12.1.LTS\lib\</path>
         <kind>archive</kind>
         <file>rts430_eabi.lib</file>
         <name>exit.c.obj</name>
      </input_file>
      <input_file id="fl-48">
         <path>C:\opt\ti\ccs9\ccs\tools\compiler\ti-cgt-msp430_18.12.1.LTS\lib\</path>
         <kind>archive</kind>
         <file>rts430_eabi.lib</file>
         <name>_lock.c.obj</name>
      </input_file>
      <input_file id="fl-49">
         <path>C:\opt\ti\ccs9\ccs\tools\compiler\ti-cgt-msp430_18.12.1.LTS\lib\</path>
         <kind>archive</kind>
         <file>rts430_eabi.lib</file>
         <name>args_main.c.obj</name>
      </input_file>
      <input_file id="fl-4a">
         <path>C:\opt\ti\ccs9\ccs\tools\compiler\ti-cgt-msp430_18.12.1.LTS\lib\</path>
         <kind>archive</kind>
         <file>rts430_eabi.lib</file>
         <name>memcpy.c.obj</name>
      </input_file>
      <input_file id="fl-4b">
         <path>C:\opt\ti\ccs9\ccs\tools\compiler\ti-cgt-msp430_18.12.1.LTS\lib\</path>
         <kind>archive</kind>
         <file>rts430_eabi.lib</file>
         <name>memory.c.obj</name>
      </input_file>
      <input_file id="fl-4c">
         <path>C:\opt\ti\ccs9\ccs\tools\compiler\ti-cgt-msp430_18.12.1.LTS\lib\</path>
         <kind>archive</kind>
         <file>rts430_eabi.lib</file>
         <name>memset.c.obj</name>
      </input_file>
      <input_file id="fl-4d">
         <path>C:\opt\ti\ccs9\ccs\tools\compiler\ti-cgt-msp430_18.12.1.LTS\lib\</path>
         <kind>archive</kind>
         <file>rts430_eabi.lib</file>
         <name>_printfi.c.obj</name>
      </input_file>
      <input_file id="fl-4e">
         <path>C:\opt\ti\ccs9\ccs\tools\compiler\ti-cgt-msp430_18.12.1.LTS\lib\</path>
         <kind>archive</kind>
         <file>rts430_eabi.lib</file>
         <name>s_frexp.c.obj</name>
      </input_file>
      <input_file id="fl-4f">
         <path>C:\opt\ti\ccs9\ccs\tools\compiler\ti-cgt-msp430_18.12.1.LTS\lib\</path>
         <kind>archive</kind>
         <file>rts430_eabi.lib</file>
         <name>s_scalbn.c.obj</name>
      </input_file>
      <input_file id="fl-50">
         <path>C:\opt\ti\ccs9\ccs\tools\compiler\ti-cgt-msp430_18.12.1.LTS\lib\</path>
         <kind>archive</kind>
         <file>rts430_eabi.lib</file>
         <name>wcslen.c.obj</name>
      </input_file>
      <input_file id="fl-51">
         <path>C:\opt\ti\ccs9\ccs\tools\compiler\ti-cgt-msp430_18.12.1.LTS\lib\</path>
         <kind>archive</kind>
         <file>rts430_eabi.lib</file>
         <name>s_copysign.c.obj</name>
      </input_file>
      <input_file id="fl-52">
         <path>C:\opt\ti\ccs9\ccs\tools\compiler\ti-cgt-msp430_18.12.1.LTS\lib\</path>
         <kind>archive</kind>
         <file>rts430_eabi.lib</file>
         <name>asr16.asm.obj</name>
      </input_file>
      <input_file id="fl-53">
         <path>C:\opt\ti\ccs9\ccs\tools\compiler\ti-cgt-msp430_18.12.1.LTS\lib\</path>
         <kind>archive</kind>
         <file>rts430_eabi.lib</file>
         <name>asr32.asm.obj</name>
      </input_file>
      <input_file id="fl-54">
         <path>C:\opt\ti\ccs9\ccs\tools\compiler\ti-cgt-msp430_18.12.1.LTS\lib\</path>
         <kind>archive</kind>
         <file>rts430_eabi.lib</file>
         <name>div16u.asm.obj</name>
      </input_file>
      <input_file id="fl-55">
         <path>C:\opt\ti\ccs9\ccs\tools\compiler\ti-cgt-msp430_18.12.1.LTS\lib\</path>
         <kind>archive</kind>
         <file>rts430_eabi.lib</file>
         <name>div32u.asm.obj</name>
      </input_file>
      <input_file id="fl-56">
         <path>C:\opt\ti\ccs9\ccs\tools\compiler\ti-cgt-msp430_18.12.1.LTS\lib\</path>
         <kind>archive</kind>
         <file>rts430_eabi.lib</file>
         <name>lsl16.asm.obj</name>
      </input_file>
      <input_file id="fl-57">
         <path>C:\opt\ti\ccs9\ccs\tools\compiler\ti-cgt-msp430_18.12.1.LTS\lib\</path>
         <kind>archive</kind>
         <file>rts430_eabi.lib</file>
         <name>lsl32.asm.obj</name>
      </input_file>
      <input_file id="fl-58">
         <path>C:\opt\ti\ccs9\ccs\tools\compiler\ti-cgt-msp430_18.12.1.LTS\lib\</path>
         <kind>archive</kind>
         <file>rts430_eabi.lib</file>
         <name>lsr16.asm.obj</name>
      </input_file>
      <input_file id="fl-59">
         <path>C:\opt\ti\ccs9\ccs\tools\compiler\ti-cgt-msp430_18.12.1.LTS\lib\</path>
         <kind>archive</kind>
         <file>rts430_eabi.lib</file>
         <name>exit_gvars.c.obj</name>
      </input_file>
      <input_file id="fl-5a">
         <path>C:\opt\ti\ccs9\ccs\tools\compiler\ti-cgt-msp430_18.12.1.LTS\lib\</path>
         <kind>archive</kind>
         <file>rts430_eabi.lib</file>
         <name>lsr64.c.obj</name>
      </input_file>
      <input_file id="fl-5b">
         <path>C:\opt\ti\ccs9\ccs\tools\compiler\ti-cgt-msp430_18.12.1.LTS\lib\</path>
         <kind>archive</kind>
         <file>rts430_eabi.lib</file>
         <name>div64u.c.obj</name>
      </input_file>
      <input_file id="fl-5c">
         <path>C:\opt\ti\ccs9\ccs\tools\compiler\ti-cgt-msp430_18.12.1.LTS\lib\</path>
         <kind>archive</kind>
         <file>rts430_eabi.lib</file>
         <name>addd.c.obj</name>
      </input_file>
      <input_file id="fl-5d">
         <path>C:\opt\ti\ccs9\ccs\tools\compiler\ti-cgt-msp430_18.12.1.LTS\lib\</path>
         <kind>archive</kind>
         <file>rts430_eabi.lib</file>
         <name>cmpd.c.obj</name>
      </input_file>
      <input_file id="fl-5e">
         <path>C:\opt\ti\ccs9\ccs\tools\compiler\ti-cgt-msp430_18.12.1.LTS\lib\</path>
         <kind>archive</kind>
         <file>rts430_eabi.lib</file>
         <name>divd.c.obj</name>
      </input_file>
      <input_file id="fl-5f">
         <path>C:\opt\ti\ccs9\ccs\tools\compiler\ti-cgt-msp430_18.12.1.LTS\lib\</path>
         <kind>archive</kind>
         <file>rts430_eabi.lib</file>
         <name>fixdi.c.obj</name>
      </input_file>
      <input_file id="fl-60">
         <path>C:\opt\ti\ccs9\ccs\tools\compiler\ti-cgt-msp430_18.12.1.LTS\lib\</path>
         <kind>archive</kind>
         <file>rts430_eabi.lib</file>
         <name>fixdli.c.obj</name>
      </input_file>
      <input_file id="fl-61">
         <path>C:\opt\ti\ccs9\ccs\tools\compiler\ti-cgt-msp430_18.12.1.LTS\lib\</path>
         <kind>archive</kind>
         <file>rts430_eabi.lib</file>
         <name>fltid.c.obj</name>
      </input_file>
      <input_file id="fl-62">
         <path>C:\opt\ti\ccs9\ccs\tools\compiler\ti-cgt-msp430_18.12.1.LTS\lib\</path>
         <kind>archive</kind>
         <file>rts430_eabi.lib</file>
         <name>fltlid.c.obj</name>
      </input_file>
      <input_file id="fl-63">
         <path>C:\opt\ti\ccs9\ccs\tools\compiler\ti-cgt-msp430_18.12.1.LTS\lib\</path>
         <kind>archive</kind>
         <file>rts430_eabi.lib</file>
         <name>frcaddd.c.obj</name>
      </input_file>
      <input_file id="fl-64">
         <path>C:\opt\ti\ccs9\ccs\tools\compiler\ti-cgt-msp430_18.12.1.LTS\lib\</path>
         <kind>archive</kind>
         <file>rts430_eabi.lib</file>
         <name>frcdivd.c.obj</name>
      </input_file>
      <input_file id="fl-65">
         <path>C:\opt\ti\ccs9\ccs\tools\compiler\ti-cgt-msp430_18.12.1.LTS\lib\</path>
         <kind>archive</kind>
         <file>rts430_eabi.lib</file>
         <name>frcmpyd.c.obj</name>
      </input_file>
      <input_file id="fl-66">
         <path>C:\opt\ti\ccs9\ccs\tools\compiler\ti-cgt-msp430_18.12.1.LTS\lib\</path>
         <kind>archive</kind>
         <file>rts430_eabi.lib</file>
         <name>negd.c.obj</name>
      </input_file>
      <input_file id="fl-67">
         <path>C:\opt\ti\ccs9\ccs\tools\compiler\ti-cgt-msp430_18.12.1.LTS\lib\</path>
         <kind>archive</kind>
         <file>rts430_eabi.lib</file>
         <name>renormd.c.obj</name>
      </input_file>
      <input_file id="fl-68">
         <path>C:\opt\ti\ccs9\ccs\tools\compiler\ti-cgt-msp430_18.12.1.LTS\lib\</path>
         <kind>archive</kind>
         <file>rts430_eabi.lib</file>
         <name>subd.c.obj</name>
      </input_file>
      <input_file id="fl-69">
         <path>C:\opt\ti\ccs9\ccs\tools\compiler\ti-cgt-msp430_18.12.1.LTS\lib\</path>
         <kind>archive</kind>
         <file>rts430_eabi.lib</file>
         <name>atoi.c.obj</name>
      </input_file>
      <input_file id="fl-6a">
         <path>C:\opt\ti\ccs9\ccs\tools\compiler\ti-cgt-msp430_18.12.1.LTS\lib\</path>
         <kind>archive</kind>
         <file>rts430_eabi.lib</file>
         <name>ctype.c.obj</name>
      </input_file>
      <input_file id="fl-6b">
         <path>C:\opt\ti\ccs9\ccs\tools\compiler\ti-cgt-msp430_18.12.1.LTS\lib\</path>
         <kind>archive</kind>
         <file>rts430_eabi.lib</file>
         <name>ltoa.c.obj</name>
      </input_file>
      <input_file id="fl-6c">
         <path>C:\opt\ti\ccs9\ccs\tools\compiler\ti-cgt-msp430_18.12.1.LTS\lib\</path>
         <kind>archive</kind>
         <file>rts430_eabi.lib</file>
         <name>memccpy.c.obj</name>
      </input_file>
      <input_file id="fl-6d">
         <path>C:\opt\ti\ccs9\ccs\tools\compiler\ti-cgt-msp430_18.12.1.LTS\lib\</path>
         <kind>archive</kind>
         <file>rts430_eabi.lib</file>
         <name>strchr.c.obj</name>
      </input_file>
      <input_file id="fl-6e">
         <path>C:\opt\ti\ccs9\ccs\tools\compiler\ti-cgt-msp430_18.12.1.LTS\lib\</path>
         <kind>archive</kind>
         <file>rts430_eabi.lib</file>
         <name>strlen.c.obj</name>
      </input_file>
      <input_file id="fl-6f">
         <path>C:\opt\ti\ccs9\ccs\tools\compiler\ti-cgt-msp430_18.12.1.LTS\lib\</path>
         <kind>archive</kind>
         <file>rts430_eabi.lib</file>
         <name>toupper.c.obj</name>
      </input_file>
      <input_file id="fl-70">
         <path>C:\opt\ti\ccs9\ccs\tools\compiler\ti-cgt-msp430_18.12.1.LTS\lib\</path>
         <kind>archive</kind>
         <file>rts430_eabi.lib</file>
         <name>errno.c.obj</name>
      </input_file>
      <input_file id="fl-71">
         <path>C:\opt\ti\ccs9\ccs\tools\compiler\ti-cgt-msp430_18.12.1.LTS\lib\</path>
         <kind>archive</kind>
         <file>rts430_eabi.lib</file>
         <name>abs.c.obj</name>
      </input_file>
      <input_file id="fl-72">
         <path>C:\opt\ti\ccs9\ccs\tools\compiler\ti-cgt-msp430_18.12.1.LTS\lib\</path>
         <kind>archive</kind>
         <file>rts430_eabi.lib</file>
         <name>div32s.asm.obj</name>
      </input_file>
      <input_file id="fl-73">
         <path>C:\opt\ti\ccs9\ccs\tools\compiler\ti-cgt-msp430_18.12.1.LTS\lib\</path>
         <kind>archive</kind>
         <file>rts430_eabi.lib</file>
         <name>lsr32.asm.obj</name>
      </input_file>
      <input_file id="fl-74">
         <path>C:\opt\ti\ccs9\ccs\tools\compiler\ti-cgt-msp430_18.12.1.LTS\lib\</path>
         <kind>archive</kind>
         <file>rts430_eabi.lib</file>
         <name>mult32.asm.obj</name>
      </input_file>
      <input_file id="fl-75">
         <path>C:\opt\ti\ccs9\ccs\tools\compiler\ti-cgt-msp430_18.12.1.LTS\lib\</path>
         <kind>archive</kind>
         <file>rts430_eabi.lib</file>
         <name>lsl64.c.obj</name>
      </input_file>
   </input_file_list>
   <object_component_list>
      <object_component id="oc-39f">
         <name>.bss</name>
         <uninitialized>true</uninitialized>
         <run_address>0x276</run_address>
         <size>0x2</size>
         <input_file_ref idref="fl-4b"/>
      </object_component>
      <object_component id="oc-24b">
         <name>.common:key</name>
         <uninitialized>true</uninitialized>
         <run_address>0x27a</run_address>
         <size>0x1</size>
      </object_component>
      <object_component id="oc-240">
         <name>.common:lcd1602</name>
         <uninitialized>true</uninitialized>
         <run_address>0x278</run_address>
         <size>0x2</size>
      </object_component>
      <object_component id="oc-1a1">
         <name>.common:display_d</name>
         <uninitialized>true</uninitialized>
         <run_address>0x26a</run_address>
         <size>0xc</size>
      </object_component>
      <object_component id="oc-1c9">
         <name>.data</name>
         <load_address>0x25e</load_address>
         <run_address>0x25e</run_address>
         <size>0x4</size>
         <input_file_ref idref="fl-2"/>
      </object_component>
      <object_component id="oc-24e">
         <name>.data</name>
         <load_address>0x250</load_address>
         <run_address>0x250</run_address>
         <size>0xe</size>
         <input_file_ref idref="fl-6"/>
      </object_component>
      <object_component id="oc-28e">
         <name>.data:_lock</name>
         <load_address>0x262</load_address>
         <run_address>0x262</run_address>
         <size>0x2</size>
         <input_file_ref idref="fl-48"/>
      </object_component>
      <object_component id="oc-297">
         <name>.data:_unlock</name>
         <load_address>0x264</load_address>
         <run_address>0x264</run_address>
         <size>0x2</size>
         <input_file_ref idref="fl-48"/>
      </object_component>
      <object_component id="oc-39c">
         <name>.data</name>
         <load_address>0x268</load_address>
         <run_address>0x268</run_address>
         <size>0x2</size>
         <input_file_ref idref="fl-4b"/>
      </object_component>
      <object_component id="oc-428">
         <name>.data</name>
         <load_address>0x266</load_address>
         <run_address>0x266</run_address>
         <size>0x2</size>
         <input_file_ref idref="fl-70"/>
      </object_component>
      <object_component id="oc-d7">
         <name>.sysmem</name>
         <uninitialized>true</uninitialized>
         <run_address>0x200</run_address>
         <size>0x8</size>
         <input_file_ref idref="fl-4b"/>
      </object_component>
      <object_component id="oc-5f0">
         <name>.sysmem</name>
         <uninitialized>true</uninitialized>
         <run_address>0x200</run_address>
         <size>0x0</size>
      </object_component>
      <object_component id="oc-d3">
         <name>.stack</name>
         <uninitialized>true</uninitialized>
         <run_address>0x9b0</run_address>
         <size>0x2</size>
         <input_file_ref idref="fl-3b"/>
      </object_component>
      <object_component id="oc-5ef">
         <name>.stack</name>
         <uninitialized>true</uninitialized>
         <run_address>0x9b0</run_address>
         <size>0x0</size>
      </object_component>
      <object_component id="oc-530">
         <name>.text:__TI_frcdivd</name>
         <load_address>0x1100</load_address>
         <run_address>0x1100</run_address>
         <size>0x478</size>
         <input_file_ref idref="fl-64"/>
      </object_component>
      <object_component id="oc-491">
         <name>.text:__mspabi_divull</name>
         <load_address>0x1578</load_address>
         <run_address>0x1578</run_address>
         <size>0x360</size>
         <input_file_ref idref="fl-5b"/>
      </object_component>
      <object_component id="oc-560">
         <name>.text:__mspabi_addd</name>
         <load_address>0x18d8</load_address>
         <run_address>0x18d8</run_address>
         <size>0x2fa</size>
         <input_file_ref idref="fl-5c"/>
      </object_component>
      <object_component id="oc-372">
         <name>.text:__TI_printfi</name>
         <load_address>0x1bd2</load_address>
         <run_address>0x1bd2</run_address>
         <size>0x288</size>
         <input_file_ref idref="fl-4d"/>
      </object_component>
      <object_component id="oc-312">
         <name>.text:__TI_frcmpyd</name>
         <load_address>0x1e5a</load_address>
         <run_address>0x1e5a</run_address>
         <size>0x286</size>
         <input_file_ref idref="fl-65"/>
      </object_component>
      <object_component id="oc-27d">
         <name>.text:__mspabi_mpyd</name>
         <load_address>0x20e0</load_address>
         <run_address>0x20e0</run_address>
         <size>0x26e</size>
         <input_file_ref idref="fl-46"/>
      </object_component>
      <object_component id="oc-414">
         <name>.text:_pproc_fgea</name>
         <load_address>0x234e</load_address>
         <run_address>0x234e</run_address>
         <size>0x26e</size>
         <input_file_ref idref="fl-4d"/>
      </object_component>
      <object_component id="oc-584">
         <name>.text:__TI_frcaddd</name>
         <load_address>0x25bc</load_address>
         <run_address>0x25bc</run_address>
         <size>0x260</size>
         <input_file_ref idref="fl-63"/>
      </object_component>
      <object_component id="oc-3d1">
         <name>.text:_setfield</name>
         <load_address>0x281c</load_address>
         <run_address>0x281c</run_address>
         <size>0x252</size>
         <input_file_ref idref="fl-4d"/>
      </object_component>
      <object_component id="oc-4dd">
         <name>.text:acvt</name>
         <load_address>0x2a6e</load_address>
         <run_address>0x2a6e</run_address>
         <size>0x244</size>
         <input_file_ref idref="fl-4d"/>
      </object_component>
      <object_component id="oc-4d0">
         <name>.text:__mspabi_divd</name>
         <load_address>0x2cb2</load_address>
         <run_address>0x2cb2</run_address>
         <size>0x238</size>
         <input_file_ref idref="fl-5e"/>
      </object_component>
      <object_component id="oc-441">
         <name>.text:_getarg_diouxp</name>
         <load_address>0x2eea</load_address>
         <run_address>0x2eea</run_address>
         <size>0x1ec</size>
         <input_file_ref idref="fl-4d"/>
      </object_component>
      <object_component id="oc-4b0">
         <name>.text:ecvt</name>
         <load_address>0x30d6</load_address>
         <run_address>0x30d6</run_address>
         <size>0x1de</size>
         <input_file_ref idref="fl-4d"/>
      </object_component>
      <object_component id="oc-4c3">
         <name>.text:fcvt</name>
         <load_address>0x32b4</load_address>
         <run_address>0x32b4</run_address>
         <size>0x1c4</size>
         <input_file_ref idref="fl-4d"/>
      </object_component>
      <object_component id="oc-46b">
         <name>.text:_pconv_e</name>
         <load_address>0x3478</load_address>
         <run_address>0x3478</run_address>
         <size>0x1a6</size>
         <input_file_ref idref="fl-4d"/>
      </object_component>
      <object_component id="oc-1cc">
         <name>.text:do_tast</name>
         <load_address>0x361e</load_address>
         <run_address>0x361e</run_address>
         <size>0x17a</size>
         <input_file_ref idref="fl-6"/>
      </object_component>
      <object_component id="oc-471">
         <name>.text:_pconv_a</name>
         <load_address>0x3798</load_address>
         <run_address>0x3798</run_address>
         <size>0x174</size>
         <input_file_ref idref="fl-4d"/>
      </object_component>
      <object_component id="oc-53f">
         <name>.text:scalbn</name>
         <load_address>0x390c</load_address>
         <run_address>0x390c</run_address>
         <size>0x16a</size>
         <input_file_ref idref="fl-4f"/>
      </object_component>
      <object_component id="oc-40e">
         <name>.text:_pproc_diouxp</name>
         <load_address>0x3a76</load_address>
         <run_address>0x3a76</run_address>
         <size>0x14c</size>
         <input_file_ref idref="fl-4d"/>
      </object_component>
      <object_component id="oc-447">
         <name>.text:_ltostr</name>
         <load_address>0x3bc2</load_address>
         <run_address>0x3bc2</run_address>
         <size>0x12e</size>
         <input_file_ref idref="fl-4d"/>
      </object_component>
      <object_component id="oc-45f">
         <name>.text:_pconv_g</name>
         <load_address>0x3cf0</load_address>
         <run_address>0x3cf0</run_address>
         <size>0xf8</size>
         <input_file_ref idref="fl-4d"/>
      </object_component>
      <object_component id="oc-34e">
         <name>.text:aligned_alloc</name>
         <load_address>0x3de8</load_address>
         <run_address>0x3de8</run_address>
         <size>0xe6</size>
         <input_file_ref idref="fl-4b"/>
      </object_component>
      <object_component id="oc-3cb">
         <name>.text:_pproc_fwp</name>
         <load_address>0x3ece</load_address>
         <run_address>0x3ece</run_address>
         <size>0xe0</size>
         <input_file_ref idref="fl-4d"/>
      </object_component>
      <object_component id="oc-477">
         <name>.text:__mspabi_cmpd</name>
         <load_address>0x3fae</load_address>
         <run_address>0x3fae</run_address>
         <size>0xdc</size>
         <input_file_ref idref="fl-5d"/>
      </object_component>
      <object_component id="oc-256">
         <name>.text:display</name>
         <load_address>0x408a</load_address>
         <run_address>0x408a</run_address>
         <size>0xc8</size>
         <input_file_ref idref="fl-6"/>
      </object_component>
      <object_component id="oc-3dd">
         <name>.text:_pproc_wstr</name>
         <load_address>0x4152</load_address>
         <run_address>0x4152</run_address>
         <size>0xc4</size>
         <input_file_ref idref="fl-4d"/>
      </object_component>
      <object_component id="oc-272">
         <name>.text</name>
         <load_address>0x4216</load_address>
         <run_address>0x4216</run_address>
         <size>0xc4</size>
         <input_file_ref idref="fl-24"/>
      </object_component>
      <object_component id="oc-59d">
         <name>.text:__TI_renormd</name>
         <load_address>0x42da</load_address>
         <run_address>0x42da</run_address>
         <size>0xbe</size>
         <input_file_ref idref="fl-67"/>
      </object_component>
      <object_component id="oc-4d7">
         <name>.text:frexp</name>
         <load_address>0x4398</load_address>
         <run_address>0x4398</run_address>
         <size>0xb0</size>
         <input_file_ref idref="fl-4e"/>
      </object_component>
      <object_component id="oc-513">
         <name>.text:__mspabi_fltlid</name>
         <load_address>0x4448</load_address>
         <run_address>0x4448</run_address>
         <size>0xac</size>
         <input_file_ref idref="fl-62"/>
      </object_component>
      <object_component id="oc-3d7">
         <name>.text:_pproc_str</name>
         <load_address>0x44f4</load_address>
         <run_address>0x44f4</run_address>
         <size>0xac</size>
         <input_file_ref idref="fl-4d"/>
      </object_component>
      <object_component id="oc-4bc">
         <name>.text:_mcpy</name>
         <load_address>0x45a0</load_address>
         <run_address>0x45a0</run_address>
         <size>0x92</size>
         <input_file_ref idref="fl-4d"/>
      </object_component>
      <object_component id="oc-4b6">
         <name>.text:_ecpy</name>
         <load_address>0x4632</load_address>
         <run_address>0x4632</run_address>
         <size>0x8e</size>
         <input_file_ref idref="fl-4d"/>
      </object_component>
      <object_component id="oc-283">
         <name>.text:__mspabi_cvtdf</name>
         <load_address>0x46c0</load_address>
         <run_address>0x46c0</run_address>
         <size>0x8c</size>
         <input_file_ref idref="fl-44"/>
      </object_component>
      <object_component id="oc-50d">
         <name>.text:ltoa</name>
         <load_address>0x474c</load_address>
         <run_address>0x474c</run_address>
         <size>0x84</size>
         <input_file_ref idref="fl-6b"/>
      </object_component>
      <object_component id="oc-32">
         <name>.text:decompress:lzss:__TI_decompress_lzss</name>
         <load_address>0x47d0</load_address>
         <run_address>0x47d0</run_address>
         <size>0x7c</size>
         <input_file_ref idref="fl-43"/>
      </object_component>
      <object_component id="oc-465">
         <name>.text:_pconv_f</name>
         <load_address>0x484c</load_address>
         <run_address>0x484c</run_address>
         <size>0x7a</size>
         <input_file_ref idref="fl-4d"/>
      </object_component>
      <object_component id="oc-2c9">
         <name>.text:lcd1602_init</name>
         <load_address>0x48c6</load_address>
         <run_address>0x48c6</run_address>
         <size>0x74</size>
         <input_file_ref idref="fl-5"/>
      </object_component>
      <object_component id="oc-507">
         <name>.text:__mspabi_fixdli</name>
         <load_address>0x493a</load_address>
         <run_address>0x493a</run_address>
         <size>0x72</size>
         <input_file_ref idref="fl-60"/>
      </object_component>
      <object_component id="oc-3ae">
         <name>.text:split</name>
         <load_address>0x49ac</load_address>
         <run_address>0x49ac</run_address>
         <size>0x6e</size>
         <input_file_ref idref="fl-4b"/>
      </object_component>
      <object_component id="oc-2e4">
         <name>.text:Key_Scan</name>
         <load_address>0x4a1a</load_address>
         <run_address>0x4a1a</run_address>
         <size>0x6a</size>
         <input_file_ref idref="fl-4"/>
      </object_component>
      <object_component id="oc-1c3">
         <name>.text:SPI_Init</name>
         <load_address>0x4a84</load_address>
         <run_address>0x4a84</run_address>
         <size>0x68</size>
         <input_file_ref idref="fl-3"/>
      </object_component>
      <object_component id="oc-277">
         <name>.text:__mspabi_cvtfd</name>
         <load_address>0x4aec</load_address>
         <run_address>0x4aec</run_address>
         <size>0x68</size>
         <input_file_ref idref="fl-45"/>
      </object_component>
      <object_component id="oc-384">
         <name>.text:l_lsr_const</name>
         <load_address>0x4b54</load_address>
         <run_address>0x4b54</run_address>
         <size>0x5c</size>
         <input_file_ref idref="fl-73"/>
      </object_component>
      <object_component id="oc-497">
         <name>.text</name>
         <load_address>0x4bb0</load_address>
         <run_address>0x4bb0</run_address>
         <size>0x58</size>
         <input_file_ref idref="fl-55"/>
      </object_component>
      <object_component id="oc-400">
         <name>.text:atoi</name>
         <load_address>0x4c08</load_address>
         <run_address>0x4c08</run_address>
         <size>0x52</size>
         <input_file_ref idref="fl-69"/>
      </object_component>
      <object_component id="oc-4c9">
         <name>.text:_fcpy</name>
         <load_address>0x4c5a</load_address>
         <run_address>0x4c5a</run_address>
         <size>0x4e</size>
         <input_file_ref idref="fl-4d"/>
      </object_component>
      <object_component id="oc-df">
         <name>.text</name>
         <load_address>0x4ca8</load_address>
         <run_address>0x4ca8</run_address>
         <size>0x4c</size>
         <input_file_ref idref="fl-58"/>
      </object_component>
      <object_component id="oc-4a1">
         <name>.text:__mspabi_srlll</name>
         <load_address>0x4cf4</load_address>
         <run_address>0x4cf4</run_address>
         <size>0x46</size>
         <input_file_ref idref="fl-5a"/>
      </object_component>
      <object_component id="oc-4f0">
         <name>.text:__mspabi_sllll</name>
         <load_address>0x4d3a</load_address>
         <run_address>0x4d3a</run_address>
         <size>0x44</size>
         <input_file_ref idref="fl-75"/>
      </object_component>
      <object_component id="oc-1e4">
         <name>.text:__TI_auto_init_nobinit_nopinit:__TI_auto_init_nobinit_nopinit</name>
         <load_address>0x4d7e</load_address>
         <run_address>0x4d7e</run_address>
         <size>0x42</size>
         <input_file_ref idref="fl-3c"/>
      </object_component>
      <object_component id="oc-557">
         <name>.text</name>
         <load_address>0x4dc0</load_address>
         <run_address>0x4dc0</run_address>
         <size>0x40</size>
         <input_file_ref idref="fl-72"/>
      </object_component>
      <object_component id="oc-306">
         <name>.text:l_asr_const</name>
         <load_address>0x4e00</load_address>
         <run_address>0x4e00</run_address>
         <size>0x3e</size>
         <input_file_ref idref="fl-53"/>
      </object_component>
      <object_component id="oc-31f">
         <name>.text:l_lsl_const</name>
         <load_address>0x4e3e</load_address>
         <run_address>0x4e3e</run_address>
         <size>0x3e</size>
         <input_file_ref idref="fl-57"/>
      </object_component>
      <object_component id="oc-16d">
         <name>.text:main</name>
         <load_address>0x4e7c</load_address>
         <run_address>0x4e7c</run_address>
         <size>0x3c</size>
         <input_file_ref idref="fl-6"/>
      </object_component>
      <object_component id="oc-2ef">
         <name>.text:sprintf</name>
         <load_address>0x4eb8</load_address>
         <run_address>0x4eb8</run_address>
         <size>0x38</size>
         <input_file_ref idref="fl-21"/>
      </object_component>
      <object_component id="oc-26d">
         <name>.text</name>
         <load_address>0x4ef0</load_address>
         <run_address>0x4ef0</run_address>
         <size>0x36</size>
         <input_file_ref idref="fl-23"/>
      </object_component>
      <object_component id="oc-1a4">
         <name>.text:SYSTEM_INIT</name>
         <load_address>0x4f26</load_address>
         <run_address>0x4f26</run_address>
         <size>0x34</size>
         <input_file_ref idref="fl-6"/>
      </object_component>
      <object_component id="oc-1b0">
         <name>.text:GPIO_INIT</name>
         <load_address>0x4f5a</load_address>
         <run_address>0x4f5a</run_address>
         <size>0x32</size>
         <input_file_ref idref="fl-6"/>
      </object_component>
      <object_component id="oc-35c">
         <name>.text:_lcd1602_write_byte</name>
         <load_address>0x4f8c</load_address>
         <run_address>0x4f8c</run_address>
         <size>0x30</size>
         <input_file_ref idref="fl-5"/>
      </object_component>
      <object_component id="oc-355">
         <name>.text:_lcd1602_write_com</name>
         <load_address>0x4fbc</load_address>
         <run_address>0x4fbc</run_address>
         <size>0x30</size>
         <input_file_ref idref="fl-5"/>
      </object_component>
      <object_component id="oc-519">
         <name>.text:__mspabi_subd</name>
         <load_address>0x4fec</load_address>
         <run_address>0x4fec</run_address>
         <size>0x2e</size>
         <input_file_ref idref="fl-68"/>
      </object_component>
      <object_component id="oc-574">
         <name>.text:copysign</name>
         <load_address>0x501a</load_address>
         <run_address>0x501a</run_address>
         <size>0x2e</size>
         <input_file_ref idref="fl-51"/>
      </object_component>
      <object_component id="oc-23a">
         <name>.text:lcd1602_new_dev</name>
         <load_address>0x5048</load_address>
         <run_address>0x5048</run_address>
         <size>0x2e</size>
         <input_file_ref idref="fl-5"/>
      </object_component>
      <object_component id="oc-37f">
         <name>.text</name>
         <load_address>0x5076</load_address>
         <run_address>0x5076</run_address>
         <size>0x2e</size>
         <input_file_ref idref="fl-38"/>
      </object_component>
      <object_component id="oc-2cf">
         <name>.text:lcd1602_write_str</name>
         <load_address>0x50a4</load_address>
         <run_address>0x50a4</run_address>
         <size>0x2c</size>
         <input_file_ref idref="fl-5"/>
      </object_component>
      <object_component id="oc-301">
         <name>.text</name>
         <load_address>0x50d0</load_address>
         <run_address>0x50d0</run_address>
         <size>0x2c</size>
         <input_file_ref idref="fl-52"/>
      </object_component>
      <object_component id="oc-da">
         <name>.text</name>
         <load_address>0x50fc</load_address>
         <run_address>0x50fc</run_address>
         <size>0x2c</size>
         <input_file_ref idref="fl-56"/>
      </object_component>
      <object_component id="oc-459">
         <name>.text:__mspabi_negd</name>
         <load_address>0x5128</load_address>
         <run_address>0x5128</run_address>
         <size>0x2a</size>
         <input_file_ref idref="fl-66"/>
      </object_component>
      <object_component id="oc-1bd">
         <name>.text:ADC_Init</name>
         <load_address>0x5152</load_address>
         <run_address>0x5152</run_address>
         <size>0x28</size>
         <input_file_ref idref="fl-2"/>
      </object_component>
      <object_component id="oc-51f">
         <name>.text:__mspabi_fixdi</name>
         <load_address>0x517a</load_address>
         <run_address>0x517a</run_address>
         <size>0x28</size>
         <input_file_ref idref="fl-5f"/>
      </object_component>
      <object_component id="oc-3a8">
         <name>.text:free_list_insert</name>
         <load_address>0x51a2</load_address>
         <run_address>0x51a2</run_address>
         <size>0x28</size>
         <input_file_ref idref="fl-4b"/>
      </object_component>
      <object_component id="oc-251">
         <name>.text</name>
         <load_address>0x51ca</load_address>
         <run_address>0x51ca</run_address>
         <size>0x24</size>
         <input_file_ref idref="fl-25"/>
      </object_component>
      <object_component id="oc-2d5">
         <name>.text:lcd1602_write_char</name>
         <load_address>0x51ee</load_address>
         <run_address>0x51ee</run_address>
         <size>0x22</size>
         <input_file_ref idref="fl-5"/>
      </object_component>
      <object_component id="oc-261">
         <name>.text:da_out</name>
         <load_address>0x5210</load_address>
         <run_address>0x5210</run_address>
         <size>0x20</size>
         <input_file_ref idref="fl-3"/>
      </object_component>
      <object_component id="oc-118">
         <name>.text:_c_int00_noargs</name>
         <load_address>0x5230</load_address>
         <run_address>0x5230</run_address>
         <size>0x1c</size>
         <input_file_ref idref="fl-3b"/>
      </object_component>
      <object_component id="oc-3a2">
         <name>.text:free_list_remove</name>
         <load_address>0x524c</load_address>
         <run_address>0x524c</run_address>
         <size>0x1c</size>
         <input_file_ref idref="fl-4b"/>
      </object_component>
      <object_component id="oc-366">
         <name>.text:_outs</name>
         <load_address>0x5268</load_address>
         <run_address>0x5268</run_address>
         <size>0x1a</size>
         <input_file_ref idref="fl-21"/>
      </object_component>
      <object_component id="oc-41a">
         <name>.text:memccpy</name>
         <load_address>0x5282</load_address>
         <run_address>0x5282</run_address>
         <size>0x1a</size>
         <input_file_ref idref="fl-6c"/>
      </object_component>
      <object_component id="oc-545">
         <name>.text:strchr</name>
         <load_address>0x529c</load_address>
         <run_address>0x529c</run_address>
         <size>0x1a</size>
         <input_file_ref idref="fl-6d"/>
      </object_component>
      <object_component id="oc-49c">
         <name>.text</name>
         <load_address>0x52b6</load_address>
         <run_address>0x52b6</run_address>
         <size>0x16</size>
         <input_file_ref idref="fl-54"/>
      </object_component>
      <object_component id="oc-106">
         <name>.text:decompress:ZI:__TI_zero_init_nomemset:__TI_zero_init_nomemset</name>
         <load_address>0x52cc</load_address>
         <run_address>0x52cc</run_address>
         <size>0x14</size>
         <input_file_ref idref="fl-3d"/>
      </object_component>
      <object_component id="oc-2db">
         <name>.text:lcd1602_lcd_clear</name>
         <load_address>0x52e0</load_address>
         <run_address>0x52e0</run_address>
         <size>0x14</size>
         <input_file_ref idref="fl-5"/>
      </object_component>
      <object_component id="oc-407">
         <name>.text:memset</name>
         <load_address>0x52f4</load_address>
         <run_address>0x52f4</run_address>
         <size>0x14</size>
         <input_file_ref idref="fl-4c"/>
      </object_component>
      <object_component id="oc-25c">
         <name>.text</name>
         <load_address>0x5308</load_address>
         <run_address>0x5308</run_address>
         <size>0x14</size>
         <input_file_ref idref="fl-36"/>
      </object_component>
      <object_component id="oc-2f7">
         <name>.text:spiSendByte</name>
         <load_address>0x531c</load_address>
         <run_address>0x531c</run_address>
         <size>0x14</size>
         <input_file_ref idref="fl-3"/>
      </object_component>
      <object_component id="oc-422">
         <name>.text:wcslen</name>
         <load_address>0x5330</load_address>
         <run_address>0x5330</run_address>
         <size>0x14</size>
         <input_file_ref idref="fl-50"/>
      </object_component>
      <object_component id="oc-36c">
         <name>.text:_outc</name>
         <load_address>0x5344</load_address>
         <run_address>0x5344</run_address>
         <size>0x12</size>
         <input_file_ref idref="fl-21"/>
      </object_component>
      <object_component id="oc-38">
         <name>.text:decompress:none:__TI_decompress_none</name>
         <load_address>0x5356</load_address>
         <run_address>0x5356</run_address>
         <size>0x12</size>
         <input_file_ref idref="fl-42"/>
      </object_component>
      <object_component id="oc-4f6">
         <name>.text:l_lsr</name>
         <load_address>0x5368</load_address>
         <run_address>0x5368</run_address>
         <size>0x12</size>
         <input_file_ref idref="fl-73"/>
      </object_component>
      <object_component id="oc-f4">
         <name>.text:memcpy</name>
         <load_address>0x537a</load_address>
         <run_address>0x537a</run_address>
         <size>0x12</size>
         <input_file_ref idref="fl-4a"/>
      </object_component>
      <object_component id="oc-267">
         <name>.text:adc_get</name>
         <load_address>0x538c</load_address>
         <run_address>0x538c</run_address>
         <size>0x10</size>
         <input_file_ref idref="fl-6"/>
      </object_component>
      <object_component id="oc-598">
         <name>.text:l_asr</name>
         <load_address>0x539c</load_address>
         <run_address>0x539c</run_address>
         <size>0x10</size>
         <input_file_ref idref="fl-53"/>
      </object_component>
      <object_component id="oc-593">
         <name>.text:l_lsl</name>
         <load_address>0x53ac</load_address>
         <run_address>0x53ac</run_address>
         <size>0x10</size>
         <input_file_ref idref="fl-57"/>
      </object_component>
      <object_component id="oc-e4">
         <name>.text</name>
         <load_address>0x53bc</load_address>
         <run_address>0x53bc</run_address>
         <size>0x10</size>
         <input_file_ref idref="fl-22"/>
      </object_component>
      <object_component id="oc-3c5">
         <name>.text:strlen</name>
         <load_address>0x53cc</load_address>
         <run_address>0x53cc</run_address>
         <size>0xe</size>
         <input_file_ref idref="fl-6e"/>
      </object_component>
      <object_component id="oc-230">
         <name>.text:KeyPort_init</name>
         <load_address>0x53da</load_address>
         <run_address>0x53da</run_address>
         <size>0xc</size>
         <input_file_ref idref="fl-4"/>
      </object_component>
      <object_component id="oc-54b">
         <name>.text:__mspabi_fltid</name>
         <load_address>0x53e6</load_address>
         <run_address>0x53e6</run_address>
         <size>0xc</size>
         <input_file_ref idref="fl-61"/>
      </object_component>
      <object_component id="oc-453">
         <name>.text:toupper</name>
         <load_address>0x53f2</load_address>
         <run_address>0x53f2</run_address>
         <size>0xc</size>
         <input_file_ref idref="fl-6f"/>
      </object_component>
      <object_component id="oc-526">
         <name>.text:abs</name>
         <load_address>0x53fe</load_address>
         <run_address>0x53fe</run_address>
         <size>0xa</size>
         <input_file_ref idref="fl-71"/>
      </object_component>
      <object_component id="oc-1aa">
         <name>.text:WDT_Init</name>
         <load_address>0x5408</load_address>
         <run_address>0x5408</run_address>
         <size>0x8</size>
         <input_file_ref idref="fl-6"/>
      </object_component>
      <object_component id="oc-101">
         <name>.text:_isr:__TI_ISR_TRAP</name>
         <load_address>0x5410</load_address>
         <run_address>0x5410</run_address>
         <size>0x8</size>
         <input_file_ref idref="fl-34"/>
      </object_component>
      <object_component id="oc-2c3">
         <name>.text:malloc</name>
         <load_address>0x5418</load_address>
         <run_address>0x5418</run_address>
         <size>0x8</size>
         <input_file_ref idref="fl-4b"/>
      </object_component>
      <object_component id="oc-3b5">
         <name>.text:_lcd1602_hw_gpio_clr</name>
         <load_address>0x5420</load_address>
         <run_address>0x5420</run_address>
         <size>0x6</size>
         <input_file_ref idref="fl-5"/>
      </object_component>
      <object_component id="oc-3bb">
         <name>.text:_lcd1602_hw_gpio_set</name>
         <load_address>0x5426</load_address>
         <run_address>0x5426</run_address>
         <size>0x6</size>
         <input_file_ref idref="fl-5"/>
      </object_component>
      <object_component id="oc-1d8">
         <name>.text:abort</name>
         <load_address>0x542c</load_address>
         <run_address>0x542c</run_address>
         <size>0x6</size>
         <input_file_ref idref="fl-47"/>
      </object_component>
      <object_component id="oc-1b6">
         <name>.text:key_init</name>
         <load_address>0x5432</load_address>
         <run_address>0x5432</run_address>
         <size>0x6</size>
         <input_file_ref idref="fl-4"/>
      </object_component>
      <object_component id="oc-244">
         <name>.text:key_scan</name>
         <load_address>0x5438</load_address>
         <run_address>0x5438</run_address>
         <size>0x6</size>
         <input_file_ref idref="fl-4"/>
      </object_component>
      <object_component id="oc-167">
         <name>.text:_system_pre_init</name>
         <load_address>0x543e</load_address>
         <run_address>0x543e</run_address>
         <size>0x4</size>
         <input_file_ref idref="fl-40"/>
      </object_component>
      <object_component id="oc-328">
         <name>.text:_nop</name>
         <load_address>0x5442</load_address>
         <run_address>0x5442</run_address>
         <size>0x2</size>
         <input_file_ref idref="fl-48"/>
      </object_component>
      <object_component id="oc-29c">
         <name>.text:_system_post_cinit</name>
         <load_address>0x5444</load_address>
         <run_address>0x5444</run_address>
         <size>0x2</size>
         <input_file_ref idref="fl-41"/>
      </object_component>
      <object_component id="oc-5ee">
         <name>.cinit..data.load</name>
         <load_address>0x5596</load_address>
         <run_address>0x5596</run_address>
         <size>0xd</size>
      </object_component>
      <object_component id="oc-5eb">
         <name>__TI_handler_table</name>
         <load_address>0x55a4</load_address>
         <run_address>0x55a4</run_address>
         <size>0x6</size>
      </object_component>
      <object_component id="oc-5ed">
         <name>.cinit..bss.load</name>
         <load_address>0x55aa</load_address>
         <run_address>0x55aa</run_address>
         <size>0x4</size>
      </object_component>
      <object_component id="oc-5ec">
         <name>__TI_cinit_table</name>
         <load_address>0x55ae</load_address>
         <run_address>0x55ae</run_address>
         <size>0x8</size>
      </object_component>
      <object_component id="oc-43a">
         <name>.const:.string:_ctypes_</name>
         <load_address>0x5446</load_address>
         <run_address>0x5446</run_address>
         <size>0x101</size>
         <input_file_ref idref="fl-6a"/>
      </object_component>
      <object_component id="oc-243">
         <name>.const:.string</name>
         <load_address>0x5548</load_address>
         <run_address>0x5548</run_address>
         <size>0x28</size>
         <input_file_ref idref="fl-6"/>
      </object_component>
      <object_component id="oc-40d">
         <name>.const:.string</name>
         <load_address>0x5570</load_address>
         <run_address>0x5570</run_address>
         <size>0x26</size>
         <input_file_ref idref="fl-4d"/>
      </object_component>
      <object_component id="oc-5b0">
         <name>.binit</name>
         <load_address>0x1100</load_address>
         <run_address>0x1100</run_address>
         <size>0x0</size>
      </object_component>
      <object_component id="oc-3e">
         <name>.int01</name>
         <load_address>0xffe2</load_address>
         <run_address>0xffe2</run_address>
         <size>0x2</size>
         <input_file_ref idref="fl-26"/>
      </object_component>
      <object_component id="oc-3f">
         <name>.int02</name>
         <load_address>0xffe4</load_address>
         <run_address>0xffe4</run_address>
         <size>0x2</size>
         <input_file_ref idref="fl-27"/>
      </object_component>
      <object_component id="oc-40">
         <name>.int03</name>
         <load_address>0xffe6</load_address>
         <run_address>0xffe6</run_address>
         <size>0x2</size>
         <input_file_ref idref="fl-28"/>
      </object_component>
      <object_component id="oc-41">
         <name>.int04</name>
         <load_address>0xffe8</load_address>
         <run_address>0xffe8</run_address>
         <size>0x2</size>
         <input_file_ref idref="fl-29"/>
      </object_component>
      <object_component id="oc-42">
         <name>.int05</name>
         <load_address>0xffea</load_address>
         <run_address>0xffea</run_address>
         <size>0x2</size>
         <input_file_ref idref="fl-2a"/>
      </object_component>
      <object_component id="oc-43">
         <name>.int06</name>
         <load_address>0xffec</load_address>
         <run_address>0xffec</run_address>
         <size>0x2</size>
         <input_file_ref idref="fl-2b"/>
      </object_component>
      <object_component id="oc-44">
         <name>.int07</name>
         <load_address>0xffee</load_address>
         <run_address>0xffee</run_address>
         <size>0x2</size>
         <input_file_ref idref="fl-2c"/>
      </object_component>
      <object_component id="oc-45">
         <name>.int08</name>
         <load_address>0xfff0</load_address>
         <run_address>0xfff0</run_address>
         <size>0x2</size>
         <input_file_ref idref="fl-2d"/>
      </object_component>
      <object_component id="oc-46">
         <name>.int09</name>
         <load_address>0xfff2</load_address>
         <run_address>0xfff2</run_address>
         <size>0x2</size>
         <input_file_ref idref="fl-2e"/>
      </object_component>
      <object_component id="oc-47">
         <name>.int10</name>
         <load_address>0xfff4</load_address>
         <run_address>0xfff4</run_address>
         <size>0x2</size>
         <input_file_ref idref="fl-2f"/>
      </object_component>
      <object_component id="oc-48">
         <name>.int11</name>
         <load_address>0xfff6</load_address>
         <run_address>0xfff6</run_address>
         <size>0x2</size>
         <input_file_ref idref="fl-30"/>
      </object_component>
      <object_component id="oc-49">
         <name>.int12</name>
         <load_address>0xfff8</load_address>
         <run_address>0xfff8</run_address>
         <size>0x2</size>
         <input_file_ref idref="fl-31"/>
      </object_component>
      <object_component id="oc-4a">
         <name>.int13</name>
         <load_address>0xfffa</load_address>
         <run_address>0xfffa</run_address>
         <size>0x2</size>
         <input_file_ref idref="fl-32"/>
      </object_component>
      <object_component id="oc-4b">
         <name>.int14</name>
         <load_address>0xfffc</load_address>
         <run_address>0xfffc</run_address>
         <size>0x2</size>
         <input_file_ref idref="fl-33"/>
      </object_component>
      <object_component id="oc-d6">
         <name>.reset</name>
         <load_address>0xfffe</load_address>
         <run_address>0xfffe</run_address>
         <size>0x2</size>
         <input_file_ref idref="fl-3b"/>
      </object_component>
      <object_component id="oc-1ca">
         <name>.debug_info</name>
         <load_address>0x0</load_address>
         <run_address>0x0</run_address>
         <size>0xf6</size>
         <input_file_ref idref="fl-2"/>
      </object_component>
      <object_component id="oc-1be">
         <name>.debug_info</name>
         <load_address>0xf6</load_address>
         <run_address>0xf6</run_address>
         <size>0x115</size>
         <input_file_ref idref="fl-2"/>
      </object_component>
      <object_component id="oc-1d3">
         <name>.debug_info</name>
         <load_address>0x20b</load_address>
         <run_address>0x20b</run_address>
         <size>0x8b</size>
         <input_file_ref idref="fl-2"/>
      </object_component>
      <object_component id="oc-2f9">
         <name>.debug_info</name>
         <load_address>0x296</load_address>
         <run_address>0x296</run_address>
         <size>0x146</size>
         <input_file_ref idref="fl-3"/>
      </object_component>
      <object_component id="oc-265">
         <name>.debug_info</name>
         <load_address>0x3dc</load_address>
         <run_address>0x3dc</run_address>
         <size>0x15c</size>
         <input_file_ref idref="fl-3"/>
      </object_component>
      <object_component id="oc-1c7">
         <name>.debug_info</name>
         <load_address>0x538</load_address>
         <run_address>0x538</run_address>
         <size>0x11e</size>
         <input_file_ref idref="fl-3"/>
      </object_component>
      <object_component id="oc-ef">
         <name>.debug_info</name>
         <load_address>0x656</load_address>
         <run_address>0x656</run_address>
         <size>0x84</size>
         <input_file_ref idref="fl-3"/>
      </object_component>
      <object_component id="oc-24c">
         <name>.debug_info</name>
         <load_address>0x6da</load_address>
         <run_address>0x6da</run_address>
         <size>0x1d5</size>
         <input_file_ref idref="fl-4"/>
      </object_component>
      <object_component id="oc-246">
         <name>.debug_info</name>
         <load_address>0x8af</load_address>
         <run_address>0x8af</run_address>
         <size>0x128</size>
         <input_file_ref idref="fl-4"/>
      </object_component>
      <object_component id="oc-1b7">
         <name>.debug_info</name>
         <load_address>0x9d7</load_address>
         <run_address>0x9d7</run_address>
         <size>0x128</size>
         <input_file_ref idref="fl-4"/>
      </object_component>
      <object_component id="oc-2e7">
         <name>.debug_info</name>
         <load_address>0xaff</load_address>
         <run_address>0xaff</run_address>
         <size>0x153</size>
         <input_file_ref idref="fl-4"/>
      </object_component>
      <object_component id="oc-232">
         <name>.debug_info</name>
         <load_address>0xc52</load_address>
         <run_address>0xc52</run_address>
         <size>0x11d</size>
         <input_file_ref idref="fl-4"/>
      </object_component>
      <object_component id="oc-241">
         <name>.debug_info</name>
         <load_address>0xd6f</load_address>
         <run_address>0xd6f</run_address>
         <size>0x224</size>
         <input_file_ref idref="fl-5"/>
      </object_component>
      <object_component id="oc-3b7">
         <name>.debug_info</name>
         <load_address>0xf93</load_address>
         <run_address>0xf93</run_address>
         <size>0x15a</size>
         <input_file_ref idref="fl-5"/>
      </object_component>
      <object_component id="oc-3bc">
         <name>.debug_info</name>
         <load_address>0x10ed</load_address>
         <run_address>0x10ed</run_address>
         <size>0x15a</size>
         <input_file_ref idref="fl-5"/>
      </object_component>
      <object_component id="oc-357">
         <name>.debug_info</name>
         <load_address>0x1247</load_address>
         <run_address>0x1247</run_address>
         <size>0x1be</size>
         <input_file_ref idref="fl-5"/>
      </object_component>
      <object_component id="oc-35d">
         <name>.debug_info</name>
         <load_address>0x1405</load_address>
         <run_address>0x1405</run_address>
         <size>0x1c4</size>
         <input_file_ref idref="fl-5"/>
      </object_component>
      <object_component id="oc-2d0">
         <name>.debug_info</name>
         <load_address>0x15c9</load_address>
         <run_address>0x15c9</run_address>
         <size>0x1d2</size>
         <input_file_ref idref="fl-5"/>
      </object_component>
      <object_component id="oc-2d6">
         <name>.debug_info</name>
         <load_address>0x179b</load_address>
         <run_address>0x179b</run_address>
         <size>0x1d4</size>
         <input_file_ref idref="fl-5"/>
      </object_component>
      <object_component id="oc-2dd">
         <name>.debug_info</name>
         <load_address>0x196f</load_address>
         <run_address>0x196f</run_address>
         <size>0x15d</size>
         <input_file_ref idref="fl-5"/>
      </object_component>
      <object_component id="oc-2ca">
         <name>.debug_info</name>
         <load_address>0x1acc</load_address>
         <run_address>0x1acc</run_address>
         <size>0x1c8</size>
         <input_file_ref idref="fl-5"/>
      </object_component>
      <object_component id="oc-23c">
         <name>.debug_info</name>
         <load_address>0x1c94</load_address>
         <run_address>0x1c94</run_address>
         <size>0x156</size>
         <input_file_ref idref="fl-5"/>
      </object_component>
      <object_component id="oc-21e">
         <name>.debug_info</name>
         <load_address>0x1dea</load_address>
         <run_address>0x1dea</run_address>
         <size>0x26b</size>
         <input_file_ref idref="fl-5"/>
      </object_component>
      <object_component id="oc-2bd">
         <name>.debug_info</name>
         <load_address>0x2055</load_address>
         <run_address>0x2055</run_address>
         <size>0x275</size>
         <input_file_ref idref="fl-5"/>
      </object_component>
      <object_component id="oc-219">
         <name>.debug_info</name>
         <load_address>0x22ca</load_address>
         <run_address>0x22ca</run_address>
         <size>0xbb</size>
         <input_file_ref idref="fl-5"/>
      </object_component>
      <object_component id="oc-228">
         <name>.debug_info</name>
         <load_address>0x2385</load_address>
         <run_address>0x2385</run_address>
         <size>0x110</size>
         <input_file_ref idref="fl-5"/>
      </object_component>
      <object_component id="oc-1a2">
         <name>.debug_info</name>
         <load_address>0x2495</load_address>
         <run_address>0x2495</run_address>
         <size>0x6f1</size>
         <input_file_ref idref="fl-6"/>
      </object_component>
      <object_component id="oc-24f">
         <name>.debug_info</name>
         <load_address>0x2b86</load_address>
         <run_address>0x2b86</run_address>
         <size>0x1dc</size>
         <input_file_ref idref="fl-6"/>
      </object_component>
      <object_component id="oc-1a5">
         <name>.debug_info</name>
         <load_address>0x2d62</load_address>
         <run_address>0x2d62</run_address>
         <size>0x129</size>
         <input_file_ref idref="fl-6"/>
      </object_component>
      <object_component id="oc-1ab">
         <name>.debug_info</name>
         <load_address>0x2e8b</load_address>
         <run_address>0x2e8b</run_address>
         <size>0x118</size>
         <input_file_ref idref="fl-6"/>
      </object_component>
      <object_component id="oc-1b1">
         <name>.debug_info</name>
         <load_address>0x2fa3</load_address>
         <run_address>0x2fa3</run_address>
         <size>0x11a</size>
         <input_file_ref idref="fl-6"/>
      </object_component>
      <object_component id="oc-1cd">
         <name>.debug_info</name>
         <load_address>0x30bd</load_address>
         <run_address>0x30bd</run_address>
         <size>0x294</size>
         <input_file_ref idref="fl-6"/>
      </object_component>
      <object_component id="oc-16e">
         <name>.debug_info</name>
         <load_address>0x3351</load_address>
         <run_address>0x3351</run_address>
         <size>0x180</size>
         <input_file_ref idref="fl-6"/>
      </object_component>
      <object_component id="oc-257">
         <name>.debug_info</name>
         <load_address>0x34d1</load_address>
         <run_address>0x34d1</run_address>
         <size>0x1dc</size>
         <input_file_ref idref="fl-6"/>
      </object_component>
      <object_component id="oc-268">
         <name>.debug_info</name>
         <load_address>0x36ad</load_address>
         <run_address>0x36ad</run_address>
         <size>0x129</size>
         <input_file_ref idref="fl-6"/>
      </object_component>
      <object_component id="oc-3e5">
         <name>.debug_info</name>
         <load_address>0x37d6</load_address>
         <run_address>0x37d6</run_address>
         <size>0x2c</size>
         <input_file_ref idref="fl-6"/>
      </object_component>
      <object_component id="oc-223">
         <name>.debug_info</name>
         <load_address>0x3802</load_address>
         <run_address>0x3802</run_address>
         <size>0x76</size>
         <input_file_ref idref="fl-6"/>
      </object_component>
      <object_component id="oc-379">
         <name>.debug_info</name>
         <load_address>0x3878</load_address>
         <run_address>0x3878</run_address>
         <size>0x20f</size>
         <input_file_ref idref="fl-21"/>
      </object_component>
      <object_component id="oc-2f0">
         <name>.debug_info</name>
         <load_address>0x3a87</load_address>
         <run_address>0x3a87</run_address>
         <size>0x1c6</size>
         <input_file_ref idref="fl-21"/>
      </object_component>
      <object_component id="oc-367">
         <name>.debug_info</name>
         <load_address>0x3c4d</load_address>
         <run_address>0x3c4d</run_address>
         <size>0x19c</size>
         <input_file_ref idref="fl-21"/>
      </object_component>
      <object_component id="oc-36f">
         <name>.debug_info</name>
         <load_address>0x3de9</load_address>
         <run_address>0x3de9</run_address>
         <size>0x171</size>
         <input_file_ref idref="fl-21"/>
      </object_component>
      <object_component id="oc-42e">
         <name>.debug_info</name>
         <load_address>0x3f5a</load_address>
         <run_address>0x3f5a</run_address>
         <size>0x2c</size>
         <input_file_ref idref="fl-21"/>
      </object_component>
      <object_component id="oc-e5">
         <name>.debug_info</name>
         <load_address>0x3f86</load_address>
         <run_address>0x3f86</run_address>
         <size>0x132</size>
         <input_file_ref idref="fl-22"/>
      </object_component>
      <object_component id="oc-26e">
         <name>.debug_info</name>
         <load_address>0x40b8</load_address>
         <run_address>0x40b8</run_address>
         <size>0x12e</size>
         <input_file_ref idref="fl-23"/>
      </object_component>
      <object_component id="oc-275">
         <name>.debug_info</name>
         <load_address>0x41e6</load_address>
         <run_address>0x41e6</run_address>
         <size>0x125</size>
         <input_file_ref idref="fl-24"/>
      </object_component>
      <object_component id="oc-253">
         <name>.debug_info</name>
         <load_address>0x430b</load_address>
         <run_address>0x430b</run_address>
         <size>0x128</size>
         <input_file_ref idref="fl-25"/>
      </object_component>
      <object_component id="oc-103">
         <name>.debug_info</name>
         <load_address>0x4433</load_address>
         <run_address>0x4433</run_address>
         <size>0x113</size>
         <input_file_ref idref="fl-34"/>
      </object_component>
      <object_component id="oc-25e">
         <name>.debug_info</name>
         <load_address>0x4546</load_address>
         <run_address>0x4546</run_address>
         <size>0x123</size>
         <input_file_ref idref="fl-36"/>
      </object_component>
      <object_component id="oc-382">
         <name>.debug_info</name>
         <load_address>0x4669</load_address>
         <run_address>0x4669</run_address>
         <size>0x123</size>
         <input_file_ref idref="fl-38"/>
      </object_component>
      <object_component id="oc-d4">
         <name>.debug_info</name>
         <load_address>0x478c</load_address>
         <run_address>0x478c</run_address>
         <size>0x104</size>
         <input_file_ref idref="fl-3b"/>
      </object_component>
      <object_component id="oc-119">
         <name>.debug_info</name>
         <load_address>0x4890</load_address>
         <run_address>0x4890</run_address>
         <size>0x17e</size>
         <input_file_ref idref="fl-3b"/>
      </object_component>
      <object_component id="oc-2a3">
         <name>.debug_info</name>
         <load_address>0x4a0e</load_address>
         <run_address>0x4a0e</run_address>
         <size>0x3e2</size>
         <input_file_ref idref="fl-3c"/>
      </object_component>
      <object_component id="oc-1e7">
         <name>.debug_info</name>
         <load_address>0x4df0</load_address>
         <run_address>0x4df0</run_address>
         <size>0x1e4</size>
         <input_file_ref idref="fl-3c"/>
      </object_component>
      <object_component id="oc-33d">
         <name>.debug_info</name>
         <load_address>0x4fd4</load_address>
         <run_address>0x4fd4</run_address>
         <size>0x39</size>
         <input_file_ref idref="fl-3c"/>
      </object_component>
      <object_component id="oc-349">
         <name>.debug_info</name>
         <load_address>0x500d</load_address>
         <run_address>0x500d</run_address>
         <size>0x2c</size>
         <input_file_ref idref="fl-3c"/>
      </object_component>
      <object_component id="oc-2ae">
         <name>.debug_info</name>
         <load_address>0x5039</load_address>
         <run_address>0x5039</run_address>
         <size>0x2c</size>
         <input_file_ref idref="fl-3c"/>
      </object_component>
      <object_component id="oc-342">
         <name>.debug_info</name>
         <load_address>0x5065</load_address>
         <run_address>0x5065</run_address>
         <size>0xcd</size>
         <input_file_ref idref="fl-3c"/>
      </object_component>
      <object_component id="oc-165">
         <name>.debug_info</name>
         <load_address>0x5132</load_address>
         <run_address>0x5132</run_address>
         <size>0x179</size>
         <input_file_ref idref="fl-3d"/>
      </object_component>
      <object_component id="oc-107">
         <name>.debug_info</name>
         <load_address>0x52ab</load_address>
         <run_address>0x52ab</run_address>
         <size>0x1d6</size>
         <input_file_ref idref="fl-3d"/>
      </object_component>
      <object_component id="oc-160">
         <name>.debug_info</name>
         <load_address>0x5481</load_address>
         <run_address>0x5481</run_address>
         <size>0x46</size>
         <input_file_ref idref="fl-3d"/>
      </object_component>
      <object_component id="oc-152">
         <name>.debug_info</name>
         <load_address>0x54c7</load_address>
         <run_address>0x54c7</run_address>
         <size>0x2c</size>
         <input_file_ref idref="fl-3d"/>
      </object_component>
      <object_component id="oc-16a">
         <name>.debug_info</name>
         <load_address>0x54f3</load_address>
         <run_address>0x54f3</run_address>
         <size>0x157</size>
         <input_file_ref idref="fl-40"/>
      </object_component>
      <object_component id="oc-29f">
         <name>.debug_info</name>
         <load_address>0x564a</load_address>
         <run_address>0x564a</run_address>
         <size>0x154</size>
         <input_file_ref idref="fl-41"/>
      </object_component>
      <object_component id="oc-100">
         <name>.debug_info</name>
         <load_address>0x579e</load_address>
         <run_address>0x579e</run_address>
         <size>0x184</size>
         <input_file_ref idref="fl-42"/>
      </object_component>
      <object_component id="oc-3b">
         <name>.debug_info</name>
         <load_address>0x5922</load_address>
         <run_address>0x5922</run_address>
         <size>0x1ee</size>
         <input_file_ref idref="fl-42"/>
      </object_component>
      <object_component id="oc-fb">
         <name>.debug_info</name>
         <load_address>0x5b10</load_address>
         <run_address>0x5b10</run_address>
         <size>0x46</size>
         <input_file_ref idref="fl-42"/>
      </object_component>
      <object_component id="oc-157">
         <name>.debug_info</name>
         <load_address>0x5b56</load_address>
         <run_address>0x5b56</run_address>
         <size>0x2c</size>
         <input_file_ref idref="fl-42"/>
      </object_component>
      <object_component id="oc-14f">
         <name>.debug_info</name>
         <load_address>0x5b82</load_address>
         <run_address>0x5b82</run_address>
         <size>0x17a</size>
         <input_file_ref idref="fl-43"/>
      </object_component>
      <object_component id="oc-34">
         <name>.debug_info</name>
         <load_address>0x5cfc</load_address>
         <run_address>0x5cfc</run_address>
         <size>0x296</size>
         <input_file_ref idref="fl-43"/>
      </object_component>
      <object_component id="oc-ea">
         <name>.debug_info</name>
         <load_address>0x5f92</load_address>
         <run_address>0x5f92</run_address>
         <size>0x60</size>
         <input_file_ref idref="fl-43"/>
      </object_component>
      <object_component id="oc-195">
         <name>.debug_info</name>
         <load_address>0x5ff2</load_address>
         <run_address>0x5ff2</run_address>
         <size>0x46</size>
         <input_file_ref idref="fl-43"/>
      </object_component>
      <object_component id="oc-14a">
         <name>.debug_info</name>
         <load_address>0x6038</load_address>
         <run_address>0x6038</run_address>
         <size>0x39</size>
         <input_file_ref idref="fl-43"/>
      </object_component>
      <object_component id="oc-325">
         <name>.debug_info</name>
         <load_address>0x6071</load_address>
         <run_address>0x6071</run_address>
         <size>0x169</size>
         <input_file_ref idref="fl-44"/>
[...]
         <object_component_ref idref="oc-301"/>
      </symbol>
      <symbol id="sm-657">
         <name>__mspabi_srai_5</name>
         <value>0x50f0</value>
         <object_component_ref idref="oc-301"/>
      </symbol>
      <symbol id="sm-658">
         <name>__mspabi_srai_2</name>
         <value>0x50f6</value>
         <object_component_ref idref="oc-301"/>
      </symbol>
      <symbol id="sm-659">
         <name>__mspabi_srai_3</name>
         <value>0x50f4</value>
         <object_component_ref idref="oc-301"/>
      </symbol>
      <symbol id="sm-65a">
         <name>__mspabi_srai_1</name>
         <value>0x50f8</value>
         <object_component_ref idref="oc-301"/>
      </symbol>
      <symbol id="sm-65b">
         <name>__mspabi_srai_15</name>
         <value>0x50dc</value>
         <object_component_ref idref="oc-301"/>
      </symbol>
      <symbol id="sm-65c">
         <name>__mspabi_srai_14</name>
         <value>0x50de</value>
         <object_component_ref idref="oc-301"/>
      </symbol>
      <symbol id="sm-65d">
         <name>__mspabi_srai_13</name>
         <value>0x50e0</value>
         <object_component_ref idref="oc-301"/>
      </symbol>
      <symbol id="sm-65e">
         <name>__mspabi_srai_12</name>
         <value>0x50e2</value>
         <object_component_ref idref="oc-301"/>
      </symbol>
      <symbol id="sm-65f">
         <name>__mspabi_srai_11</name>
         <value>0x50e4</value>
         <object_component_ref idref="oc-301"/>
      </symbol>
      <symbol id="sm-660">
         <name>__mspabi_srai_10</name>
         <value>0x50e6</value>
         <object_component_ref idref="oc-301"/>
      </symbol>
      <symbol id="sm-670">
         <name>__mspabi_sral</name>
         <value>0x539c</value>
         <object_component_ref idref="oc-598"/>
      </symbol>
      <symbol id="sm-671">
         <name>__mspabi_sral_15</name>
         <value>0x4e00</value>
         <object_component_ref idref="oc-306"/>
      </symbol>
      <symbol id="sm-672">
         <name>__mspabi_sral_14</name>
         <value>0x4e04</value>
         <object_component_ref idref="oc-306"/>
      </symbol>
      <symbol id="sm-673">
         <name>__mspabi_sral_13</name>
         <value>0x4e08</value>
         <object_component_ref idref="oc-306"/>
      </symbol>
      <symbol id="sm-674">
         <name>__mspabi_sral_12</name>
         <value>0x4e0c</value>
         <object_component_ref idref="oc-306"/>
      </symbol>
      <symbol id="sm-675">
         <name>__mspabi_sral_11</name>
         <value>0x4e10</value>
         <object_component_ref idref="oc-306"/>
      </symbol>
      <symbol id="sm-676">
         <name>__mspabi_sral_10</name>
         <value>0x4e14</value>
         <object_component_ref idref="oc-306"/>
      </symbol>
      <symbol id="sm-677">
         <name>__mspabi_sral_8</name>
         <value>0x4e1c</value>
         <object_component_ref idref="oc-306"/>
      </symbol>
      <symbol id="sm-678">
         <name>__mspabi_sral_9</name>
         <value>0x4e18</value>
         <object_component_ref idref="oc-306"/>
      </symbol>
      <symbol id="sm-679">
         <name>__mspabi_sral_6</name>
         <value>0x4e24</value>
         <object_component_ref idref="oc-306"/>
      </symbol>
      <symbol id="sm-67a">
         <name>__mspabi_sral_7</name>
         <value>0x4e20</value>
         <object_component_ref idref="oc-306"/>
      </symbol>
      <symbol id="sm-67b">
         <name>__mspabi_sral_4</name>
         <value>0x4e2c</value>
         <object_component_ref idref="oc-306"/>
      </symbol>
      <symbol id="sm-67c">
         <name>__mspabi_sral_5</name>
         <value>0x4e28</value>
         <object_component_ref idref="oc-306"/>
      </symbol>
      <symbol id="sm-67d">
         <name>__mspabi_sral_2</name>
         <value>0x4e34</value>
         <object_component_ref idref="oc-306"/>
      </symbol>
      <symbol id="sm-67e">
         <name>__mspabi_sral_3</name>
         <value>0x4e30</value>
         <object_component_ref idref="oc-306"/>
      </symbol>
      <symbol id="sm-67f">
         <name>__mspabi_sral_1</name>
         <value>0x4e38</value>
         <object_component_ref idref="oc-306"/>
      </symbol>
      <symbol id="sm-689">
         <name>__mspabi_remu</name>
         <value>0x52b6</value>
         <object_component_ref idref="oc-49c"/>
      </symbol>
      <symbol id="sm-68a">
         <name>__mspabi_divu</name>
         <value>0x52b6</value>
         <object_component_ref idref="oc-49c"/>
      </symbol>
      <symbol id="sm-698">
         <name>__mspabi_remul</name>
         <value>0x4bb0</value>
         <object_component_ref idref="oc-497"/>
      </symbol>
      <symbol id="sm-699">
         <name>__mspabi_divul</name>
         <value>0x4bb0</value>
         <object_component_ref idref="oc-497"/>
      </symbol>
      <symbol id="sm-6a1">
         <name>__mspabi_slli</name>
         <value>0x50fc</value>
         <object_component_ref idref="oc-da"/>
      </symbol>
      <symbol id="sm-6a2">
         <name>__mspabi_slli_9</name>
         <value>0x5114</value>
         <object_component_ref idref="oc-da"/>
      </symbol>
      <symbol id="sm-6a3">
         <name>__mspabi_slli_8</name>
         <value>0x5116</value>
         <object_component_ref idref="oc-da"/>
      </symbol>
      <symbol id="sm-6a4">
         <name>__mspabi_slli_7</name>
         <value>0x5118</value>
         <object_component_ref idref="oc-da"/>
      </symbol>
      <symbol id="sm-6a5">
         <name>__mspabi_slli_6</name>
         <value>0x511a</value>
         <object_component_ref idref="oc-da"/>
      </symbol>
      <symbol id="sm-6a6">
         <name>__mspabi_slli_5</name>
         <value>0x511c</value>
         <object_component_ref idref="oc-da"/>
      </symbol>
      <symbol id="sm-6a7">
         <name>__mspabi_slli_4</name>
         <value>0x511e</value>
         <object_component_ref idref="oc-da"/>
      </symbol>
      <symbol id="sm-6a8">
         <name>__mspabi_slli_3</name>
         <value>0x5120</value>
         <object_component_ref idref="oc-da"/>
      </symbol>
      <symbol id="sm-6a9">
         <name>__mspabi_slli_2</name>
         <value>0x5122</value>
         <object_component_ref idref="oc-da"/>
      </symbol>
      <symbol id="sm-6aa">
         <name>__mspabi_slli_1</name>
         <value>0x5124</value>
         <object_component_ref idref="oc-da"/>
      </symbol>
      <symbol id="sm-6ab">
         <name>__mspabi_slli_15</name>
         <value>0x5108</value>
         <object_component_ref idref="oc-da"/>
      </symbol>
      <symbol id="sm-6ac">
         <name>__mspabi_slli_14</name>
         <value>0x510a</value>
         <object_component_ref idref="oc-da"/>
      </symbol>
      <symbol id="sm-6ad">
         <name>__mspabi_slli_13</name>
         <value>0x510c</value>
         <object_component_ref idref="oc-da"/>
      </symbol>
      <symbol id="sm-6ae">
         <name>__mspabi_slli_12</name>
         <value>0x510e</value>
         <object_component_ref idref="oc-da"/>
      </symbol>
      <symbol id="sm-6af">
         <name>__mspabi_slli_11</name>
         <value>0x5110</value>
         <object_component_ref idref="oc-da"/>
      </symbol>
      <symbol id="sm-6b0">
         <name>__mspabi_slli_10</name>
         <value>0x5112</value>
         <object_component_ref idref="oc-da"/>
      </symbol>
      <symbol id="sm-6c0">
         <name>__mspabi_slll_9</name>
         <value>0x4e56</value>
         <object_component_ref idref="oc-31f"/>
      </symbol>
      <symbol id="sm-6c1">
         <name>__mspabi_slll_8</name>
         <value>0x4e5a</value>
         <object_component_ref idref="oc-31f"/>
      </symbol>
      <symbol id="sm-6c2">
         <name>__mspabi_slll_7</name>
         <value>0x4e5e</value>
         <object_component_ref idref="oc-31f"/>
      </symbol>
      <symbol id="sm-6c3">
         <name>__mspabi_slll_6</name>
         <value>0x4e62</value>
         <object_component_ref idref="oc-31f"/>
      </symbol>
      <symbol id="sm-6c4">
         <name>__mspabi_slll_5</name>
         <value>0x4e66</value>
         <object_component_ref idref="oc-31f"/>
      </symbol>
      <symbol id="sm-6c5">
         <name>__mspabi_slll_4</name>
         <value>0x4e6a</value>
         <object_component_ref idref="oc-31f"/>
      </symbol>
      <symbol id="sm-6c6">
         <name>__mspabi_slll_3</name>
         <value>0x4e6e</value>
         <object_component_ref idref="oc-31f"/>
      </symbol>
      <symbol id="sm-6c7">
         <name>__mspabi_slll_2</name>
         <value>0x4e72</value>
         <object_component_ref idref="oc-31f"/>
      </symbol>
      <symbol id="sm-6c8">
         <name>__mspabi_slll_1</name>
         <value>0x4e76</value>
         <object_component_ref idref="oc-31f"/>
      </symbol>
      <symbol id="sm-6c9">
         <name>__mspabi_slll</name>
         <value>0x53ac</value>
         <object_component_ref idref="oc-593"/>
      </symbol>
      <symbol id="sm-6ca">
         <name>__mspabi_slll_15</name>
         <value>0x4e3e</value>
         <object_component_ref idref="oc-31f"/>
      </symbol>
      <symbol id="sm-6cb">
         <name>__mspabi_slll_14</name>
         <value>0x4e42</value>
         <object_component_ref idref="oc-31f"/>
      </symbol>
      <symbol id="sm-6cc">
         <name>__mspabi_slll_13</name>
         <value>0x4e46</value>
         <object_component_ref idref="oc-31f"/>
      </symbol>
      <symbol id="sm-6cd">
         <name>__mspabi_slll_12</name>
         <value>0x4e4a</value>
         <object_component_ref idref="oc-31f"/>
      </symbol>
      <symbol id="sm-6ce">
         <name>__mspabi_slll_11</name>
         <value>0x4e4e</value>
         <object_component_ref idref="oc-31f"/>
      </symbol>
      <symbol id="sm-6cf">
         <name>__mspabi_slll_10</name>
         <value>0x4e52</value>
         <object_component_ref idref="oc-31f"/>
      </symbol>
      <symbol id="sm-6d7">
         <name>__mspabi_srli_8</name>
         <value>0x4cd2</value>
         <object_component_ref idref="oc-df"/>
      </symbol>
      <symbol id="sm-6d8">
         <name>__mspabi_srli_9</name>
         <value>0x4cce</value>
         <object_component_ref idref="oc-df"/>
      </symbol>
      <symbol id="sm-6d9">
         <name>__mspabi_srli_6</name>
         <value>0x4cda</value>
         <object_component_ref idref="oc-df"/>
      </symbol>
      <symbol id="sm-6da">
         <name>__mspabi_srli_7</name>
         <value>0x4cd6</value>
         <object_component_ref idref="oc-df"/>
      </symbol>
      <symbol id="sm-6db">
         <name>__mspabi_srli_4</name>
         <value>0x4ce2</value>
         <object_component_ref idref="oc-df"/>
      </symbol>
      <symbol id="sm-6dc">
         <name>__mspabi_srli_5</name>
         <value>0x4cde</value>
         <object_component_ref idref="oc-df"/>
      </symbol>
      <symbol id="sm-6dd">
         <name>__mspabi_srli_2</name>
         <value>0x4cea</value>
         <object_component_ref idref="oc-df"/>
      </symbol>
      <symbol id="sm-6de">
         <name>__mspabi_srli_3</name>
         <value>0x4ce6</value>
         <object_component_ref idref="oc-df"/>
      </symbol>
      <symbol id="sm-6df">
         <name>__mspabi_srli_1</name>
         <value>0x4cee</value>
         <object_component_ref idref="oc-df"/>
      </symbol>
      <symbol id="sm-6e0">
         <name>__mspabi_srli</name>
         <value>0x4ca8</value>
         <object_component_ref idref="oc-df"/>
      </symbol>
      <symbol id="sm-6e1">
         <name>__mspabi_srli_15</name>
         <value>0x4cb6</value>
         <object_component_ref idref="oc-df"/>
      </symbol>
      <symbol id="sm-6e2">
         <name>__mspabi_srli_14</name>
         <value>0x4cba</value>
         <object_component_ref idref="oc-df"/>
      </symbol>
      <symbol id="sm-6e3">
         <name>__mspabi_srli_13</name>
         <value>0x4cbe</value>
         <object_component_ref idref="oc-df"/>
      </symbol>
      <symbol id="sm-6e4">
         <name>__mspabi_srli_12</name>
         <value>0x4cc2</value>
         <object_component_ref idref="oc-df"/>
      </symbol>
      <symbol id="sm-6e5">
         <name>__mspabi_srli_11</name>
         <value>0x4cc6</value>
         <object_component_ref idref="oc-df"/>
      </symbol>
      <symbol id="sm-6e6">
         <name>__mspabi_srli_10</name>
         <value>0x4cca</value>
         <object_component_ref idref="oc-df"/>
      </symbol>
      <symbol id="sm-6f4">
         <name>__mspabi_srlll</name>
         <value>0x4cf4</value>
         <object_component_ref idref="oc-4a1"/>
      </symbol>
      <symbol id="sm-727">
         <name>__mspabi_divull</name>
         <value>0x1578</value>
         <object_component_ref idref="oc-491"/>
      </symbol>
      <symbol id="sm-749">
         <name>__mspabi_addd</name>
         <value>0x18d8</value>
         <object_component_ref idref="oc-560"/>
      </symbol>
      <symbol id="sm-763">
         <name>__mspabi_cmpd</name>
         <value>0x3fae</value>
         <object_component_ref idref="oc-477"/>
      </symbol>
      <symbol id="sm-784">
         <name>__mspabi_divd</name>
         <value>0x2cb2</value>
         <object_component_ref idref="oc-4d0"/>
      </symbol>
      <symbol id="sm-791">
         <name>__mspabi_fixdi</name>
         <value>0x517a</value>
         <object_component_ref idref="oc-51f"/>
      </symbol>
      <symbol id="sm-7a0">
         <name>__mspabi_fixdli</name>
         <value>0x493a</value>
         <object_component_ref idref="oc-507"/>
      </symbol>
      <symbol id="sm-7a9">
         <name>__mspabi_fltid</name>
         <value>0x53e6</value>
         <object_component_ref idref="oc-54b"/>
      </symbol>
      <symbol id="sm-7c0">
         <name>__mspabi_fltlid</name>
         <value>0x4448</value>
         <object_component_ref idref="oc-513"/>
      </symbol>
      <symbol id="sm-7e1">
         <name>__TI_frcaddd</name>
         <value>0x25bc</value>
         <object_component_ref idref="oc-584"/>
      </symbol>
      <symbol id="sm-7fc">
         <name>__TI_frcdivd</name>
         <value>0x1100</value>
         <object_component_ref idref="oc-530"/>
      </symbol>
      <symbol id="sm-80c">
         <name>__TI_frcmpyd</name>
         <value>0x1e5a</value>
         <object_component_ref idref="oc-312"/>
      </symbol>
      <symbol id="sm-815">
         <name>__mspabi_negd</name>
         <value>0x5128</value>
         <object_component_ref idref="oc-459"/>
      </symbol>
      <symbol id="sm-828">
         <name>__TI_renormd</name>
         <value>0x42da</value>
         <object_component_ref idref="oc-59d"/>
      </symbol>
      <symbol id="sm-831">
         <name>__mspabi_subd</name>
         <value>0x4fec</value>
         <object_component_ref idref="oc-519"/>
      </symbol>
      <symbol id="sm-844">
         <name>atoi</name>
         <value>0x4c08</value>
         <object_component_ref idref="oc-400"/>
      </symbol>
      <symbol id="sm-84e">
         <name>_ctypes_</name>
         <value>0x5446</value>
         <object_component_ref idref="oc-43a"/>
      </symbol>
      <symbol id="sm-85d">
         <name>ltoa</name>
         <value>0x474c</value>
         <object_component_ref idref="oc-50d"/>
      </symbol>
      <symbol id="sm-86c">
         <name>memccpy</name>
         <value>0x5282</value>
         <object_component_ref idref="oc-41a"/>
      </symbol>
      <symbol id="sm-87b">
         <name>strchr</name>
         <value>0x529c</value>
         <object_component_ref idref="oc-545"/>
      </symbol>
      <symbol id="sm-888">
         <name>strlen</name>
         <value>0x53cc</value>
         <object_component_ref idref="oc-3c5"/>
      </symbol>
      <symbol id="sm-895">
         <name>toupper</name>
         <value>0x53f2</value>
         <object_component_ref idref="oc-453"/>
      </symbol>
      <symbol id="sm-89c">
         <name>errno</name>
         <value>0x266</value>
         <object_component_ref idref="oc-428"/>
      </symbol>
      <symbol id="sm-8a6">
         <name>abs</name>
         <value>0x53fe</value>
         <object_component_ref idref="oc-526"/>
      </symbol>
      <symbol id="sm-8b2">
         <name>__mspabi_remli</name>
         <value>0x4dc0</value>
         <object_component_ref idref="oc-557"/>
      </symbol>
      <symbol id="sm-8b3">
         <name>__mspabi_divli</name>
         <value>0x4dc0</value>
         <object_component_ref idref="oc-557"/>
      </symbol>
      <symbol id="sm-8c3">
         <name>__mspabi_srll_8</name>
         <value>0x4b7e</value>
         <object_component_ref idref="oc-384"/>
      </symbol>
      <symbol id="sm-8c4">
         <name>__mspabi_srll_9</name>
         <value>0x4b78</value>
         <object_component_ref idref="oc-384"/>
      </symbol>
      <symbol id="sm-8c5">
         <name>__mspabi_srll_6</name>
         <value>0x4b8a</value>
         <object_component_ref idref="oc-384"/>
      </symbol>
      <symbol id="sm-8c6">
         <name>__mspabi_srll_7</name>
         <value>0x4b84</value>
         <object_component_ref idref="oc-384"/>
      </symbol>
      <symbol id="sm-8c7">
         <name>__mspabi_srll_4</name>
         <value>0x4b96</value>
         <object_component_ref idref="oc-384"/>
      </symbol>
      <symbol id="sm-8c8">
         <name>__mspabi_srll_5</name>
         <value>0x4b90</value>
         <object_component_ref idref="oc-384"/>
      </symbol>
      <symbol id="sm-8c9">
         <name>__mspabi_srll_2</name>
         <value>0x4ba2</value>
         <object_component_ref idref="oc-384"/>
      </symbol>
      <symbol id="sm-8ca">
         <name>__mspabi_srll_3</name>
         <value>0x4b9c</value>
         <object_component_ref idref="oc-384"/>
      </symbol>
      <symbol id="sm-8cb">
         <name>__mspabi_srll_1</name>
         <value>0x4ba8</value>
         <object_component_ref idref="oc-384"/>
      </symbol>
      <symbol id="sm-8cc">
         <name>__mspabi_srll_15</name>
         <value>0x4b54</value>
         <object_component_ref idref="oc-384"/>
      </symbol>
      <symbol id="sm-8cd">
         <name>__mspabi_srll_14</name>
         <value>0x4b5a</value>
         <object_component_ref idref="oc-384"/>
      </symbol>
      <symbol id="sm-8ce">
         <name>__mspabi_srll_13</name>
         <value>0x4b60</value>
         <object_component_ref idref="oc-384"/>
      </symbol>
      <symbol id="sm-8cf">
         <name>__mspabi_srll_12</name>
         <value>0x4b66</value>
         <object_component_ref idref="oc-384"/>
      </symbol>
      <symbol id="sm-8d0">
         <name>__mspabi_srll_11</name>
         <value>0x4b6c</value>
         <object_component_ref idref="oc-384"/>
      </symbol>
      <symbol id="sm-8d1">
         <name>__mspabi_srll_10</name>
         <value>0x4b72</value>
         <object_component_ref idref="oc-384"/>
      </symbol>
      <symbol id="sm-8d2">
         <name>__mspabi_srll</name>
         <value>0x5368</value>
         <object_component_ref idref="oc-4f6"/>
      </symbol>
      <symbol id="sm-8e0">
         <name>__mspabi_sllll</name>
         <value>0x4d3a</value>
         <object_component_ref idref="oc-4f0"/>
      </symbol>
   </symbol_table>
   <title>Link successful</title>
</link_info>
