******************************************************************************
                  MSP430 Linker PC v18.12.1                    
******************************************************************************
>> Linked Mon Apr  8 19:10:55 2019

OUTPUT FILE NAME:   <C12_DAC_1602_KEY_FREQ_MSP430F14x_CCS9_0.out>
ENTRY POINT SYMBOL: "_c_int00_noargs"  address: 00005230


MEMORY CONFIGURATION

         name            origin    length      used     unused   attr    fill
----------------------  --------  ---------  --------  --------  ----  --------
  SFR                   00000000   00000010  00000000  00000010  RWIX
  PERIPHERALS_8BIT      00000010   000000f0  00000000  000000f0  RWIX
  PERIPHERALS_16BIT     00000100   00000100  00000000  00000100  RWIX
  RAM                   00000200   00000800  000000cb  00000735  RWIX
  INFOB                 00001000   00000080  00000000  00000080  RWIX
  INFOA                 00001080   00000080  00000000  00000080  RWIX
  FLASH                 00001100   0000eee0  000044b6  0000aa2a  RWIX
  INT00                 0000ffe0   00000002  00000000  00000002  RWIX
  INT01                 0000ffe2   00000002  00000002  00000000  RWIX
  INT02                 0000ffe4   00000002  00000002  00000000  RWIX
  INT03                 0000ffe6   00000002  00000002  00000000  RWIX
  INT04                 0000ffe8   00000002  00000002  00000000  RWIX
  INT05                 0000ffea   00000002  00000002  00000000  RWIX
  INT06                 0000ffec   00000002  00000002  00000000  RWIX
  INT07                 0000ffee   00000002  00000002  00000000  RWIX
  INT08                 0000fff0   00000002  00000002  00000000  RWIX
  INT09                 0000fff2   00000002  00000002  00000000  RWIX
  INT10                 0000fff4   00000002  00000002  00000000  RWIX
  INT11                 0000fff6   00000002  00000002  00000000  RWIX
  INT12                 0000fff8   00000002  00000002  00000000  RWIX
  INT13                 0000fffa   00000002  00000002  00000000  RWIX
  INT14                 0000fffc   00000002  00000002  00000000  RWIX
  RESET                 0000fffe   00000002  00000002  00000000  RWIX


SECTION ALLOCATION MAP

 output                                  attributes/
section   page    origin      length       input sections
--------  ----  ----------  ----------   ----------------
.data      0    00000250    0000001a     UNINITIALIZED
                  00000250    0000000e     main.obj (.data)
                  0000025e    00000004     adc.obj (.data)
                  00000262    00000002     rts430_eabi.lib : _lock.c.obj (.data:_lock)
                  00000264    00000002                     : _lock.c.obj (.data:_unlock)
                  00000266    00000002                     : errno.c.obj (.data)
                  00000268    00000002                     : memory.c.obj (.data)

.bss       0    0000026a    00000011     UNINITIALIZED
                  0000026a    0000000c     (.common:display_d)
                  00000276    00000002     rts430_eabi.lib : memory.c.obj (.bss)
                  00000278    00000002     (.common:lcd1602)
                  0000027a    00000001     (.common:key)

.sysmem    0    00000200    00000050     UNINITIALIZED
                  00000200    00000008     rts430_eabi.lib : memory.c.obj (.sysmem)
                  00000208    00000048     --HOLE--

.stack     0    000009b0    00000050     UNINITIALIZED
                  000009b0    00000002     rts430_eabi.lib : boot.c.obj (.stack)
                  000009b2    0000004e     --HOLE--

.text      0    00001100    00004346     
                  00001100    00000478     rts430_eabi.lib : frcdivd.c.obj (.text:__TI_frcdivd)
                  00001578    00000360                     : div64u.c.obj (.text:__mspabi_divull)
                  000018d8    000002fa                     : addd.c.obj (.text:__mspabi_addd)
                  00001bd2    00000288                     : _printfi.c.obj (.text:__TI_printfi)
                  00001e5a    00000286                     : frcmpyd.c.obj (.text:__TI_frcmpyd)
                  000020e0    0000026e                     : mpyd.c.obj (.text:__mspabi_mpyd)
                  0000234e    0000026e                     : _printfi.c.obj (.text:_pproc_fgea)
                  000025bc    00000260                     : frcaddd.c.obj (.text:__TI_frcaddd)
                  0000281c    00000252                     : _printfi.c.obj (.text:_setfield)
                  00002a6e    00000244                     : _printfi.c.obj (.text:acvt)
                  00002cb2    00000238                     : divd.c.obj (.text:__mspabi_divd)
                  00002eea    000001ec                     : _printfi.c.obj (.text:_getarg_diouxp)
                  000030d6    000001de                     : _printfi.c.obj (.text:ecvt)
                  000032b4    000001c4                     : _printfi.c.obj (.text:fcvt)
                  00003478    000001a6                     : _printfi.c.obj (.text:_pconv_e)
                  0000361e    0000017a     main.obj (.text:do_tast)
                  00003798    00000174     rts430_eabi.lib : _printfi.c.obj (.text:_pconv_a)
                  0000390c    0000016a                     : s_scalbn.c.obj (.text:scalbn)
                  00003a76    0000014c                     : _printfi.c.obj (.text:_pproc_diouxp)
                  00003bc2    0000012e                     : _printfi.c.obj (.text:_ltostr)
                  00003cf0    000000f8                     : _printfi.c.obj (.text:_pconv_g)
                  00003de8    000000e6                     : memory.c.obj (.text:aligned_alloc)
                  00003ece    000000e0                     : _printfi.c.obj (.text:_pproc_fwp)
                  00003fae    000000dc                     : cmpd.c.obj (.text:__mspabi_cmpd)
                  0000408a    000000c8     main.obj (.text:display)
                  00004152    000000c4     rts430_eabi.lib : _printfi.c.obj (.text:_pproc_wstr)
                  00004216    000000c4                     : fs_mpy.asm.obj (.text)
                  000042da    000000be                     : renormd.c.obj (.text:__TI_renormd)
                  00004398    000000b0                     : s_frexp.c.obj (.text:frexp)
                  00004448    000000ac                     : fltlid.c.obj (.text:__mspabi_fltlid)
                  000044f4    000000ac                     : _printfi.c.obj (.text:_pproc_str)
                  000045a0    00000092                     : _printfi.c.obj (.text:_mcpy)
                  00004632    0000008e                     : _printfi.c.obj (.text:_ecpy)
                  000046c0    0000008c                     : cvtdf.c.obj (.text:__mspabi_cvtdf)
                  0000474c    00000084                     : ltoa.c.obj (.text:ltoa)
                  000047d0    0000007c                     : copy_decompress_lzss.c.obj (.text:decompress:lzss:__TI_decompress_lzss)
                  0000484c    0000007a                     : _printfi.c.obj (.text:_pconv_f)
                  000048c6    00000074     lcd1602.obj (.text:lcd1602_init)
                  0000493a    00000072     rts430_eabi.lib : fixdli.c.obj (.text:__mspabi_fixdli)
                  000049ac    0000006e                     : memory.c.obj (.text:split)
                  00004a1a    0000006a     key.obj (.text:Key_Scan)
                  00004a84    00000068     da5615.obj (.text:SPI_Init)
                  00004aec    00000068     rts430_eabi.lib : cvtfd.c.obj (.text:__mspabi_cvtfd)
                  00004b54    0000005c                     : lsr32.asm.obj (.text:l_lsr_const)
                  00004bb0    00000058                     : div32u.asm.obj (.text)
                  00004c08    00000052                     : atoi.c.obj (.text:atoi)
                  00004c5a    0000004e                     : _printfi.c.obj (.text:_fcpy)
                  00004ca8    0000004c                     : lsr16.asm.obj (.text)
                  00004cf4    00000046                     : lsr64.c.obj (.text:__mspabi_srlll)
                  00004d3a    00000044                     : lsl64.c.obj (.text:__mspabi_sllll)
                  00004d7e    00000042                     : autoinit.c.obj (.text:__TI_auto_init_nobinit_nopinit:__TI_auto_init_nobinit_nopinit)
                  00004dc0    00000040                     : div32s.asm.obj (.text)
                  00004e00    0000003e                     : asr32.asm.obj (.text:l_asr_const)
                  00004e3e    0000003e                     : lsl32.asm.obj (.text:l_lsl_const)
                  00004e7c    0000003c     main.obj (.text:main)
                  00004eb8    00000038     rts430_eabi.lib : sprintf.c.obj (.text:sprintf)
                  00004ef0    00000036                     : fs_itof.asm.obj (.text)
                  00004f26    00000034     main.obj (.text:SYSTEM_INIT)
                  00004f5a    00000032     main.obj (.text:GPIO_INIT)
                  00004f8c    00000030     lcd1602.obj (.text:_lcd1602_write_byte)
                  00004fbc    00000030     lcd1602.obj (.text:_lcd1602_write_com)
                  00004fec    0000002e     rts430_eabi.lib : subd.c.obj (.text:__mspabi_subd)
                  0000501a    0000002e                     : s_copysign.c.obj (.text:copysign)
                  00005048    0000002e     lcd1602.obj (.text:lcd1602_new_dev)
                  00005076    0000002e     rts430_eabi.lib : mult32_hw.asm.obj (.text)
                  000050a4    0000002c     lcd1602.obj (.text:lcd1602_write_str)
                  000050d0    0000002c     rts430_eabi.lib : asr16.asm.obj (.text)
                  000050fc    0000002c                     : lsl16.asm.obj (.text)
                  00005128    0000002a                     : negd.c.obj (.text:__mspabi_negd)
                  00005152    00000028     adc.obj (.text:ADC_Init)
                  0000517a    00000028     rts430_eabi.lib : fixdi.c.obj (.text:__mspabi_fixdi)
                  000051a2    00000028                     : memory.c.obj (.text:free_list_insert)
                  000051ca    00000024                     : fs_utof.asm.obj (.text)
                  000051ee    00000022     lcd1602.obj (.text:lcd1602_write_char)
                  00005210    00000020     da5615.obj (.text:da_out)
                  00005230    0000001c     rts430_eabi.lib : boot.c.obj (.text:_c_int00_noargs)
                  0000524c    0000001c                     : memory.c.obj (.text:free_list_remove)
                  00005268    0000001a                     : sprintf.c.obj (.text:_outs)
                  00005282    0000001a                     : memccpy.c.obj (.text:memccpy)
                  0000529c    0000001a                     : strchr.c.obj (.text:strchr)
                  000052b6    00000016                     : div16u.asm.obj (.text)
                  000052cc    00000014                     : copy_zero_init.c.obj (.text:decompress:ZI:__TI_zero_init_nomemset:__TI_zero_init_nomemset)
                  000052e0    00000014     lcd1602.obj (.text:lcd1602_lcd_clear)
                  000052f4    00000014     rts430_eabi.lib : memset.c.obj (.text:memset)
                  00005308    00000014                     : mult16_hw.asm.obj (.text)
                  0000531c    00000014     da5615.obj (.text:spiSendByte)
                  00005330    00000014     rts430_eabi.lib : wcslen.c.obj (.text:wcslen)
                  00005344    00000012                     : sprintf.c.obj (.text:_outc)
                  00005356    00000012                     : copy_decompress_none.c.obj (.text:decompress:none:__TI_decompress_none)
                  00005368    00000012                     : lsr32.asm.obj (.text:l_lsr)
                  0000537a    00000012                     : memcpy.c.obj (.text:memcpy)
                  0000538c    00000010     main.obj (.text:adc_get)
                  0000539c    00000010     rts430_eabi.lib : asr32.asm.obj (.text:l_asr)
                  000053ac    00000010                     : lsl32.asm.obj (.text:l_lsl)
                  000053bc    00000010                     : epilog.asm.obj (.text)
                  000053cc    0000000e                     : strlen.c.obj (.text:strlen)
                  000053da    0000000c     key.obj (.text:KeyPort_init)
                  000053e6    0000000c     rts430_eabi.lib : fltid.c.obj (.text:__mspabi_fltid)
                  000053f2    0000000c                     : toupper.c.obj (.text:toupper)
                  000053fe    0000000a                     : abs.c.obj (.text:abs)
                  00005408    00000008     main.obj (.text:WDT_Init)
                  00005410    00000008     rts430_eabi.lib : isr_trap.asm.obj (.text:_isr:__TI_ISR_TRAP)
                  00005418    00000008                     : memory.c.obj (.text:malloc)
                  00005420    00000006     lcd1602.obj (.text:_lcd1602_hw_gpio_clr)
                  00005426    00000006     lcd1602.obj (.text:_lcd1602_hw_gpio_set)
                  0000542c    00000006     rts430_eabi.lib : exit.c.obj (.text:abort)
                  00005432    00000006     key.obj (.text:key_init)
                  00005438    00000006     key.obj (.text:key_scan)
                  0000543e    00000004     rts430_eabi.lib : pre_init.c.obj (.text:_system_pre_init)
                  00005442    00000002                     : _lock.c.obj (.text:_nop)
                  00005444    00000002                     : startup.c.obj (.text:_system_post_cinit)

.const     0    00005446    00000150     
                  00005446    00000101     rts430_eabi.lib : ctype.c.obj (.const:.string:_ctypes_)
                  00005547    00000001     --HOLE-- [fill = 0]
                  00005548    00000028     main.obj (.const:.string)
                  00005570    00000026     rts430_eabi.lib : _printfi.c.obj (.const:.string)

.cinit     0    00005596    00000020     
                  00005596    0000000d     (.cinit..data.load) [load image, compression = lzss]
                  000055a3    00000001     --HOLE-- [fill = 0]
                  000055a4    00000006     (__TI_handler_table)
                  000055aa    00000004     (.cinit..bss.load) [load image, compression = zero_init]
                  000055ae    00000008     (__TI_cinit_table)

.binit     0    00001100    00000000     

.init_array 
*          0    00001100    00000000     UNINITIALIZED

PORT2      0    0000ffe2    00000002     
                  0000ffe2    00000002     rts430_eabi.lib : int01.asm.obj (.int01)

USART1TX   0    0000ffe4    00000002     
                  0000ffe4    00000002     rts430_eabi.lib : int02.asm.obj (.int02)

USART1RX   0    0000ffe6    00000002     
                  0000ffe6    00000002     rts430_eabi.lib : int03.asm.obj (.int03)

PORT1      0    0000ffe8    00000002     
                  0000ffe8    00000002     rts430_eabi.lib : int04.asm.obj (.int04)

TIMERA1    0    0000ffea    00000002     
                  0000ffea    00000002     rts430_eabi.lib : int05.asm.obj (.int05)

TIMERA0    0    0000ffec    00000002     
                  0000ffec    00000002     rts430_eabi.lib : int06.asm.obj (.int06)

ADC12      0    0000ffee    00000002     
                  0000ffee    00000002     rts430_eabi.lib : int07.asm.obj (.int07)

USART0TX   0    0000fff0    00000002     
                  0000fff0    00000002     rts430_eabi.lib : int08.asm.obj (.int08)

USART0RX   0    0000fff2    00000002     
                  0000fff2    00000002     rts430_eabi.lib : int09.asm.obj (.int09)

WDT        0    0000fff4    00000002     
                  0000fff4    00000002     rts430_eabi.lib : int10.asm.obj (.int10)

COMPARATORA 
*          0    0000fff6    00000002     
                  0000fff6    00000002     rts430_eabi.lib : int11.asm.obj (.int11)

TIMERB1    0    0000fff8    00000002     
                  0000fff8    00000002     rts430_eabi.lib : int12.asm.obj (.int12)

TIMERB0    0    0000fffa    00000002     
                  0000fffa    00000002     rts430_eabi.lib : int13.asm.obj (.int13)

NMI        0    0000fffc    00000002     
                  0000fffc    00000002     rts430_eabi.lib : int14.asm.obj (.int14)

.reset     0    0000fffe    00000002     
                  0000fffe    00000002     rts430_eabi.lib : boot.c.obj (.reset)

MODULE SUMMARY

       Module                       code    ro data   rw data
       ------                       ----    -------   -------
    .\src\
       main.obj                     764     40        26     
       lcd1602.obj                  368     0         2      
       da5615.obj                   156     0         0      
       key.obj                      130     0         1      
       adc.obj                      40      0         4      
    +--+----------------------------+-------+---------+---------+
       Total:                       1458    40        33     
                                                             
    C:\opt\ti\ccs9\ccs\tools\compiler\ti-cgt-msp430_18.12.1.LTS\lib\rts430_eabi.lib
       _printfi.c.obj               6622    38        0      
       frcdivd.c.obj                1144    0         0      
       div64u.c.obj                 864     0         0      
       addd.c.obj                   762     0         0      
       frcmpyd.c.obj                646     0         0      
       mpyd.c.obj                   622     0         0      
       frcaddd.c.obj                608     0         0      
       divd.c.obj                   568     0         0      
       memory.c.obj                 416     0         4      
       s_scalbn.c.obj               362     0         0      
       ctype.c.obj                  0       257       0      
       cmpd.c.obj                   220     0         0      
       fs_mpy.asm.obj               196     0         0      
       renormd.c.obj                190     0         0      
       s_frexp.c.obj                176     0         0      
       fltlid.c.obj                 172     0         0      
       cvtdf.c.obj                  140     0         0      
       ltoa.c.obj                   132     0         0      
       copy_decompress_lzss.c.obj   124     0         0      
       fixdli.c.obj                 114     0         0      
       lsr32.asm.obj                110     0         0      
       cvtfd.c.obj                  104     0         0      
       sprintf.c.obj                100     0         0      
       div32u.asm.obj               88      0         0      
       atoi.c.obj                   82      0         0      
       asr32.asm.obj                78      0         0      
       lsl32.asm.obj                78      0         0      
       lsr16.asm.obj                76      0         0      
       lsr64.c.obj                  70      0         0      
       lsl64.c.obj                  68      0         0      
       autoinit.c.obj               66      0         0      
       div32s.asm.obj               64      0         0      
       fs_itof.asm.obj              54      0         0      
       mult32_hw.asm.obj            46      0         0      
       s_copysign.c.obj             46      0         0      
       subd.c.obj                   46      0         0      
       asr16.asm.obj                44      0         0      
       lsl16.asm.obj                44      0         0      
       negd.c.obj                   42      0         0      
       fixdi.c.obj                  40      0         0      
       fs_utof.asm.obj              36      0         0      
       boot.c.obj                   28      2         0      
       memccpy.c.obj                26      0         0      
       strchr.c.obj                 26      0         0      
       div16u.asm.obj               22      0         0      
       copy_zero_init.c.obj         20      0         0      
       memset.c.obj                 20      0         0      
       mult16_hw.asm.obj            20      0         0      
       wcslen.c.obj                 20      0         0      
       copy_decompress_none.c.obj   18      0         0      
       memcpy.c.obj                 18      0         0      
       epilog.asm.obj               16      0         0      
       strlen.c.obj                 14      0         0      
       fltid.c.obj                  12      0         0      
       toupper.c.obj                12      0         0      
       abs.c.obj                    10      0         0      
       isr_trap.asm.obj             8       0         0      
       _lock.c.obj                  2       0         4      
       exit.c.obj                   6       0         0      
       pre_init.c.obj               4       0         0      
       errno.c.obj                  0       0         2      
       int01.asm.obj                0       2         0      
       int02.asm.obj                0       2         0      
       int03.asm.obj                0       2         0      
       int04.asm.obj                0       2         0      
       int05.asm.obj                0       2         0      
       int06.asm.obj                0       2         0      
       int07.asm.obj                0       2         0      
       int08.asm.obj                0       2         0      
       int09.asm.obj                0       2         0      
       int10.asm.obj                0       2         0      
       int11.asm.obj                0       2         0      
       int12.asm.obj                0       2         0      
       int13.asm.obj                0       2         0      
       int14.asm.obj                0       2         0      
       startup.c.obj                2       0         0      
    +--+----------------------------+-------+---------+---------+
       Total:                       15764   325       10     
                                                             
       Heap:                        0       0         80     
       Stack:                       0       0         80     
       Linker Generated:            0       31        0      
    +--+----------------------------+-------+---------+---------+
       Grand Total:                 17222   396       203    


LINKER GENERATED COPY TABLES

__TI_cinit_table @ 000055ae records: 2, size/record: 4, table size: 8
	.data: load addr=00005596, load size=0000000d bytes, run addr=00000250, run size=0000001a bytes, compression=lzss
	.bss: load addr=000055aa, load size=00000004 bytes, run addr=0000026a, run size=00000011 bytes, compression=zero_init


LINKER GENERATED HANDLER TABLE

__TI_handler_table @ 000055a4 records: 3, size/record: 2, table size: 6
	index: 0, handler: __TI_zero_init
	index: 1, handler: __TI_decompress_lzss
	index: 2, handler: __TI_decompress_none


GLOBAL SYMBOLS: SORTED ALPHABETICALLY BY Name 

address   name                          
-------   ----                          
000001a0  ADC12CTL0                     
000001a2  ADC12CTL1                     
000001a6  ADC12IE                       
000001a4  ADC12IFG                      
000001a8  ADC12IV                       
00000080  ADC12MCTL0                    
00000081  ADC12MCTL1                    
0000008a  ADC12MCTL10                   
0000008b  ADC12MCTL11                   
0000008c  ADC12MCTL12                   
0000008d  ADC12MCTL13                   
0000008e  ADC12MCTL14                   
0000008f  ADC12MCTL15                   
00000082  ADC12MCTL2                    
00000083  ADC12MCTL3                    
00000084  ADC12MCTL4                    
00000085  ADC12MCTL5                    
00000086  ADC12MCTL6                    
00000087  ADC12MCTL7                    
00000088  ADC12MCTL8                    
00000089  ADC12MCTL9                    
00000140  ADC12MEM0                     
00000142  ADC12MEM1                     
00000154  ADC12MEM10                    
00000156  ADC12MEM11                    
00000158  ADC12MEM12                    
0000015a  ADC12MEM13                    
0000015c  ADC12MEM14                    
0000015e  ADC12MEM15                    
00000144  ADC12MEM2                     
00000146  ADC12MEM3                     
00000148  ADC12MEM4                     
0000014a  ADC12MEM5                     
0000014c  ADC12MEM6                     
0000014e  ADC12MEM7                     
00000150  ADC12MEM8                     
00000152  ADC12MEM9                     
00005152  ADC_Init                      
00000057  BCSCTL1                       
00000058  BCSCTL2                       
0000542c  C$$EXIT                       
00000059  CACTL1                        
0000005a  CACTL2                        
0000005b  CAPD                          
00000056  DCOCTL                        
00000128  FCTL1                         
0000012a  FCTL2                         
0000012c  FCTL3                         
0000025e  Flag                          
00004f5a  GPIO_INIT                     
00000000  IE1                           
00000001  IE2                           
00000002  IFG1                          
00000003  IFG2                          
000053da  KeyPort_init                  
00004a1a  Key_Scan                      
00000134  MAC                           
00000136  MACS                          
00000004  ME1                           
00000005  ME2                           
00000130  MPY                           
00000132  MPYS                          
00000138  OP2                           
00000022  P1DIR                         
00000025  P1IE                          
00000024  P1IES                         
00000023  P1IFG                         
00000020  P1IN                          
00000021  P1OUT                         
00000026  P1SEL                         
0000002a  P2DIR                         
0000002d  P2IE                          
0000002c  P2IES                         
0000002b  P2IFG                         
00000028  P2IN                          
00000029  P2OUT                         
0000002e  P2SEL                         
0000001a  P3DIR                         
00000018  P3IN                          
00000019  P3OUT                         
0000001b  P3SEL                         
0000001e  P4DIR                         
0000001c  P4IN                          
0000001d  P4OUT                         
0000001f  P4SEL                         
00000032  P5DIR                         
00000030  P5IN                          
00000031  P5OUT                         
00000033  P5SEL                         
00000036  P6DIR                         
00000034  P6IN                          
00000035  P6OUT                         
00000037  P6SEL                         
0000013c  RESHI                         
0000013a  RESLO                         
00004a84  SPI_Init                      
0000013e  SUMEXT                        
00004f26  SYSTEM_INIT                   
00000172  TACCR0                        
00000174  TACCR1                        
00000176  TACCR2                        
00000162  TACCTL0                       
00000164  TACCTL1                       
00000166  TACCTL2                       
00000160  TACTL                         
0000012e  TAIV                          
00000170  TAR                           
00000192  TBCCR0                        
00000194  TBCCR1                        
00000196  TBCCR2                        
00000198  TBCCR3                        
0000019a  TBCCR4                        
0000019c  TBCCR5                        
0000019e  TBCCR6                        
00000182  TBCCTL0                       
00000184  TBCCTL1                       
00000186  TBCCTL2                       
00000188  TBCCTL3                       
0000018a  TBCCTL4                       
0000018c  TBCCTL5                       
0000018e  TBCCTL6                       
00000180  TBCTL                         
0000011e  TBIV                          
00000190  TBR                           
00000260  TEMP                          
00000074  U0BR0                         
00000075  U0BR1                         
00000070  U0CTL                         
00000073  U0MCTL                        
00000072  U0RCTL                        
00000076  U0RXBUF                       
00000071  U0TCTL                        
00000077  U0TXBUF                       
0000007c  U1BR0                         
0000007d  U1BR1                         
00000078  U1CTL                         
0000007b  U1MCTL                        
0000007a  U1RCTL                        
0000007e  U1RXBUF                       
00000079  U1TCTL                        
0000007f  U1TXBUF                       
00000120  WDTCTL                        
00005408  WDT_Init                      
00000a00  __STACK_END                   
00000050  __STACK_SIZE                  
00000050  __SYSMEM_SIZE                 
000055ae  __TI_CINIT_Base               
000055b6  __TI_CINIT_Limit              
000055a4  __TI_Handler_Table_Base       
000055aa  __TI_Handler_Table_Limit      
00005410  __TI_ISR_TRAP                 
00004d7e  __TI_auto_init_nobinit_nopinit
000047d0  __TI_decompress_lzss          
00005356  __TI_decompress_none          
000025bc  __TI_frcaddd                  
00001100  __TI_frcdivd                  
00001e5a  __TI_frcmpyd                  
0000ffe2  __TI_int01                    
0000ffe4  __TI_int02                    
0000ffe6  __TI_int03                    
0000ffe8  __TI_int04                    
0000ffea  __TI_int05                    
0000ffec  __TI_int06                    
0000ffee  __TI_int07                    
0000fff0  __TI_int08                    
0000fff2  __TI_int09                    
0000fff4  __TI_int10                    
0000fff6  __TI_int11                    
0000fff8  __TI_int12                    
0000fffa  __TI_int13                    
0000fffc  __TI_int14                    
ffffffff  __TI_pprof_out_hndl           
00001bd2  __TI_printfi                  
ffffffff  __TI_prof_data_size           
ffffffff  __TI_prof_data_start          
000042da  __TI_renormd                  
000052cc  __TI_zero_init_nomemset       
ffffffff  __c_args__                    
000018d8  __mspabi_addd                 
00003fae  __mspabi_cmpd                 
000046c0  __mspabi_cvtdf                
00004aec  __mspabi_cvtfd                
00002cb2  __mspabi_divd                 
00004dc0  __mspabi_divli                
000052b6  __mspabi_divu                 
00004bb0  __mspabi_divul                
00001578  __mspabi_divull               
0000517a  __mspabi_fixdi                
0000493a  __mspabi_fixdli               
000053e6  __mspabi_fltid                
00004ef0  __mspabi_fltif                
00004448  __mspabi_fltlid               
000051ca  __mspabi_fltuf                
000053c8  __mspabi_func_epilog_1        
000053c6  __mspabi_func_epilog_2        
000053c4  __mspabi_func_epilog_3        
000053c2  __mspabi_func_epilog_4        
000053c0  __mspabi_func_epilog_5        
000053be  __mspabi_func_epilog_6        
000053bc  __mspabi_func_epilog_7        
000020e0  __mspabi_mpyd                 
00004216  __mspabi_mpyf                 
00005308  __mspabi_mpyi_hw              
00005076  __mspabi_mpyl_hw              
00005128  __mspabi_negd                 
00004dc0  __mspabi_remli                
000052b6  __mspabi_remu                 
00004bb0  __mspabi_remul                
000050fc  __mspabi_slli                 
00005124  __mspabi_slli_1               
00005112  __mspabi_slli_10              
00005110  __mspabi_slli_11              
0000510e  __mspabi_slli_12              
0000510c  __mspabi_slli_13              
0000510a  __mspabi_slli_14              
00005108  __mspabi_slli_15              
00005122  __mspabi_slli_2               
00005120  __mspabi_slli_3               
0000511e  __mspabi_slli_4               
0000511c  __mspabi_slli_5               
0000511a  __mspabi_slli_6               
00005118  __mspabi_slli_7               
00005116  __mspabi_slli_8               
00005114  __mspabi_slli_9               
000053ac  __mspabi_slll                 
00004e76  __mspabi_slll_1               
00004e52  __mspabi_slll_10              
00004e4e  __mspabi_slll_11              
00004e4a  __mspabi_slll_12              
00004e46  __mspabi_slll_13              
00004e42  __mspabi_slll_14              
00004e3e  __mspabi_slll_15              
00004e72  __mspabi_slll_2               
00004e6e  __mspabi_slll_3               
00004e6a  __mspabi_slll_4               
00004e66  __mspabi_slll_5               
00004e62  __mspabi_slll_6               
00004e5e  __mspabi_slll_7               
00004e5a  __mspabi_slll_8               
00004e56  __mspabi_slll_9               
00004d3a  __mspabi_sllll                
000050d0  __mspabi_srai                 
000050f8  __mspabi_srai_1               
000050e6  __mspabi_srai_10              
000050e4  __mspabi_srai_11              
000050e2  __mspabi_srai_12              
000050e0  __mspabi_srai_13              
000050de  __mspabi_srai_14              
000050dc  __mspabi_srai_15              
000050f6  __mspabi_srai_2               
000050f4  __mspabi_srai_3               
000050f2  __mspabi_srai_4               
000050f0  __mspabi_srai_5               
000050ee  __mspabi_srai_6               
000050ec  __mspabi_srai_7               
000050ea  __mspabi_srai_8               
000050e8  __mspabi_srai_9               
0000539c  __mspabi_sral                 
00004e38  __mspabi_sral_1               
00004e14  __mspabi_sral_10              
00004e10  __mspabi_sral_11              
00004e0c  __mspabi_sral_12              
00004e08  __mspabi_sral_13              
00004e04  __mspabi_sral_14              
00004e00  __mspabi_sral_15              
00004e34  __mspabi_sral_2               
00004e30  __mspabi_sral_3               
00004e2c  __mspabi_sral_4               
00004e28  __mspabi_sral_5               
00004e24  __mspabi_sral_6               
00004e20  __mspabi_sral_7               
00004e1c  __mspabi_sral_8               
00004e18  __mspabi_sral_9               
00004ca8  __mspabi_srli                 
00004cee  __mspabi_srli_1               
00004cca  __mspabi_srli_10              
00004cc6  __mspabi_srli_11              
00004cc2  __mspabi_srli_12              
00004cbe  __mspabi_srli_13              
00004cba  __mspabi_srli_14              
00004cb6  __mspabi_srli_15              
00004cea  __mspabi_srli_2               
00004ce6  __mspabi_srli_3               
00004ce2  __mspabi_srli_4               
00004cde  __mspabi_srli_5               
00004cda  __mspabi_srli_6               
00004cd6  __mspabi_srli_7               
00004cd2  __mspabi_srli_8               
00004cce  __mspabi_srli_9               
00005368  __mspabi_srll                 
00004ba8  __mspabi_srll_1               
00004b72  __mspabi_srll_10              
00004b6c  __mspabi_srll_11              
00004b66  __mspabi_srll_12              
00004b60  __mspabi_srll_13              
00004b5a  __mspabi_srll_14              
00004b54  __mspabi_srll_15              
00004ba2  __mspabi_srll_2               
00004b9c  __mspabi_srll_3               
00004b96  __mspabi_srll_4               
00004b90  __mspabi_srll_5               
00004b8a  __mspabi_srll_6               
00004b84  __mspabi_srll_7               
00004b7e  __mspabi_srll_8               
00004b78  __mspabi_srll_9               
00004cf4  __mspabi_srlll                
00004fec  __mspabi_subd                 
00005230  _c_int00_noargs               
00005446  _ctypes_                      
00000262  _lock                         
00005442  _nop                          
0000fffe  _reset_vector                 
000009b0  _stack                        
00000200  _sys_memory                   
00005444  _system_post_cinit            
0000543e  _system_pre_init              
00000264  _unlock                       
00000252  a_key_value                   
0000542c  abort                         
000053fe  abs                           
0000538c  adc_get                       
00003de8  aligned_alloc                 
00004c08  atoi                          
00000254  b_key_value                   
00000256  c_key_value                   
0000501a  copysign                      
0000501a  copysignl                     
0000025a  current_phase                 
00000258  d_key_value                   
00005210  da_out                        
0000408a  display                       
0000026a  display_d                     
0000361e  do_tast                       
00000266  errno                         
00004398  frexp                         
00004398  frexpl                        
0000027a  key                           
00005432  key_init                      
00005438  key_scan                      
00000278  lcd1602                       
000048c6  lcd1602_init                  
000052e0  lcd1602_lcd_clear             
00005048  lcd1602_new_dev               
000051ee  lcd1602_write_char            
000050a4  lcd1602_write_str             
0000390c  ldexp                         
0000390c  ldexpl                        
0000474c  ltoa                          
00004e7c  main                          
00005418  malloc                        
00003de8  memalign                      
00005282  memccpy                       
0000537a  memcpy                        
000052f4  memset                        
0000025c  out_da_voltage                
0000390c  scalbn                        
0000390c  scalbnl                       
00000250  set_phase                     
0000531c  spiSendByte                   
00004eb8  sprintf                       
0000529c  strchr                        
000053cc  strlen                        
000053f2  toupper                       
00005330  wcslen                        


GLOBAL SYMBOLS: SORTED BY Symbol Address 

address   name                          
-------   ----                          
00000000  IE1                           
00000001  IE2                           
00000002  IFG1                          
00000003  IFG2                          
00000004  ME1                           
00000005  ME2                           
00000018  P3IN                          
00000019  P3OUT                         
0000001a  P3DIR                         
0000001b  P3SEL                         
0000001c  P4IN                          
0000001d  P4OUT                         
0000001e  P4DIR                         
0000001f  P4SEL                         
00000020  P1IN                          
00000021  P1OUT                         
00000022  P1DIR                         
00000023  P1IFG                         
00000024  P1IES                         
00000025  P1IE                          
00000026  P1SEL                         
00000028  P2IN                          
00000029  P2OUT                         
0000002a  P2DIR                         
0000002b  P2IFG                         
0000002c  P2IES                         
0000002d  P2IE                          
0000002e  P2SEL                         
00000030  P5IN                          
00000031  P5OUT                         
00000032  P5DIR                         
00000033  P5SEL                         
00000034  P6IN                          
00000035  P6OUT                         
00000036  P6DIR                         
00000037  P6SEL                         
00000050  __STACK_SIZE                  
00000050  __SYSMEM_SIZE                 
00000056  DCOCTL                        
00000057  BCSCTL1                       
00000058  BCSCTL2                       
00000059  CACTL1                        
0000005a  CACTL2                        
0000005b  CAPD                          
00000070  U0CTL                         
00000071  U0TCTL                        
00000072  U0RCTL                        
00000073  U0MCTL                        
00000074  U0BR0                         
00000075  U0BR1                         
00000076  U0RXBUF                       
00000077  U0TXBUF                       
00000078  U1CTL                         
00000079  U1TCTL                        
0000007a  U1RCTL                        
0000007b  U1MCTL                        
0000007c  U1BR0                         
0000007d  U1BR1                         
0000007e  U1RXBUF                       
0000007f  U1TXBUF                       
00000080  ADC12MCTL0                    
00000081  ADC12MCTL1                    
00000082  ADC12MCTL2                    
00000083  ADC12MCTL3                    
00000084  ADC12MCTL4                    
00000085  ADC12MCTL5                    
00000086  ADC12MCTL6                    
00000087  ADC12MCTL7                    
00000088  ADC12MCTL8                    
00000089  ADC12MCTL9                    
0000008a  ADC12MCTL10                   
0000008b  ADC12MCTL11                   
0000008c  ADC12MCTL12                   
0000008d  ADC12MCTL13                   
0000008e  ADC12MCTL14                   
0000008f  ADC12MCTL15                   
0000011e  TBIV                          
00000120  WDTCTL                        
00000128  FCTL1                         
0000012a  FCTL2                         
0000012c  FCTL3                         
0000012e  TAIV                          
00000130  MPY                           
00000132  MPYS                          
00000134  MAC                           
00000136  MACS                          
00000138  OP2                           
0000013a  RESLO                         
0000013c  RESHI                         
0000013e  SUMEXT                        
00000140  ADC12MEM0                     
00000142  ADC12MEM1                     
00000144  ADC12MEM2                     
00000146  ADC12MEM3                     
00000148  ADC12MEM4                     
0000014a  ADC12MEM5                     
0000014c  ADC12MEM6                     
0000014e  ADC12MEM7                     
00000150  ADC12MEM8                     
00000152  ADC12MEM9                     
00000154  ADC12MEM10                    
00000156  ADC12MEM11                    
00000158  ADC12MEM12                    
0000015a  ADC12MEM13                    
0000015c  ADC12MEM14                    
0000015e  ADC12MEM15                    
00000160  TACTL                         
00000162  TACCTL0                       
00000164  TACCTL1                       
00000166  TACCTL2                       
00000170  TAR                           
00000172  TACCR0                        
00000174  TACCR1                        
00000176  TACCR2                        
00000180  TBCTL                         
00000182  TBCCTL0                       
00000184  TBCCTL1                       
00000186  TBCCTL2                       
00000188  TBCCTL3                       
0000018a  TBCCTL4                       
0000018c  TBCCTL5                       
0000018e  TBCCTL6                       
00000190  TBR                           
00000192  TBCCR0                        
00000194  TBCCR1                        
00000196  TBCCR2                        
00000198  TBCCR3                        
0000019a  TBCCR4                        
0000019c  TBCCR5                        
0000019e  TBCCR6                        
000001a0  ADC12CTL0                     
000001a2  ADC12CTL1                     
000001a4  ADC12IFG                      
000001a6  ADC12IE                       
000001a8  ADC12IV                       
00000200  _sys_memory                   
00000250  set_phase                     
00000252  a_key_value                   
00000254  b_key_value                   
00000256  c_key_value                   
00000258  d_key_value                   
0000025a  current_phase                 
0000025c  out_da_voltage                
0000025e  Flag                          
00000260  TEMP                          
00000262  _lock                         
00000264  _unlock                       
00000266  errno                         
0000026a  display_d                     
00000278  lcd1602                       
0000027a  key                           
000009b0  _stack                        
00000a00  __STACK_END                   
00001100  __TI_frcdivd                  
00001578  __mspabi_divull               
000018d8  __mspabi_addd                 
00001bd2  __TI_printfi                  
00001e5a  __TI_frcmpyd                  
000020e0  __mspabi_mpyd                 
000025bc  __TI_frcaddd                  
00002cb2  __mspabi_divd                 
0000361e  do_tast                       
0000390c  ldexp                         
0000390c  ldexpl                        
0000390c  scalbn                        
0000390c  scalbnl                       
00003de8  aligned_alloc                 
00003de8  memalign                      
00003fae  __mspabi_cmpd                 
0000408a  display                       
00004216  __mspabi_mpyf                 
000042da  __TI_renormd                  
00004398  frexp                         
00004398  frexpl                        
00004448  __mspabi_fltlid               
000046c0  __mspabi_cvtdf                
0000474c  ltoa                          
000047d0  __TI_decompress_lzss          
000048c6  lcd1602_init                  
0000493a  __mspabi_fixdli               
00004a1a  Key_Scan                      
00004a84  SPI_Init                      
00004aec  __mspabi_cvtfd                
00004b54  __mspabi_srll_15              
00004b5a  __mspabi_srll_14              
00004b60  __mspabi_srll_13              
00004b66  __mspabi_srll_12              
00004b6c  __mspabi_srll_11              
00004b72  __mspabi_srll_10              
00004b78  __mspabi_srll_9               
00004b7e  __mspabi_srll_8               
00004b84  __mspabi_srll_7               
00004b8a  __mspabi_srll_6               
00004b90  __mspabi_srll_5               
00004b96  __mspabi_srll_4               
00004b9c  __mspabi_srll_3               
00004ba2  __mspabi_srll_2               
00004ba8  __mspabi_srll_1               
00004bb0  __mspabi_divul                
00004bb0  __mspabi_remul                
00004c08  atoi                          
00004ca8  __mspabi_srli                 
00004cb6  __mspabi_srli_15              
00004cba  __mspabi_srli_14              
00004cbe  __mspabi_srli_13              
00004cc2  __mspabi_srli_12              
00004cc6  __mspabi_srli_11              
00004cca  __mspabi_srli_10              
00004cce  __mspabi_srli_9               
00004cd2  __mspabi_srli_8               
00004cd6  __mspabi_srli_7               
00004cda  __mspabi_srli_6               
00004cde  __mspabi_srli_5               
00004ce2  __mspabi_srli_4               
00004ce6  __mspabi_srli_3               
00004cea  __mspabi_srli_2               
00004cee  __mspabi_srli_1               
00004cf4  __mspabi_srlll                
00004d3a  __mspabi_sllll                
00004d7e  __TI_auto_init_nobinit_nopinit
00004dc0  __mspabi_divli                
00004dc0  __mspabi_remli                
00004e00  __mspabi_sral_15              
00004e04  __mspabi_sral_14              
00004e08  __mspabi_sral_13              
00004e0c  __mspabi_sral_12              
00004e10  __mspabi_sral_11              
00004e14  __mspabi_sral_10              
00004e18  __mspabi_sral_9               
00004e1c  __mspabi_sral_8               
00004e20  __mspabi_sral_7               
00004e24  __mspabi_sral_6               
00004e28  __mspabi_sral_5               
00004e2c  __mspabi_sral_4               
00004e30  __mspabi_sral_3               
00004e34  __mspabi_sral_2               
00004e38  __mspabi_sral_1               
00004e3e  __mspabi_slll_15              
00004e42  __mspabi_slll_14              
00004e46  __mspabi_slll_13              
00004e4a  __mspabi_slll_12              
00004e4e  __mspabi_slll_11              
00004e52  __mspabi_slll_10              
00004e56  __mspabi_slll_9               
00004e5a  __mspabi_slll_8               
00004e5e  __mspabi_slll_7               
00004e62  __mspabi_slll_6               
00004e66  __mspabi_slll_5               
00004e6a  __mspabi_slll_4               
00004e6e  __mspabi_slll_3               
00004e72  __mspabi_slll_2               
00004e76  __mspabi_slll_1               
00004e7c  main                          
00004eb8  sprintf                       
00004ef0  __mspabi_fltif                
00004f26  SYSTEM_INIT                   
00004f5a  GPIO_INIT                     
00004fec  __mspabi_subd                 
0000501a  copysign                      
0000501a  copysignl                     
00005048  lcd1602_new_dev               
00005076  __mspabi_mpyl_hw              
000050a4  lcd1602_write_str             
000050d0  __mspabi_srai                 
000050dc  __mspabi_srai_15              
000050de  __mspabi_srai_14              
000050e0  __mspabi_srai_13              
000050e2  __mspabi_srai_12              
000050e4  __mspabi_srai_11              
000050e6  __mspabi_srai_10              
000050e8  __mspabi_srai_9               
000050ea  __mspabi_srai_8               
000050ec  __mspabi_srai_7               
000050ee  __mspabi_srai_6               
000050f0  __mspabi_srai_5               
000050f2  __mspabi_srai_4               
000050f4  __mspabi_srai_3               
000050f6  __mspabi_srai_2               
000050f8  __mspabi_srai_1               
000050fc  __mspabi_slli                 
00005108  __mspabi_slli_15              
0000510a  __mspabi_slli_14              
0000510c  __mspabi_slli_13              
0000510e  __mspabi_slli_12              
00005110  __mspabi_slli_11              
00005112  __mspabi_slli_10              
00005114  __mspabi_slli_9               
00005116  __mspabi_slli_8               
00005118  __mspabi_slli_7               
0000511a  __mspabi_slli_6               
0000511c  __mspabi_slli_5               
0000511e  __mspabi_slli_4               
00005120  __mspabi_slli_3               
00005122  __mspabi_slli_2               
00005124  __mspabi_slli_1               
00005128  __mspabi_negd                 
00005152  ADC_Init                      
0000517a  __mspabi_fixdi                
000051ca  __mspabi_fltuf                
000051ee  lcd1602_write_char            
00005210  da_out                        
00005230  _c_int00_noargs               
00005282  memccpy                       
0000529c  strchr                        
000052b6  __mspabi_divu                 
000052b6  __mspabi_remu                 
000052cc  __TI_zero_init_nomemset       
000052e0  lcd1602_lcd_clear             
000052f4  memset                        
00005308  __mspabi_mpyi_hw              
0000531c  spiSendByte                   
00005330  wcslen                        
00005356  __TI_decompress_none          
00005368  __mspabi_srll                 
0000537a  memcpy                        
0000538c  adc_get                       
0000539c  __mspabi_sral                 
000053ac  __mspabi_slll                 
000053bc  __mspabi_func_epilog_7        
000053be  __mspabi_func_epilog_6        
000053c0  __mspabi_func_epilog_5        
000053c2  __mspabi_func_epilog_4        
000053c4  __mspabi_func_epilog_3        
000053c6  __mspabi_func_epilog_2        
000053c8  __mspabi_func_epilog_1        
000053cc  strlen                        
000053da  KeyPort_init                  
000053e6  __mspabi_fltid                
000053f2  toupper                       
000053fe  abs                           
00005408  WDT_Init                      
00005410  __TI_ISR_TRAP                 
00005418  malloc                        
0000542c  C$$EXIT                       
0000542c  abort                         
00005432  key_init                      
00005438  key_scan                      
0000543e  _system_pre_init              
00005442  _nop                          
00005444  _system_post_cinit            
00005446  _ctypes_                      
000055a4  __TI_Handler_Table_Base       
000055aa  __TI_Handler_Table_Limit      
000055ae  __TI_CINIT_Base               
000055b6  __TI_CINIT_Limit              
0000ffe2  __TI_int01                    
0000ffe4  __TI_int02                    
0000ffe6  __TI_int03                    
0000ffe8  __TI_int04                    
0000ffea  __TI_int05                    
0000ffec  __TI_int06                    
0000ffee  __TI_int07                    
0000fff0  __TI_int08                    
0000fff2  __TI_int09                    
0000fff4  __TI_int10                    
0000fff6  __TI_int11                    
0000fff8  __TI_int12                    
0000fffa  __TI_int13                    
0000fffc  __TI_int14                    
0000fffe  _reset_vector                 
ffffffff  __TI_pprof_out_hndl           
ffffffff  __TI_prof_data_size           
ffffffff  __TI_prof_data_start          
ffffffff  __c_args__                    

[364 symbols]
