<?xml version="1.0" encoding="ISO-8859-1" ?>
<link_info>
   <banner>MSP430 Linker Unix v18.12.1.LTS</banner>
   <copyright>Copyright (c) 2003-2018 Texas Instruments Incorporated</copyright>
   <link_time>0x5cb82a05</link_time>
   <link_errors>0x0</link_errors>
   <output_file>C14_DAC_1602_KEY_LP_FILTER_MSP430F14x_CCS9_0.out</output_file>
   <entry_point>
      <name>_c_int00_noargs</name>
      <address>0x5282</address>
   </entry_point>
   <input_file_list>
      <input_file id="fl-1">
         <path>./src/</path>
         <kind>object</kind>
         <file>adc.obj</file>
         <name>adc.obj</name>
      </input_file>
      <input_file id="fl-2">
         <path>./src/</path>
         <kind>object</kind>
         <file>da5615.obj</file>
         <name>da5615.obj</name>
      </input_file>
      <input_file id="fl-3">
         <path>./src/</path>
         <kind>object</kind>
         <file>key.obj</file>
         <name>key.obj</name>
      </input_file>
      <input_file id="fl-4">
         <path>./src/</path>
         <kind>object</kind>
         <file>lcd1602.obj</file>
         <name>lcd1602.obj</name>
      </input_file>
      <input_file id="fl-5">
         <path>./src/</path>
         <kind>object</kind>
         <file>main.obj</file>
         <name>main.obj</name>
      </input_file>
      <input_file id="fl-a">
         <kind>object</kind>
         <file>&lt;internal&gt;</file>
         <name>&lt;internal&gt;</name>
      </input_file>
      <input_file id="fl-20">
         <path>/opt/ti/ccs900/ccs/tools/compiler/ti-cgt-msp430_18.12.1.LTS/lib/</path>
         <kind>archive</kind>
         <file>rts430_eabi.lib</file>
         <name>sprintf.c.obj</name>
      </input_file>
      <input_file id="fl-21">
         <path>/opt/ti/ccs900/ccs/tools/compiler/ti-cgt-msp430_18.12.1.LTS/lib/</path>
         <kind>archive</kind>
         <file>rts430_eabi.lib</file>
         <name>epilog.asm.obj</name>
      </input_file>
      <input_file id="fl-22">
         <path>/opt/ti/ccs900/ccs/tools/compiler/ti-cgt-msp430_18.12.1.LTS/lib/</path>
         <kind>archive</kind>
         <file>rts430_eabi.lib</file>
         <name>fs_cmp.asm.obj</name>
      </input_file>
      <input_file id="fl-23">
         <path>/opt/ti/ccs900/ccs/tools/compiler/ti-cgt-msp430_18.12.1.LTS/lib/</path>
         <kind>archive</kind>
         <file>rts430_eabi.lib</file>
         <name>fs_itof.asm.obj</name>
      </input_file>
      <input_file id="fl-24">
         <path>/opt/ti/ccs900/ccs/tools/compiler/ti-cgt-msp430_18.12.1.LTS/lib/</path>
         <kind>archive</kind>
         <file>rts430_eabi.lib</file>
         <name>fs_mpy.asm.obj</name>
      </input_file>
      <input_file id="fl-25">
         <path>/opt/ti/ccs900/ccs/tools/compiler/ti-cgt-msp430_18.12.1.LTS/lib/</path>
         <kind>archive</kind>
         <file>rts430_eabi.lib</file>
         <name>fs_utof.asm.obj</name>
      </input_file>
      <input_file id="fl-26">
         <path>/opt/ti/ccs900/ccs/tools/compiler/ti-cgt-msp430_18.12.1.LTS/lib/</path>
         <kind>archive</kind>
         <file>rts430_eabi.lib</file>
         <name>int01.asm.obj</name>
      </input_file>
      <input_file id="fl-27">
         <path>/opt/ti/ccs900/ccs/tools/compiler/ti-cgt-msp430_18.12.1.LTS/lib/</path>
         <kind>archive</kind>
         <file>rts430_eabi.lib</file>
         <name>int02.asm.obj</name>
      </input_file>
      <input_file id="fl-28">
         <path>/opt/ti/ccs900/ccs/tools/compiler/ti-cgt-msp430_18.12.1.LTS/lib/</path>
         <kind>archive</kind>
         <file>rts430_eabi.lib</file>
         <name>int03.asm.obj</name>
      </input_file>
      <input_file id="fl-29">
         <path>/opt/ti/ccs900/ccs/tools/compiler/ti-cgt-msp430_18.12.1.LTS/lib/</path>
         <kind>archive</kind>
         <file>rts430_eabi.lib</file>
         <name>int04.asm.obj</name>
      </input_file>
      <input_file id="fl-2a">
         <path>/opt/ti/ccs900/ccs/tools/compiler/ti-cgt-msp430_18.12.1.LTS/lib/</path>
         <kind>archive</kind>
         <file>rts430_eabi.lib</file>
         <name>int05.asm.obj</name>
      </input_file>
      <input_file id="fl-2b">
         <path>/opt/ti/ccs900/ccs/tools/compiler/ti-cgt-msp430_18.12.1.LTS/lib/</path>
         <kind>archive</kind>
         <file>rts430_eabi.lib</file>
         <name>int06.asm.obj</name>
      </input_file>
      <input_file id="fl-2c">
         <path>/opt/ti/ccs900/ccs/tools/compiler/ti-cgt-msp430_18.12.1.LTS/lib/</path>
         <kind>archive</kind>
         <file>rts430_eabi.lib</file>
         <name>int07.asm.obj</name>
      </input_file>
      <input_file id="fl-2d">
         <path>/opt/ti/ccs900/ccs/tools/compiler/ti-cgt-msp430_18.12.1.LTS/lib/</path>
         <kind>archive</kind>
         <file>rts430_eabi.lib</file>
         <name>int08.asm.obj</name>
      </input_file>
      <input_file id="fl-2e">
         <path>/opt/ti/ccs900/ccs/tools/compiler/ti-cgt-msp430_18.12.1.LTS/lib/</path>
         <kind>archive</kind>
         <file>rts430_eabi.lib</file>
         <name>int09.asm.obj</name>
      </input_file>
      <input_file id="fl-2f">
         <path>/opt/ti/ccs900/ccs/tools/compiler/ti-cgt-msp430_18.12.1.LTS/lib/</path>
         <kind>archive</kind>
         <file>rts430_eabi.lib</file>
         <name>int10.asm.obj</name>
      </input_file>
      <input_file id="fl-30">
         <path>/opt/ti/ccs900/ccs/tools/compiler/ti-cgt-msp430_18.12.1.LTS/lib/</path>
         <kind>archive</kind>
         <file>rts430_eabi.lib</file>
         <name>int11.asm.obj</name>
      </input_file>
      <input_file id="fl-31">
         <path>/opt/ti/ccs900/ccs/tools/compiler/ti-cgt-msp430_18.12.1.LTS/lib/</path>
         <kind>archive</kind>
         <file>rts430_eabi.lib</file>
         <name>int12.asm.obj</name>
      </input_file>
      <input_file id="fl-32">
         <path>/opt/ti/ccs900/ccs/tools/compiler/ti-cgt-msp430_18.12.1.LTS/lib/</path>
         <kind>archive</kind>
         <file>rts430_eabi.lib</file>
         <name>int13.asm.obj</name>
      </input_file>
      <input_file id="fl-33">
         <path>/opt/ti/ccs900/ccs/tools/compiler/ti-cgt-msp430_18.12.1.LTS/lib/</path>
         <kind>archive</kind>
         <file>rts430_eabi.lib</file>
         <name>int14.asm.obj</name>
      </input_file>
      <input_file id="fl-34">
         <path>/opt/ti/ccs900/ccs/tools/compiler/ti-cgt-msp430_18.12.1.LTS/lib/</path>
         <kind>archive</kind>
         <file>rts430_eabi.lib</file>
         <name>isr_trap.asm.obj</name>
      </input_file>
      <input_file id="fl-35">
         <path>/opt/ti/ccs900/ccs/tools/compiler/ti-cgt-msp430_18.12.1.LTS/lib/</path>
         <kind>archive</kind>
         <file>rts430_eabi.lib</file>
         <name>mult16.asm.obj</name>
      </input_file>
      <input_file id="fl-36">
         <path>/opt/ti/ccs900/ccs/tools/compiler/ti-cgt-msp430_18.12.1.LTS/lib/</path>
         <kind>archive</kind>
         <file>rts430_eabi.lib</file>
         <name>mult16_hw.asm.obj</name>
      </input_file>
      <input_file id="fl-37">
         <path>/opt/ti/ccs900/ccs/tools/compiler/ti-cgt-msp430_18.12.1.LTS/lib/</path>
         <kind>archive</kind>
         <file>rts430_eabi.lib</file>
         <name>mult1632_hw.asm.obj</name>
      </input_file>
      <input_file id="fl-38">
         <path>/opt/ti/ccs900/ccs/tools/compiler/ti-cgt-msp430_18.12.1.LTS/lib/</path>
         <kind>archive</kind>
         <file>rts430_eabi.lib</file>
         <name>mult32_hw.asm.obj</name>
      </input_file>
      <input_file id="fl-39">
         <path>/opt/ti/ccs900/ccs/tools/compiler/ti-cgt-msp430_18.12.1.LTS/lib/</path>
         <kind>archive</kind>
         <file>rts430_eabi.lib</file>
         <name>mult3264_hw.asm.obj</name>
      </input_file>
      <input_file id="fl-3a">
         <path>/opt/ti/ccs900/ccs/tools/compiler/ti-cgt-msp430_18.12.1.LTS/lib/</path>
         <kind>archive</kind>
         <file>rts430_eabi.lib</file>
         <name>mult64_hw.asm.obj</name>
      </input_file>
      <input_file id="fl-3b">
         <path>/opt/ti/ccs900/ccs/tools/compiler/ti-cgt-msp430_18.12.1.LTS/lib/</path>
         <kind>archive</kind>
         <file>rts430_eabi.lib</file>
         <name>boot.c.obj</name>
      </input_file>
      <input_file id="fl-3c">
         <path>/opt/ti/ccs900/ccs/tools/compiler/ti-cgt-msp430_18.12.1.LTS/lib/</path>
         <kind>archive</kind>
         <file>rts430_eabi.lib</file>
         <name>autoinit.c.obj</name>
      </input_file>
      <input_file id="fl-3d">
         <path>/opt/ti/ccs900/ccs/tools/compiler/ti-cgt-msp430_18.12.1.LTS/lib/</path>
         <kind>archive</kind>
         <file>rts430_eabi.lib</file>
         <name>copy_zero_init.c.obj</name>
      </input_file>
      <input_file id="fl-3e">
         <path>/opt/ti/ccs900/ccs/tools/compiler/ti-cgt-msp430_18.12.1.LTS/lib/</path>
         <kind>archive</kind>
         <file>rts430_eabi.lib</file>
         <name>cpy_tbl.c.obj</name>
      </input_file>
      <input_file id="fl-3f">
         <path>/opt/ti/ccs900/ccs/tools/compiler/ti-cgt-msp430_18.12.1.LTS/lib/</path>
         <kind>archive</kind>
         <file>rts430_eabi.lib</file>
         <name>mpu_init.c.obj</name>
      </input_file>
      <input_file id="fl-40">
         <path>/opt/ti/ccs900/ccs/tools/compiler/ti-cgt-msp430_18.12.1.LTS/lib/</path>
         <kind>archive</kind>
         <file>rts430_eabi.lib</file>
         <name>pre_init.c.obj</name>
      </input_file>
      <input_file id="fl-41">
         <path>/opt/ti/ccs900/ccs/tools/compiler/ti-cgt-msp430_18.12.1.LTS/lib/</path>
         <kind>archive</kind>
         <file>rts430_eabi.lib</file>
         <name>startup.c.obj</name>
      </input_file>
      <input_file id="fl-42">
         <path>/opt/ti/ccs900/ccs/tools/compiler/ti-cgt-msp430_18.12.1.LTS/lib/</path>
         <kind>archive</kind>
         <file>rts430_eabi.lib</file>
         <name>copy_decompress_none.c.obj</name>
      </input_file>
      <input_file id="fl-43">
         <path>/opt/ti/ccs900/ccs/tools/compiler/ti-cgt-msp430_18.12.1.LTS/lib/</path>
         <kind>archive</kind>
         <file>rts430_eabi.lib</file>
         <name>copy_decompress_lzss.c.obj</name>
      </input_file>
      <input_file id="fl-44">
         <path>/opt/ti/ccs900/ccs/tools/compiler/ti-cgt-msp430_18.12.1.LTS/lib/</path>
         <kind>archive</kind>
         <file>rts430_eabi.lib</file>
         <name>cvtdf.c.obj</name>
      </input_file>
      <input_file id="fl-45">
         <path>/opt/ti/ccs900/ccs/tools/compiler/ti-cgt-msp430_18.12.1.LTS/lib/</path>
         <kind>archive</kind>
         <file>rts430_eabi.lib</file>
         <name>cvtfd.c.obj</name>
      </input_file>
      <input_file id="fl-46">
         <path>/opt/ti/ccs900/ccs/tools/compiler/ti-cgt-msp430_18.12.1.LTS/lib/</path>
         <kind>archive</kind>
         <file>rts430_eabi.lib</file>
         <name>mpyd.c.obj</name>
      </input_file>
      <input_file id="fl-47">
         <path>/opt/ti/ccs900/ccs/tools/compiler/ti-cgt-msp430_18.12.1.LTS/lib/</path>
         <kind>archive</kind>
         <file>rts430_eabi.lib</file>
         <name>exit.c.obj</name>
      </input_file>
      <input_file id="fl-48">
         <path>/opt/ti/ccs900/ccs/tools/compiler/ti-cgt-msp430_18.12.1.LTS/lib/</path>
         <kind>archive</kind>
         <file>rts430_eabi.lib</file>
         <name>_lock.c.obj</name>
      </input_file>
      <input_file id="fl-49">
         <path>/opt/ti/ccs900/ccs/tools/compiler/ti-cgt-msp430_18.12.1.LTS/lib/</path>
         <kind>archive</kind>
         <file>rts430_eabi.lib</file>
         <name>args_main.c.obj</name>
      </input_file>
      <input_file id="fl-4a">
         <path>/opt/ti/ccs900/ccs/tools/compiler/ti-cgt-msp430_18.12.1.LTS/lib/</path>
         <kind>archive</kind>
         <file>rts430_eabi.lib</file>
         <name>memcpy.c.obj</name>
      </input_file>
      <input_file id="fl-4b">
         <path>/opt/ti/ccs900/ccs/tools/compiler/ti-cgt-msp430_18.12.1.LTS/lib/</path>
         <kind>archive</kind>
         <file>rts430_eabi.lib</file>
         <name>memory.c.obj</name>
      </input_file>
      <input_file id="fl-4c">
         <path>/opt/ti/ccs900/ccs/tools/compiler/ti-cgt-msp430_18.12.1.LTS/lib/</path>
         <kind>archive</kind>
         <file>rts430_eabi.lib</file>
         <name>memset.c.obj</name>
      </input_file>
      <input_file id="fl-4d">
         <path>/opt/ti/ccs900/ccs/tools/compiler/ti-cgt-msp430_18.12.1.LTS/lib/</path>
         <kind>archive</kind>
         <file>rts430_eabi.lib</file>
         <name>_printfi.c.obj</name>
      </input_file>
      <input_file id="fl-4e">
         <path>/opt/ti/ccs900/ccs/tools/compiler/ti-cgt-msp430_18.12.1.LTS/lib/</path>
         <kind>archive</kind>
         <file>rts430_eabi.lib</file>
         <name>s_frexp.c.obj</name>
      </input_file>
      <input_file id="fl-4f">
         <path>/opt/ti/ccs900/ccs/tools/compiler/ti-cgt-msp430_18.12.1.LTS/lib/</path>
         <kind>archive</kind>
         <file>rts430_eabi.lib</file>
         <name>s_scalbn.c.obj</name>
      </input_file>
      <input_file id="fl-50">
         <path>/opt/ti/ccs900/ccs/tools/compiler/ti-cgt-msp430_18.12.1.LTS/lib/</path>
         <kind>archive</kind>
         <file>rts430_eabi.lib</file>
         <name>wcslen.c.obj</name>
      </input_file>
      <input_file id="fl-51">
         <path>/opt/ti/ccs900/ccs/tools/compiler/ti-cgt-msp430_18.12.1.LTS/lib/</path>
         <kind>archive</kind>
         <file>rts430_eabi.lib</file>
         <name>s_copysign.c.obj</name>
      </input_file>
      <input_file id="fl-52">
         <path>/opt/ti/ccs900/ccs/tools/compiler/ti-cgt-msp430_18.12.1.LTS/lib/</path>
         <kind>archive</kind>
         <file>rts430_eabi.lib</file>
         <name>asr16.asm.obj</name>
      </input_file>
      <input_file id="fl-53">
         <path>/opt/ti/ccs900/ccs/tools/compiler/ti-cgt-msp430_18.12.1.LTS/lib/</path>
         <kind>archive</kind>
         <file>rts430_eabi.lib</file>
         <name>asr32.asm.obj</name>
      </input_file>
      <input_file id="fl-54">
         <path>/opt/ti/ccs900/ccs/tools/compiler/ti-cgt-msp430_18.12.1.LTS/lib/</path>
         <kind>archive</kind>
         <file>rts430_eabi.lib</file>
         <name>div16u.asm.obj</name>
      </input_file>
      <input_file id="fl-55">
         <path>/opt/ti/ccs900/ccs/tools/compiler/ti-cgt-msp430_18.12.1.LTS/lib/</path>
         <kind>archive</kind>
         <file>rts430_eabi.lib</file>
         <name>div32u.asm.obj</name>
      </input_file>
      <input_file id="fl-56">
         <path>/opt/ti/ccs900/ccs/tools/compiler/ti-cgt-msp430_18.12.1.LTS/lib/</path>
         <kind>archive</kind>
         <file>rts430_eabi.lib</file>
         <name>lsl16.asm.obj</name>
      </input_file>
      <input_file id="fl-57">
         <path>/opt/ti/ccs900/ccs/tools/compiler/ti-cgt-msp430_18.12.1.LTS/lib/</path>
         <kind>archive</kind>
         <file>rts430_eabi.lib</file>
         <name>lsl32.asm.obj</name>
      </input_file>
      <input_file id="fl-58">
         <path>/opt/ti/ccs900/ccs/tools/compiler/ti-cgt-msp430_18.12.1.LTS/lib/</path>
         <kind>archive</kind>
         <file>rts430_eabi.lib</file>
         <name>lsr16.asm.obj</name>
      </input_file>
      <input_file id="fl-59">
         <path>/opt/ti/ccs900/ccs/tools/compiler/ti-cgt-msp430_18.12.1.LTS/lib/</path>
         <kind>archive</kind>
         <file>rts430_eabi.lib</file>
         <name>exit_gvars.c.obj</name>
      </input_file>
      <input_file id="fl-5a">
         <path>/opt/ti/ccs900/ccs/tools/compiler/ti-cgt-msp430_18.12.1.LTS/lib/</path>
         <kind>archive</kind>
         <file>rts430_eabi.lib</file>
         <name>lsr64.c.obj</name>
      </input_file>
      <input_file id="fl-5b">
         <path>/opt/ti/ccs900/ccs/tools/compiler/ti-cgt-msp430_18.12.1.LTS/lib/</path>
         <kind>archive</kind>
         <file>rts430_eabi.lib</file>
         <name>div64u.c.obj</name>
      </input_file>
      <input_file id="fl-5c">
         <path>/opt/ti/ccs900/ccs/tools/compiler/ti-cgt-msp430_18.12.1.LTS/lib/</path>
         <kind>archive</kind>
         <file>rts430_eabi.lib</file>
         <name>addd.c.obj</name>
      </input_file>
      <input_file id="fl-5d">
         <path>/opt/ti/ccs900/ccs/tools/compiler/ti-cgt-msp430_18.12.1.LTS/lib/</path>
         <kind>archive</kind>
         <file>rts430_eabi.lib</file>
         <name>cmpd.c.obj</name>
      </input_file>
      <input_file id="fl-5e">
         <path>/opt/ti/ccs900/ccs/tools/compiler/ti-cgt-msp430_18.12.1.LTS/lib/</path>
         <kind>archive</kind>
         <file>rts430_eabi.lib</file>
         <name>divd.c.obj</name>
      </input_file>
      <input_file id="fl-5f">
         <path>/opt/ti/ccs900/ccs/tools/compiler/ti-cgt-msp430_18.12.1.LTS/lib/</path>
         <kind>archive</kind>
         <file>rts430_eabi.lib</file>
         <name>fixdi.c.obj</name>
      </input_file>
      <input_file id="fl-60">
         <path>/opt/ti/ccs900/ccs/tools/compiler/ti-cgt-msp430_18.12.1.LTS/lib/</path>
         <kind>archive</kind>
         <file>rts430_eabi.lib</file>
         <name>fixdli.c.obj</name>
      </input_file>
      <input_file id="fl-61">
         <path>/opt/ti/ccs900/ccs/tools/compiler/ti-cgt-msp430_18.12.1.LTS/lib/</path>
         <kind>archive</kind>
         <file>rts430_eabi.lib</file>
         <name>fltid.c.obj</name>
      </input_file>
      <input_file id="fl-62">
         <path>/opt/ti/ccs900/ccs/tools/compiler/ti-cgt-msp430_18.12.1.LTS/lib/</path>
         <kind>archive</kind>
         <file>rts430_eabi.lib</file>
         <name>fltlid.c.obj</name>
      </input_file>
      <input_file id="fl-63">
         <path>/opt/ti/ccs900/ccs/tools/compiler/ti-cgt-msp430_18.12.1.LTS/lib/</path>
         <kind>archive</kind>
         <file>rts430_eabi.lib</file>
         <name>frcaddd.c.obj</name>
      </input_file>
      <input_file id="fl-64">
         <path>/opt/ti/ccs900/ccs/tools/compiler/ti-cgt-msp430_18.12.1.LTS/lib/</path>
         <kind>archive</kind>
         <file>rts430_eabi.lib</file>
         <name>frcdivd.c.obj</name>
      </input_file>
      <input_file id="fl-65">
         <path>/opt/ti/ccs900/ccs/tools/compiler/ti-cgt-msp430_18.12.1.LTS/lib/</path>
         <kind>archive</kind>
         <file>rts430_eabi.lib</file>
         <name>frcmpyd.c.obj</name>
      </input_file>
      <input_file id="fl-66">
         <path>/opt/ti/ccs900/ccs/tools/compiler/ti-cgt-msp430_18.12.1.LTS/lib/</path>
         <kind>archive</kind>
         <file>rts430_eabi.lib</file>
         <name>negd.c.obj</name>
      </input_file>
      <input_file id="fl-67">
         <path>/opt/ti/ccs900/ccs/tools/compiler/ti-cgt-msp430_18.12.1.LTS/lib/</path>
         <kind>archive</kind>
         <file>rts430_eabi.lib</file>
         <name>renormd.c.obj</name>
      </input_file>
      <input_file id="fl-68">
         <path>/opt/ti/ccs900/ccs/tools/compiler/ti-cgt-msp430_18.12.1.LTS/lib/</path>
         <kind>archive</kind>
         <file>rts430_eabi.lib</file>
         <name>subd.c.obj</name>
      </input_file>
      <input_file id="fl-69">
         <path>/opt/ti/ccs900/ccs/tools/compiler/ti-cgt-msp430_18.12.1.LTS/lib/</path>
         <kind>archive</kind>
         <file>rts430_eabi.lib</file>
         <name>atoi.c.obj</name>
      </input_file>
      <input_file id="fl-6a">
         <path>/opt/ti/ccs900/ccs/tools/compiler/ti-cgt-msp430_18.12.1.LTS/lib/</path>
         <kind>archive</kind>
         <file>rts430_eabi.lib</file>
         <name>ctype.c.obj</name>
      </input_file>
      <input_file id="fl-6b">
         <path>/opt/ti/ccs900/ccs/tools/compiler/ti-cgt-msp430_18.12.1.LTS/lib/</path>
         <kind>archive</kind>
         <file>rts430_eabi.lib</file>
         <name>ltoa.c.obj</name>
      </input_file>
      <input_file id="fl-6c">
         <path>/opt/ti/ccs900/ccs/tools/compiler/ti-cgt-msp430_18.12.1.LTS/lib/</path>
         <kind>archive</kind>
         <file>rts430_eabi.lib</file>
         <name>memccpy.c.obj</name>
      </input_file>
      <input_file id="fl-6d">
         <path>/opt/ti/ccs900/ccs/tools/compiler/ti-cgt-msp430_18.12.1.LTS/lib/</path>
         <kind>archive</kind>
         <file>rts430_eabi.lib</file>
         <name>strchr.c.obj</name>
      </input_file>
      <input_file id="fl-6e">
         <path>/opt/ti/ccs900/ccs/tools/compiler/ti-cgt-msp430_18.12.1.LTS/lib/</path>
         <kind>archive</kind>
         <file>rts430_eabi.lib</file>
         <name>strlen.c.obj</name>
      </input_file>
      <input_file id="fl-6f">
         <path>/opt/ti/ccs900/ccs/tools/compiler/ti-cgt-msp430_18.12.1.LTS/lib/</path>
         <kind>archive</kind>
         <file>rts430_eabi.lib</file>
         <name>toupper.c.obj</name>
      </input_file>
      <input_file id="fl-70">
         <path>/opt/ti/ccs900/ccs/tools/compiler/ti-cgt-msp430_18.12.1.LTS/lib/</path>
         <kind>archive</kind>
         <file>rts430_eabi.lib</file>
         <name>errno.c.obj</name>
      </input_file>
      <input_file id="fl-71">
         <path>/opt/ti/ccs900/ccs/tools/compiler/ti-cgt-msp430_18.12.1.LTS/lib/</path>
         <kind>archive</kind>
         <file>rts430_eabi.lib</file>
         <name>abs.c.obj</name>
      </input_file>
      <input_file id="fl-72">
         <path>/opt/ti/ccs900/ccs/tools/compiler/ti-cgt-msp430_18.12.1.LTS/lib/</path>
         <kind>archive</kind>
         <file>rts430_eabi.lib</file>
         <name>div32s.asm.obj</name>
      </input_file>
      <input_file id="fl-73">
         <path>/opt/ti/ccs900/ccs/tools/compiler/ti-cgt-msp430_18.12.1.LTS/lib/</path>
         <kind>archive</kind>
         <file>rts430_eabi.lib</file>
         <name>lsr32.asm.obj</name>
      </input_file>
      <input_file id="fl-74">
         <path>/opt/ti/ccs900/ccs/tools/compiler/ti-cgt-msp430_18.12.1.LTS/lib/</path>
         <kind>archive</kind>
         <file>rts430_eabi.lib</file>
         <name>mult32.asm.obj</name>
      </input_file>
      <input_file id="fl-75">
         <path>/opt/ti/ccs900/ccs/tools/compiler/ti-cgt-msp430_18.12.1.LTS/lib/</path>
         <kind>archive</kind>
         <file>rts430_eabi.lib</file>
         <name>lsl64.c.obj</name>
      </input_file>
   </input_file_list>
   <object_component_list>
      <object_component id="oc-3a5">
         <name>.bss</name>
         <uninitialized>true</uninitialized>
         <run_address>0x276</run_address>
         <size>0x2</size>
         <input_file_ref idref="fl-4b"/>
      </object_component>
      <object_component id="oc-24a">
         <name>.common:key</name>
         <uninitialized>true</uninitialized>
         <run_address>0x27a</run_address>
         <size>0x1</size>
      </object_component>
      <object_component id="oc-240">
         <name>.common:lcd1602</name>
         <uninitialized>true</uninitialized>
         <run_address>0x278</run_address>
         <size>0x2</size>
      </object_component>
      <object_component id="oc-1a1">
         <name>.common:display_d</name>
         <uninitialized>true</uninitialized>
         <run_address>0x26a</run_address>
         <size>0xc</size>
      </object_component>
      <object_component id="oc-1c9">
         <name>.data</name>
         <load_address>0x25e</load_address>
         <run_address>0x25e</run_address>
         <size>0x4</size>
         <input_file_ref idref="fl-1"/>
      </object_component>
      <object_component id="oc-24d">
         <name>.data</name>
         <load_address>0x250</load_address>
         <run_address>0x250</run_address>
         <size>0xe</size>
         <input_file_ref idref="fl-5"/>
      </object_component>
      <object_component id="oc-292">
         <name>.data:_lock</name>
         <load_address>0x262</load_address>
         <run_address>0x262</run_address>
         <size>0x2</size>
         <input_file_ref idref="fl-48"/>
      </object_component>
      <object_component id="oc-29b">
         <name>.data:_unlock</name>
         <load_address>0x264</load_address>
         <run_address>0x264</run_address>
         <size>0x2</size>
         <input_file_ref idref="fl-48"/>
      </object_component>
      <object_component id="oc-3a2">
         <name>.data</name>
         <load_address>0x268</load_address>
         <run_address>0x268</run_address>
         <size>0x2</size>
         <input_file_ref idref="fl-4b"/>
      </object_component>
      <object_component id="oc-42e">
         <name>.data</name>
         <load_address>0x266</load_address>
         <run_address>0x266</run_address>
         <size>0x2</size>
         <input_file_ref idref="fl-70"/>
      </object_component>
      <object_component id="oc-d7">
         <name>.sysmem</name>
         <uninitialized>true</uninitialized>
         <run_address>0x200</run_address>
         <size>0x8</size>
         <input_file_ref idref="fl-4b"/>
      </object_component>
      <object_component id="oc-5f6">
         <name>.sysmem</name>
         <uninitialized>true</uninitialized>
         <run_address>0x200</run_address>
         <size>0x0</size>
      </object_component>
      <object_component id="oc-d3">
         <name>.stack</name>
         <uninitialized>true</uninitialized>
         <run_address>0x9b0</run_address>
         <size>0x2</size>
         <input_file_ref idref="fl-3b"/>
      </object_component>
      <object_component id="oc-5f5">
         <name>.stack</name>
         <uninitialized>true</uninitialized>
         <run_address>0x9b0</run_address>
         <size>0x0</size>
      </object_component>
      <object_component id="oc-536">
         <name>.text:__TI_frcdivd</name>
         <load_address>0x1100</load_address>
         <run_address>0x1100</run_address>
         <size>0x478</size>
         <input_file_ref idref="fl-64"/>
      </object_component>
      <object_component id="oc-497">
         <name>.text:__mspabi_divull</name>
         <load_address>0x1578</load_address>
         <run_address>0x1578</run_address>
         <size>0x360</size>
         <input_file_ref idref="fl-5b"/>
      </object_component>
      <object_component id="oc-566">
         <name>.text:__mspabi_addd</name>
         <load_address>0x18d8</load_address>
         <run_address>0x18d8</run_address>
         <size>0x2fa</size>
         <input_file_ref idref="fl-5c"/>
      </object_component>
      <object_component id="oc-378">
         <name>.text:__TI_printfi</name>
         <load_address>0x1bd2</load_address>
         <run_address>0x1bd2</run_address>
         <size>0x288</size>
         <input_file_ref idref="fl-4d"/>
      </object_component>
      <object_component id="oc-318">
         <name>.text:__TI_frcmpyd</name>
         <load_address>0x1e5a</load_address>
         <run_address>0x1e5a</run_address>
         <size>0x286</size>
         <input_file_ref idref="fl-65"/>
      </object_component>
      <object_component id="oc-281">
         <name>.text:__mspabi_mpyd</name>
         <load_address>0x20e0</load_address>
         <run_address>0x20e0</run_address>
         <size>0x26e</size>
         <input_file_ref idref="fl-46"/>
      </object_component>
      <object_component id="oc-41a">
         <name>.text:_pproc_fgea</name>
         <load_address>0x234e</load_address>
         <run_address>0x234e</run_address>
         <size>0x26e</size>
         <input_file_ref idref="fl-4d"/>
      </object_component>
      <object_component id="oc-58a">
         <name>.text:__TI_frcaddd</name>
         <load_address>0x25bc</load_address>
         <run_address>0x25bc</run_address>
         <size>0x260</size>
         <input_file_ref idref="fl-63"/>
      </object_component>
      <object_component id="oc-3d7">
         <name>.text:_setfield</name>
         <load_address>0x281c</load_address>
         <run_address>0x281c</run_address>
         <size>0x252</size>
         <input_file_ref idref="fl-4d"/>
      </object_component>
      <object_component id="oc-4e3">
         <name>.text:acvt</name>
         <load_address>0x2a6e</load_address>
         <run_address>0x2a6e</run_address>
         <size>0x244</size>
         <input_file_ref idref="fl-4d"/>
      </object_component>
      <object_component id="oc-4d6">
         <name>.text:__mspabi_divd</name>
         <load_address>0x2cb2</load_address>
         <run_address>0x2cb2</run_address>
         <size>0x238</size>
         <input_file_ref idref="fl-5e"/>
      </object_component>
      <object_component id="oc-447">
         <name>.text:_getarg_diouxp</name>
         <load_address>0x2eea</load_address>
         <run_address>0x2eea</run_address>
         <size>0x1ec</size>
         <input_file_ref idref="fl-4d"/>
      </object_component>
      <object_component id="oc-4b6">
         <name>.text:ecvt</name>
         <load_address>0x30d6</load_address>
         <run_address>0x30d6</run_address>
         <size>0x1de</size>
         <input_file_ref idref="fl-4d"/>
      </object_component>
      <object_component id="oc-4c9">
         <name>.text:fcvt</name>
         <load_address>0x32b4</load_address>
         <run_address>0x32b4</run_address>
         <size>0x1c4</size>
         <input_file_ref idref="fl-4d"/>
      </object_component>
      <object_component id="oc-471">
         <name>.text:_pconv_e</name>
         <load_address>0x3478</load_address>
         <run_address>0x3478</run_address>
         <size>0x1a6</size>
         <input_file_ref idref="fl-4d"/>
      </object_component>
      <object_component id="oc-1cc">
         <name>.text:do_tast</name>
         <load_address>0x361e</load_address>
         <run_address>0x361e</run_address>
         <size>0x182</size>
         <input_file_ref idref="fl-5"/>
      </object_component>
      <object_component id="oc-477">
         <name>.text:_pconv_a</name>
         <load_address>0x37a0</load_address>
         <run_address>0x37a0</run_address>
         <size>0x174</size>
         <input_file_ref idref="fl-4d"/>
      </object_component>
      <object_component id="oc-545">
         <name>.text:scalbn</name>
         <load_address>0x3914</load_address>
         <run_address>0x3914</run_address>
         <size>0x16a</size>
         <input_file_ref idref="fl-4f"/>
      </object_component>
      <object_component id="oc-414">
         <name>.text:_pproc_diouxp</name>
         <load_address>0x3a7e</load_address>
         <run_address>0x3a7e</run_address>
         <size>0x14c</size>
         <input_file_ref idref="fl-4d"/>
      </object_component>
      <object_component id="oc-44d">
         <name>.text:_ltostr</name>
         <load_address>0x3bca</load_address>
         <run_address>0x3bca</run_address>
         <size>0x12e</size>
         <input_file_ref idref="fl-4d"/>
      </object_component>
      <object_component id="oc-465">
         <name>.text:_pconv_g</name>
         <load_address>0x3cf8</load_address>
         <run_address>0x3cf8</run_address>
         <size>0xf8</size>
         <input_file_ref idref="fl-4d"/>
      </object_component>
      <object_component id="oc-354">
         <name>.text:aligned_alloc</name>
         <load_address>0x3df0</load_address>
         <run_address>0x3df0</run_address>
         <size>0xe6</size>
         <input_file_ref idref="fl-4b"/>
      </object_component>
      <object_component id="oc-3d1">
         <name>.text:_pproc_fwp</name>
         <load_address>0x3ed6</load_address>
         <run_address>0x3ed6</run_address>
         <size>0xe0</size>
         <input_file_ref idref="fl-4d"/>
      </object_component>
      <object_component id="oc-47d">
         <name>.text:__mspabi_cmpd</name>
         <load_address>0x3fb6</load_address>
         <run_address>0x3fb6</run_address>
         <size>0xdc</size>
         <input_file_ref idref="fl-5d"/>
      </object_component>
      <object_component id="oc-255">
         <name>.text:display</name>
         <load_address>0x4092</load_address>
         <run_address>0x4092</run_address>
         <size>0xc8</size>
         <input_file_ref idref="fl-5"/>
      </object_component>
      <object_component id="oc-3e3">
         <name>.text:_pproc_wstr</name>
         <load_address>0x415a</load_address>
         <run_address>0x415a</run_address>
         <size>0xc4</size>
         <input_file_ref idref="fl-4d"/>
      </object_component>
      <object_component id="oc-276">
         <name>.text</name>
         <load_address>0x421e</load_address>
         <run_address>0x421e</run_address>
         <size>0xc4</size>
         <input_file_ref idref="fl-24"/>
      </object_component>
      <object_component id="oc-5a3">
         <name>.text:__TI_renormd</name>
         <load_address>0x42e2</load_address>
         <run_address>0x42e2</run_address>
         <size>0xbe</size>
         <input_file_ref idref="fl-67"/>
      </object_component>
      <object_component id="oc-4dd">
         <name>.text:frexp</name>
         <load_address>0x43a0</load_address>
         <run_address>0x43a0</run_address>
         <size>0xb0</size>
         <input_file_ref idref="fl-4e"/>
      </object_component>
      <object_component id="oc-519">
         <name>.text:__mspabi_fltlid</name>
         <load_address>0x4450</load_address>
         <run_address>0x4450</run_address>
         <size>0xac</size>
         <input_file_ref idref="fl-62"/>
      </object_component>
      <object_component id="oc-3dd">
         <name>.text:_pproc_str</name>
         <load_address>0x44fc</load_address>
         <run_address>0x44fc</run_address>
         <size>0xac</size>
         <input_file_ref idref="fl-4d"/>
      </object_component>
      <object_component id="oc-4c2">
         <name>.text:_mcpy</name>
         <load_address>0x45a8</load_address>
         <run_address>0x45a8</run_address>
         <size>0x92</size>
         <input_file_ref idref="fl-4d"/>
      </object_component>
      <object_component id="oc-4bc">
         <name>.text:_ecpy</name>
         <load_address>0x463a</load_address>
         <run_address>0x463a</run_address>
         <size>0x8e</size>
         <input_file_ref idref="fl-4d"/>
      </object_component>
      <object_component id="oc-287">
         <name>.text:__mspabi_cvtdf</name>
         <load_address>0x46c8</load_address>
         <run_address>0x46c8</run_address>
         <size>0x8c</size>
         <input_file_ref idref="fl-44"/>
      </object_component>
      <object_component id="oc-513">
         <name>.text:ltoa</name>
         <load_address>0x4754</load_address>
         <run_address>0x4754</run_address>
         <size>0x84</size>
         <input_file_ref idref="fl-6b"/>
      </object_component>
      <object_component id="oc-32">
         <name>.text:decompress:lzss:__TI_decompress_lzss</name>
         <load_address>0x47d8</load_address>
         <run_address>0x47d8</run_address>
         <size>0x7c</size>
         <input_file_ref idref="fl-43"/>
      </object_component>
      <object_component id="oc-46b">
         <name>.text:_pconv_f</name>
         <load_address>0x4854</load_address>
         <run_address>0x4854</run_address>
         <size>0x7a</size>
         <input_file_ref idref="fl-4d"/>
      </object_component>
      <object_component id="oc-2cd">
         <name>.text:lcd1602_init</name>
         <load_address>0x48ce</load_address>
         <run_address>0x48ce</run_address>
         <size>0x74</size>
         <input_file_ref idref="fl-4"/>
      </object_component>
      <object_component id="oc-50d">
         <name>.text:__mspabi_fixdli</name>
         <load_address>0x4942</load_address>
         <run_address>0x4942</run_address>
         <size>0x72</size>
         <input_file_ref idref="fl-60"/>
      </object_component>
      <object_component id="oc-3b4">
         <name>.text:split</name>
         <load_address>0x49b4</load_address>
         <run_address>0x49b4</run_address>
         <size>0x6e</size>
         <input_file_ref idref="fl-4b"/>
      </object_component>
      <object_component id="oc-2e8">
         <name>.text:Key_Scan</name>
         <load_address>0x4a22</load_address>
         <run_address>0x4a22</run_address>
         <size>0x6a</size>
         <input_file_ref idref="fl-3"/>
      </object_component>
      <object_component id="oc-1c3">
         <name>.text:SPI_Init</name>
         <load_address>0x4a8c</load_address>
         <run_address>0x4a8c</run_address>
         <size>0x68</size>
         <input_file_ref idref="fl-2"/>
      </object_component>
      <object_component id="oc-27b">
         <name>.text:__mspabi_cvtfd</name>
         <load_address>0x4af4</load_address>
         <run_address>0x4af4</run_address>
         <size>0x68</size>
         <input_file_ref idref="fl-45"/>
      </object_component>
      <object_component id="oc-38a">
         <name>.text:l_lsr_const</name>
         <load_address>0x4b5c</load_address>
         <run_address>0x4b5c</run_address>
         <size>0x5c</size>
         <input_file_ref idref="fl-73"/>
      </object_component>
      <object_component id="oc-49d">
         <name>.text</name>
         <load_address>0x4bb8</load_address>
         <run_address>0x4bb8</run_address>
         <size>0x58</size>
         <input_file_ref idref="fl-55"/>
      </object_component>
      <object_component id="oc-406">
         <name>.text:atoi</name>
         <load_address>0x4c10</load_address>
         <run_address>0x4c10</run_address>
         <size>0x52</size>
         <input_file_ref idref="fl-69"/>
      </object_component>
      <object_component id="oc-4cf">
         <name>.text:_fcpy</name>
         <load_address>0x4c62</load_address>
         <run_address>0x4c62</run_address>
         <size>0x4e</size>
         <input_file_ref idref="fl-4d"/>
      </object_component>
      <object_component id="oc-df">
         <name>.text</name>
         <load_address>0x4cb0</load_address>
         <run_address>0x4cb0</run_address>
         <size>0x4c</size>
         <input_file_ref idref="fl-58"/>
      </object_component>
      <object_component id="oc-266">
         <name>.text</name>
         <load_address>0x4cfc</load_address>
         <run_address>0x4cfc</run_address>
         <size>0x4a</size>
         <input_file_ref idref="fl-22"/>
      </object_component>
      <object_component id="oc-4a7">
         <name>.text:__mspabi_srlll</name>
         <load_address>0x4d46</load_address>
         <run_address>0x4d46</run_address>
         <size>0x46</size>
         <input_file_ref idref="fl-5a"/>
      </object_component>
      <object_component id="oc-4f6">
         <name>.text:__mspabi_sllll</name>
         <load_address>0x4d8c</load_address>
         <run_address>0x4d8c</run_address>
         <size>0x44</size>
         <input_file_ref idref="fl-75"/>
      </object_component>
      <object_component id="oc-1e4">
         <name>.text:__TI_auto_init_nobinit_nopinit:__TI_auto_init_nobinit_nopinit</name>
         <load_address>0x4dd0</load_address>
         <run_address>0x4dd0</run_address>
         <size>0x42</size>
         <input_file_ref idref="fl-3c"/>
      </object_component>
      <object_component id="oc-55d">
         <name>.text</name>
         <load_address>0x4e12</load_address>
         <run_address>0x4e12</run_address>
         <size>0x40</size>
         <input_file_ref idref="fl-72"/>
      </object_component>
      <object_component id="oc-30c">
         <name>.text:l_asr_const</name>
         <load_address>0x4e52</load_address>
         <run_address>0x4e52</run_address>
         <size>0x3e</size>
         <input_file_ref idref="fl-53"/>
      </object_component>
      <object_component id="oc-325">
         <name>.text:l_lsl_const</name>
         <load_address>0x4e90</load_address>
         <run_address>0x4e90</run_address>
         <size>0x3e</size>
         <input_file_ref idref="fl-57"/>
      </object_component>
      <object_component id="oc-16d">
         <name>.text:main</name>
         <load_address>0x4ece</load_address>
         <run_address>0x4ece</run_address>
         <size>0x3c</size>
         <input_file_ref idref="fl-5"/>
      </object_component>
      <object_component id="oc-2f4">
         <name>.text:sprintf</name>
         <load_address>0x4f0a</load_address>
         <run_address>0x4f0a</run_address>
         <size>0x38</size>
         <input_file_ref idref="fl-20"/>
      </object_component>
      <object_component id="oc-271">
         <name>.text</name>
         <load_address>0x4f42</load_address>
         <run_address>0x4f42</run_address>
         <size>0x36</size>
         <input_file_ref idref="fl-23"/>
      </object_component>
      <object_component id="oc-1a4">
         <name>.text:SYSTEM_INIT</name>
         <load_address>0x4f78</load_address>
         <run_address>0x4f78</run_address>
         <size>0x34</size>
         <input_file_ref idref="fl-5"/>
      </object_component>
      <object_component id="oc-1b0">
         <name>.text:GPIO_INIT</name>
         <load_address>0x4fac</load_address>
         <run_address>0x4fac</run_address>
         <size>0x32</size>
         <input_file_ref idref="fl-5"/>
      </object_component>
      <object_component id="oc-362">
         <name>.text:_lcd1602_write_byte</name>
         <load_address>0x4fde</load_address>
         <run_address>0x4fde</run_address>
         <size>0x30</size>
         <input_file_ref idref="fl-4"/>
      </object_component>
      <object_component id="oc-35b">
         <name>.text:_lcd1602_write_com</name>
         <load_address>0x500e</load_address>
         <run_address>0x500e</run_address>
         <size>0x30</size>
         <input_file_ref idref="fl-4"/>
      </object_component>
      <object_component id="oc-51f">
         <name>.text:__mspabi_subd</name>
         <load_address>0x503e</load_address>
         <run_address>0x503e</run_address>
         <size>0x2e</size>
         <input_file_ref idref="fl-68"/>
      </object_component>
      <object_component id="oc-57a">
         <name>.text:copysign</name>
         <load_address>0x506c</load_address>
         <run_address>0x506c</run_address>
         <size>0x2e</size>
         <input_file_ref idref="fl-51"/>
      </object_component>
      <object_component id="oc-23a">
         <name>.text:lcd1602_new_dev</name>
         <load_address>0x509a</load_address>
         <run_address>0x509a</run_address>
         <size>0x2e</size>
         <input_file_ref idref="fl-4"/>
      </object_component>
      <object_component id="oc-385">
         <name>.text</name>
         <load_address>0x50c8</load_address>
         <run_address>0x50c8</run_address>
         <size>0x2e</size>
         <input_file_ref idref="fl-38"/>
      </object_component>
      <object_component id="oc-2d3">
         <name>.text:lcd1602_write_str</name>
         <load_address>0x50f6</load_address>
         <run_address>0x50f6</run_address>
         <size>0x2c</size>
         <input_file_ref idref="fl-4"/>
      </object_component>
      <object_component id="oc-307">
         <name>.text</name>
         <load_address>0x5122</load_address>
         <run_address>0x5122</run_address>
         <size>0x2c</size>
         <input_file_ref idref="fl-52"/>
      </object_component>
      <object_component id="oc-da">
         <name>.text</name>
         <load_address>0x514e</load_address>
         <run_address>0x514e</run_address>
         <size>0x2c</size>
         <input_file_ref idref="fl-56"/>
      </object_component>
      <object_component id="oc-45f">
         <name>.text:__mspabi_negd</name>
         <load_address>0x517a</load_address>
         <run_address>0x517a</run_address>
         <size>0x2a</size>
         <input_file_ref idref="fl-66"/>
      </object_component>
      <object_component id="oc-1bd">
         <name>.text:ADC_Init</name>
         <load_address>0x51a4</load_address>
         <run_address>0x51a4</run_address>
         <size>0x28</size>
         <input_file_ref idref="fl-1"/>
      </object_component>
      <object_component id="oc-525">
         <name>.text:__mspabi_fixdi</name>
         <load_address>0x51cc</load_address>
         <run_address>0x51cc</run_address>
         <size>0x28</size>
         <input_file_ref idref="fl-5f"/>
      </object_component>
      <object_component id="oc-3ae">
         <name>.text:free_list_insert</name>
         <load_address>0x51f4</load_address>
         <run_address>0x51f4</run_address>
         <size>0x28</size>
         <input_file_ref idref="fl-4b"/>
      </object_component>
      <object_component id="oc-250">
         <name>.text</name>
         <load_address>0x521c</load_address>
         <run_address>0x521c</run_address>
         <size>0x24</size>
         <input_file_ref idref="fl-25"/>
      </object_component>
      <object_component id="oc-2d9">
         <name>.text:lcd1602_write_char</name>
         <load_address>0x5240</load_address>
         <run_address>0x5240</run_address>
         <size>0x22</size>
         <input_file_ref idref="fl-4"/>
      </object_component>
      <object_component id="oc-25b">
         <name>.text:da_out</name>
         <load_address>0x5262</load_address>
         <run_address>0x5262</run_address>
         <size>0x20</size>
         <input_file_ref idref="fl-2"/>
      </object_component>
      <object_component id="oc-118">
         <name>.text:_c_int00_noargs</name>
         <load_address>0x5282</load_address>
         <run_address>0x5282</run_address>
         <size>0x1c</size>
         <input_file_ref idref="fl-3b"/>
      </object_component>
      <object_component id="oc-3a8">
         <name>.text:free_list_remove</name>
         <load_address>0x529e</load_address>
         <run_address>0x529e</run_address>
         <size>0x1c</size>
         <input_file_ref idref="fl-4b"/>
      </object_component>
      <object_component id="oc-36c">
         <name>.text:_outs</name>
         <load_address>0x52ba</load_address>
         <run_address>0x52ba</run_address>
         <size>0x1a</size>
         <input_file_ref idref="fl-20"/>
      </object_component>
      <object_component id="oc-420">
         <name>.text:memccpy</name>
         <load_address>0x52d4</load_address>
         <run_address>0x52d4</run_address>
         <size>0x1a</size>
         <input_file_ref idref="fl-6c"/>
      </object_component>
      <object_component id="oc-54b">
         <name>.text:strchr</name>
         <load_address>0x52ee</load_address>
         <run_address>0x52ee</run_address>
         <size>0x1a</size>
         <input_file_ref idref="fl-6d"/>
      </object_component>
      <object_component id="oc-4a2">
         <name>.text</name>
         <load_address>0x5308</load_address>
         <run_address>0x5308</run_address>
         <size>0x16</size>
         <input_file_ref idref="fl-54"/>
      </object_component>
      <object_component id="oc-106">
         <name>.text:decompress:ZI:__TI_zero_init_nomemset:__TI_zero_init_nomemset</name>
         <load_address>0x531e</load_address>
         <run_address>0x531e</run_address>
         <size>0x14</size>
         <input_file_ref idref="fl-3d"/>
      </object_component>
      <object_component id="oc-2df">
         <name>.text:lcd1602_lcd_clear</name>
         <load_address>0x5332</load_address>
         <run_address>0x5332</run_address>
         <size>0x14</size>
         <input_file_ref idref="fl-4"/>
      </object_component>
      <object_component id="oc-40d">
         <name>.text:memset</name>
         <load_address>0x5346</load_address>
         <run_address>0x5346</run_address>
         <size>0x14</size>
         <input_file_ref idref="fl-4c"/>
      </object_component>
      <object_component id="oc-261">
         <name>.text</name>
         <load_address>0x535a</load_address>
         <run_address>0x535a</run_address>
         <size>0x14</size>
         <input_file_ref idref="fl-36"/>
      </object_component>
      <object_component id="oc-2fb">
         <name>.text:spiSendByte</name>
         <load_address>0x536e</load_address>
         <run_address>0x536e</run_address>
         <size>0x14</size>
         <input_file_ref idref="fl-2"/>
      </object_component>
      <object_component id="oc-428">
         <name>.text:wcslen</name>
         <load_address>0x5382</load_address>
         <run_address>0x5382</run_address>
         <size>0x14</size>
         <input_file_ref idref="fl-50"/>
      </object_component>
      <object_component id="oc-372">
         <name>.text:_outc</name>
         <load_address>0x5396</load_address>
         <run_address>0x5396</run_address>
         <size>0x12</size>
         <input_file_ref idref="fl-20"/>
      </object_component>
      <object_component id="oc-38">
         <name>.text:decompress:none:__TI_decompress_none</name>
         <load_address>0x53a8</load_address>
         <run_address>0x53a8</run_address>
         <size>0x12</size>
         <input_file_ref idref="fl-42"/>
      </object_component>
      <object_component id="oc-4fc">
         <name>.text:l_lsr</name>
         <load_address>0x53ba</load_address>
         <run_address>0x53ba</run_address>
         <size>0x12</size>
         <input_file_ref idref="fl-73"/>
      </object_component>
      <object_component id="oc-f4">
         <name>.text:memcpy</name>
         <load_address>0x53cc</load_address>
         <run_address>0x53cc</run_address>
         <size>0x12</size>
         <input_file_ref idref="fl-4a"/>
      </object_component>
      <object_component id="oc-26b">
         <name>.text:adc_get</name>
         <load_address>0x53de</load_address>
         <run_address>0x53de</run_address>
         <size>0x10</size>
         <input_file_ref idref="fl-5"/>
      </object_component>
      <object_component id="oc-59e">
         <name>.text:l_asr</name>
         <load_address>0x53ee</load_address>
         <run_address>0x53ee</run_address>
         <size>0x10</size>
         <input_file_ref idref="fl-53"/>
      </object_component>
      <object_component id="oc-599">
         <name>.text:l_lsl</name>
         <load_address>0x53fe</load_address>
         <run_address>0x53fe</run_address>
         <size>0x10</size>
         <input_file_ref idref="fl-57"/>
      </object_component>
      <object_component id="oc-e4">
         <name>.text</name>
         <load_address>0x540e</load_address>
         <run_address>0x540e</run_address>
         <size>0x10</size>
         <input_file_ref idref="fl-21"/>
      </object_component>
      <object_component id="oc-3cb">
         <name>.text:strlen</name>
         <load_address>0x541e</load_address>
         <run_address>0x541e</run_address>
         <size>0xe</size>
         <input_file_ref idref="fl-6e"/>
      </object_component>
      <object_component id="oc-230">
         <name>.text:KeyPort_init</name>
         <load_address>0x542c</load_address>
         <run_address>0x542c</run_address>
         <size>0xc</size>
         <input_file_ref idref="fl-3"/>
      </object_component>
      <object_component id="oc-551">
         <name>.text:__mspabi_fltid</name>
         <load_address>0x5438</load_address>
         <run_address>0x5438</run_address>
         <size>0xc</size>
         <input_file_ref idref="fl-61"/>
      </object_component>
      <object_component id="oc-459">
         <name>.text:toupper</name>
         <load_address>0x5444</load_address>
         <run_address>0x5444</run_address>
         <size>0xc</size>
         <input_file_ref idref="fl-6f"/>
      </object_component>
      <object_component id="oc-52c">
         <name>.text:abs</name>
         <load_address>0x5450</load_address>
         <run_address>0x5450</run_address>
         <size>0xa</size>
         <input_file_ref idref="fl-71"/>
      </object_component>
      <object_component id="oc-1aa">
         <name>.text:WDT_Init</name>
         <load_address>0x545a</load_address>
         <run_address>0x545a</run_address>
         <size>0x8</size>
         <input_file_ref idref="fl-5"/>
      </object_component>
      <object_component id="oc-101">
         <name>.text:_isr:__TI_ISR_TRAP</name>
         <load_address>0x5462</load_address>
         <run_address>0x5462</run_address>
         <size>0x8</size>
         <input_file_ref idref="fl-34"/>
      </object_component>
      <object_component id="oc-2c7">
         <name>.text:malloc</name>
         <load_address>0x546a</load_address>
         <run_address>0x546a</run_address>
         <size>0x8</size>
         <input_file_ref idref="fl-4b"/>
      </object_component>
      <object_component id="oc-3bb">
         <name>.text:_lcd1602_hw_gpio_clr</name>
         <load_address>0x5472</load_address>
         <run_address>0x5472</run_address>
         <size>0x6</size>
         <input_file_ref idref="fl-4"/>
      </object_component>
      <object_component id="oc-3c1">
         <name>.text:_lcd1602_hw_gpio_set</name>
         <load_address>0x5478</load_address>
         <run_address>0x5478</run_address>
         <size>0x6</size>
         <input_file_ref idref="fl-4"/>
      </object_component>
      <object_component id="oc-1d8">
         <name>.text:abort</name>
         <load_address>0x547e</load_address>
         <run_address>0x547e</run_address>
         <size>0x6</size>
         <input_file_ref idref="fl-47"/>
      </object_component>
      <object_component id="oc-1b6">
         <name>.text:key_init</name>
         <load_address>0x5484</load_address>
         <run_address>0x5484</run_address>
         <size>0x6</size>
         <input_file_ref idref="fl-3"/>
      </object_component>
      <object_component id="oc-243">
         <name>.text:key_scan</name>
         <load_address>0x548a</load_address>
         <run_address>0x548a</run_address>
         <size>0x6</size>
         <input_file_ref idref="fl-3"/>
      </object_component>
      <object_component id="oc-167">
         <name>.text:_system_pre_init</name>
         <load_address>0x5490</load_address>
         <run_address>0x5490</run_address>
         <size>0x4</size>
         <input_file_ref idref="fl-40"/>
      </object_component>
      <object_component id="oc-32e">
         <name>.text:_nop</name>
         <load_address>0x5494</load_address>
         <run_address>0x5494</run_address>
         <size>0x2</size>
         <input_file_ref idref="fl-48"/>
      </object_component>
      <object_component id="oc-2a0">
         <name>.text:_system_post_cinit</name>
         <load_address>0x5496</load_address>
         <run_address>0x5496</run_address>
         <size>0x2</size>
         <input_file_ref idref="fl-41"/>
      </object_component>
      <object_component id="oc-5f4">
         <name>.cinit..data.load</name>
         <load_address>0x55e2</load_address>
         <run_address>0x55e2</run_address>
         <size>0xd</size>
      </object_component>
      <object_component id="oc-5f1">
         <name>__TI_handler_table</name>
         <load_address>0x55f0</load_address>
         <run_address>0x55f0</run_address>
         <size>0x6</size>
      </object_component>
      <object_component id="oc-5f3">
         <name>.cinit..bss.load</name>
         <load_address>0x55f6</load_address>
         <run_address>0x55f6</run_address>
         <size>0x4</size>
      </object_component>
      <object_component id="oc-5f2">
         <name>__TI_cinit_table</name>
         <load_address>0x55fa</load_address>
         <run_address>0x55fa</run_address>
         <size>0x8</size>
      </object_component>
      <object_component id="oc-440">
         <name>.const:.string:_ctypes_</name>
         <load_address>0x5498</load_address>
         <run_address>0x5498</run_address>
         <size>0x101</size>
         <input_file_ref idref="fl-6a"/>
      </object_component>
      <object_component id="oc-413">
         <name>.const:.string</name>
         <load_address>0x559a</load_address>
         <run_address>0x559a</run_address>
         <size>0x26</size>
         <input_file_ref idref="fl-4d"/>
      </object_component>
      <object_component id="oc-2f3">
         <name>.const:.string</name>
         <load_address>0x55c0</load_address>
         <run_address>0x55c0</run_address>
         <size>0x22</size>
         <input_file_ref idref="fl-5"/>
      </object_component>
      <object_component id="oc-5b6">
         <name>.binit</name>
         <load_address>0x1100</load_address>
         <run_address>0x1100</run_address>
         <size>0x0</size>
      </object_component>
      <object_component id="oc-3e">
         <name>.int01</name>
         <load_address>0xffe2</load_address>
         <run_address>0xffe2</run_address>
         <size>0x2</size>
         <input_file_ref idref="fl-26"/>
      </object_component>
      <object_component id="oc-3f">
         <name>.int02</name>
         <load_address>0xffe4</load_address>
         <run_address>0xffe4</run_address>
         <size>0x2</size>
         <input_file_ref idref="fl-27"/>
      </object_component>
      <object_component id="oc-40">
         <name>.int03</name>
         <load_address>0xffe6</load_address>
         <run_address>0xffe6</run_address>
         <size>0x2</size>
         <input_file_ref idref="fl-28"/>
      </object_component>
      <object_component id="oc-41">
         <name>.int04</name>
         <load_address>0xffe8</load_address>
         <run_address>0xffe8</run_address>
         <size>0x2</size>
         <input_file_ref idref="fl-29"/>
      </object_component>
      <object_component id="oc-42">
         <name>.int05</name>
         <load_address>0xffea</load_address>
         <run_address>0xffea</run_address>
         <size>0x2</size>
         <input_file_ref idref="fl-2a"/>
      </object_component>
      <object_component id="oc-43">
         <name>.int06</name>
         <load_address>0xffec</load_address>
         <run_address>0xffec</run_address>
         <size>0x2</size>
         <input_file_ref idref="fl-2b"/>
      </object_component>
      <object_component id="oc-44">
         <name>.int07</name>
         <load_address>0xffee</load_address>
         <run_address>0xffee</run_address>
         <size>0x2</size>
         <input_file_ref idref="fl-2c"/>
      </object_component>
      <object_component id="oc-45">
         <name>.int08</name>
         <load_address>0xfff0</load_address>
         <run_address>0xfff0</run_address>
         <size>0x2</size>
         <input_file_ref idref="fl-2d"/>
      </object_component>
      <object_component id="oc-46">
         <name>.int09</name>
         <load_address>0xfff2</load_address>
         <run_address>0xfff2</run_address>
         <size>0x2</size>
         <input_file_ref idref="fl-2e"/>
      </object_component>
      <object_component id="oc-47">
         <name>.int10</name>
         <load_address>0xfff4</load_address>
         <run_address>0xfff4</run_address>
         <size>0x2</size>
         <input_file_ref idref="fl-2f"/>
      </object_component>
      <object_component id="oc-48">
         <name>.int11</name>
         <load_address>0xfff6</load_address>
         <run_address>0xfff6</run_address>
         <size>0x2</size>
         <input_file_ref idref="fl-30"/>
      </object_component>
      <object_component id="oc-49">
         <name>.int12</name>
         <load_address>0xfff8</load_address>
         <run_address>0xfff8</run_address>
         <size>0x2</size>
         <input_file_ref idref="fl-31"/>
      </object_component>
      <object_component id="oc-4a">
         <name>.int13</name>
         <load_address>0xfffa</load_address>
         <run_address>0xfffa</run_address>
         <size>0x2</size>
         <input_file_ref idref="fl-32"/>
      </object_component>
      <object_component id="oc-4b">
         <name>.int14</name>
         <load_address>0xfffc</load_address>
         <run_address>0xfffc</run_address>
         <size>0x2</size>
         <input_file_ref idref="fl-33"/>
      </object_component>
      <object_component id="oc-d6">
         <name>.reset</name>
         <load_address>0xfffe</load_address>
         <run_address>0xfffe</run_address>
         <size>0x2</size>
         <input_file_ref idref="fl-3b"/>
      </object_component>
      <object_component id="oc-1ca">
         <name>.debug_info</name>
         <load_address>0x0</load_address>
         <run_address>0x0</run_address>
         <size>0x106</size>
         <input_file_ref idref="fl-1"/>
      </object_component>
      <object_component id="oc-1be">
         <name>.debug_info</name>
         <load_address>0x106</load_address>
         <run_address>0x106</run_address>
         <size>0x125</size>
         <input_file_ref idref="fl-1"/>
      </object_component>
      <object_component id="oc-1d3">
         <name>.debug_info</name>
         <load_address>0x22b</load_address>
         <run_address>0x22b</run_address>
         <size>0x8b</size>
         <input_file_ref idref="fl-1"/>
      </object_component>
      <object_component id="oc-2fc">
         <name>.debug_info</name>
         <load_address>0x2b6</load_address>
         <run_address>0x2b6</run_address>
         <size>0x156</size>
         <input_file_ref idref="fl-2"/>
      </object_component>
      <object_component id="oc-25c">
         <name>.debug_info</name>
         <load_address>0x40c</load_address>
         <run_address>0x40c</run_address>
         <size>0x16c</size>
         <input_file_ref idref="fl-2"/>
      </object_component>
      <object_component id="oc-1c4">
         <name>.debug_info</name>
         <load_address>0x578</load_address>
         <run_address>0x578</run_address>
         <size>0x12e</size>
         <input_file_ref idref="fl-2"/>
      </object_component>
      <object_component id="oc-ef">
         <name>.debug_info</name>
         <load_address>0x6a6</load_address>
         <run_address>0x6a6</run_address>
         <size>0x84</size>
         <input_file_ref idref="fl-2"/>
      </object_component>
      <object_component id="oc-24b">
         <name>.debug_info</name>
         <load_address>0x72a</load_address>
         <run_address>0x72a</run_address>
         <size>0x1e5</size>
         <input_file_ref idref="fl-3"/>
      </object_component>
      <object_component id="oc-244">
         <name>.debug_info</name>
         <load_address>0x90f</load_address>
         <run_address>0x90f</run_address>
         <size>0x138</size>
         <input_file_ref idref="fl-3"/>
      </object_component>
      <object_component id="oc-1b7">
         <name>.debug_info</name>
         <load_address>0xa47</load_address>
         <run_address>0xa47</run_address>
         <size>0x138</size>
         <input_file_ref idref="fl-3"/>
      </object_component>
      <object_component id="oc-2e9">
         <name>.debug_info</name>
         <load_address>0xb7f</load_address>
         <run_address>0xb7f</run_address>
         <size>0x163</size>
         <input_file_ref idref="fl-3"/>
      </object_component>
      <object_component id="oc-231">
         <name>.debug_info</name>
         <load_address>0xce2</load_address>
         <run_address>0xce2</run_address>
         <size>0x12d</size>
         <input_file_ref idref="fl-3"/>
      </object_component>
      <object_component id="oc-241">
         <name>.debug_info</name>
         <load_address>0xe0f</load_address>
         <run_address>0xe0f</run_address>
         <size>0x234</size>
         <input_file_ref idref="fl-4"/>
      </object_component>
      <object_component id="oc-3bc">
         <name>.debug_info</name>
         <load_address>0x1043</load_address>
         <run_address>0x1043</run_address>
         <size>0x16a</size>
         <input_file_ref idref="fl-4"/>
      </object_component>
      <object_component id="oc-3c2">
         <name>.debug_info</name>
         <load_address>0x11ad</load_address>
         <run_address>0x11ad</run_address>
         <size>0x16a</size>
         <input_file_ref idref="fl-4"/>
      </object_component>
      <object_component id="oc-35c">
         <name>.debug_info</name>
         <load_address>0x1317</load_address>
         <run_address>0x1317</run_address>
         <size>0x1ce</size>
         <input_file_ref idref="fl-4"/>
      </object_component>
      <object_component id="oc-363">
         <name>.debug_info</name>
         <load_address>0x14e5</load_address>
         <run_address>0x14e5</run_address>
         <size>0x1d4</size>
         <input_file_ref idref="fl-4"/>
      </object_component>
      <object_component id="oc-2d4">
         <name>.debug_info</name>
         <load_address>0x16b9</load_address>
         <run_address>0x16b9</run_address>
         <size>0x1e2</size>
         <input_file_ref idref="fl-4"/>
      </object_component>
      <object_component id="oc-2da">
         <name>.debug_info</name>
         <load_address>0x189b</load_address>
         <run_address>0x189b</run_address>
         <size>0x1e4</size>
         <input_file_ref idref="fl-4"/>
      </object_component>
      <object_component id="oc-2e0">
         <name>.debug_info</name>
         <load_address>0x1a7f</load_address>
         <run_address>0x1a7f</run_address>
         <size>0x16d</size>
         <input_file_ref idref="fl-4"/>
      </object_component>
      <object_component id="oc-2ce">
         <name>.debug_info</name>
         <load_address>0x1bec</load_address>
         <run_address>0x1bec</run_address>
         <size>0x1d8</size>
         <input_file_ref idref="fl-4"/>
      </object_component>
      <object_component id="oc-23b">
         <name>.debug_info</name>
         <load_address>0x1dc4</load_address>
         <run_address>0x1dc4</run_address>
         <size>0x166</size>
         <input_file_ref idref="fl-4"/>
      </object_component>
      <object_component id="oc-21e">
         <name>.debug_info</name>
         <load_address>0x1f2a</load_address>
         <run_address>0x1f2a</run_address>
         <size>0x26b</size>
         <input_file_ref idref="fl-4"/>
      </object_component>
      <object_component id="oc-2c1">
         <name>.debug_info</name>
         <load_address>0x2195</load_address>
         <run_address>0x2195</run_address>
         <size>0x275</size>
         <input_file_ref idref="fl-4"/>
      </object_component>
      <object_component id="oc-219">
         <name>.debug_info</name>
         <load_address>0x240a</load_address>
         <run_address>0x240a</run_address>
         <size>0xbb</size>
         <input_file_ref idref="fl-4"/>
      </object_component>
      <object_component id="oc-228">
         <name>.debug_info</name>
         <load_address>0x24c5</load_address>
         <run_address>0x24c5</run_address>
         <size>0x110</size>
         <input_file_ref idref="fl-4"/>
      </object_component>
      <object_component id="oc-1a2">
         <name>.debug_info</name>
         <load_address>0x25d5</load_address>
         <run_address>0x25d5</run_address>
         <size>0x701</size>
         <input_file_ref idref="fl-5"/>
      </object_component>
      <object_component id="oc-24e">
         <name>.debug_info</name>
         <load_address>0x2cd6</load_address>
         <run_address>0x2cd6</run_address>
         <size>0x1ec</size>
         <input_file_ref idref="fl-5"/>
      </object_component>
      <object_component id="oc-1a5">
         <name>.debug_info</name>
         <load_address>0x2ec2</load_address>
         <run_address>0x2ec2</run_address>
         <size>0x139</size>
         <input_file_ref idref="fl-5"/>
      </object_component>
      <object_component id="oc-1ab">
         <name>.debug_info</name>
         <load_address>0x2ffb</load_address>
         <run_address>0x2ffb</run_address>
         <size>0x128</size>
         <input_file_ref idref="fl-5"/>
      </object_component>
      <object_component id="oc-1b1">
         <name>.debug_info</name>
         <load_address>0x3123</load_address>
         <run_address>0x3123</run_address>
         <size>0x12a</size>
         <input_file_ref idref="fl-5"/>
      </object_component>
      <object_component id="oc-1cd">
         <name>.debug_info</name>
         <load_address>0x324d</load_address>
         <run_address>0x324d</run_address>
         <size>0x2be</size>
         <input_file_ref idref="fl-5"/>
      </object_component>
      <object_component id="oc-16e">
         <name>.debug_info</name>
         <load_address>0x350b</load_address>
         <run_address>0x350b</run_address>
         <size>0x190</size>
         <input_file_ref idref="fl-5"/>
      </object_component>
      <object_component id="oc-256">
         <name>.debug_info</name>
         <load_address>0x369b</load_address>
         <run_address>0x369b</run_address>
         <size>0x1ec</size>
         <input_file_ref idref="fl-5"/>
      </object_component>
      <object_component id="oc-26c">
         <name>.debug_info</name>
         <load_address>0x3887</load_address>
         <run_address>0x3887</run_address>
         <size>0x139</size>
         <input_file_ref idref="fl-5"/>
      </object_component>
      <object_component id="oc-3eb">
         <name>.debug_info</name>
         <load_address>0x39c0</load_address>
         <run_address>0x39c0</run_address>
         <size>0x2c</size>
         <input_file_ref idref="fl-5"/>
      </object_component>
      <object_component id="oc-223">
         <name>.debug_info</name>
         <load_address>0x39ec</load_address>
         <run_address>0x39ec</run_address>
         <size>0x76</size>
         <input_file_ref idref="fl-5"/>
      </object_component>
      <object_component id="oc-37f">
         <name>.debug_info</name>
         <load_address>0x3a62</load_address>
         <run_address>0x3a62</run_address>
         <size>0x20f</size>
         <input_file_ref idref="fl-20"/>
      </object_component>
      <object_component id="oc-2f5">
         <name>.debug_info</name>
         <load_address>0x3c71</load_address>
         <run_address>0x3c71</run_address>
         <size>0x1c6</size>
         <input_file_ref idref="fl-20"/>
      </object_component>
      <object_component id="oc-36d">
         <name>.debug_info</name>
         <load_address>0x3e37</load_address>
         <run_address>0x3e37</run_address>
         <size>0x19c</size>
         <input_file_ref idref="fl-20"/>
      </object_component>
      <object_component id="oc-373">
         <name>.debug_info</name>
         <load_address>0x3fd3</load_address>
         <run_address>0x3fd3</run_address>
         <size>0x171</size>
         <input_file_ref idref="fl-20"/>
      </object_component>
      <object_component id="oc-434">
         <name>.debug_info</name>
         <load_address>0x4144</load_address>
         <run_address>0x4144</run_address>
         <size>0x2c</size>
         <input_file_ref idref="fl-20"/>
      </object_component>
      <object_component id="oc-e5">
         <name>.debug_info</name>
         <load_address>0x4170</load_address>
         <run_address>0x4170</run_address>
         <size>0x132</size>
         <input_file_ref idref="fl-21"/>
      </object_component>
      <object_component id="oc-267">
         <name>.debug_info</name>
         <load_address>0x42a2</load_address>
         <run_address>0x42a2</run_address>
         <size>0x131</size>
         <input_file_ref idref="fl-22"/>
      </object_component>
      <object_component id="oc-272">
         <name>.debug_info</name>
         <load_address>0x43d3</load_address>
         <run_address>0x43d3</run_address>
         <size>0x12e</size>
         <input_file_ref idref="fl-23"/>
      </object_component>
      <object_component id="oc-277">
         <name>.debug_info</name>
         <load_address>0x4501</load_address>
         <run_address>0x4501</run_address>
         <size>0x125</size>
         <input_file_ref idref="fl-24"/>
      </object_component>
      <object_component id="oc-251">
         <name>.debug_info</name>
         <load_address>0x4626</load_address>
         <run_address>0x4626</run_address>
         <size>0x128</size>
         <input_file_ref idref="fl-25"/>
      </object_component>
      <object_component id="oc-102">
         <name>.debug_info</name>
         <load_address>0x474e</load_address>
         <run_address>0x474e</run_address>
         <size>0x113</size>
         <input_file_ref idref="fl-34"/>
      </object_component>
      <object_component id="oc-262">
         <name>.debug_info</name>
         <load_address>0x4861</load_address>
         <run_address>0x4861</run_address>
         <size>0x123</size>
         <input_file_ref idref="fl-36"/>
      </object_component>
      <object_component id="oc-386">
         <name>.debug_info</name>
         <load_address>0x4984</load_address>
         <run_address>0x4984</run_address>
         <size>0x123</size>
         <input_file_ref idref="fl-38"/>
      </object_component>
      <object_component id="oc-d4">
         <name>.debug_info</name>
         <load_address>0x4aa7</load_address>
         <run_address>0x4aa7</run_address>
         <size>0x104</size>
         <input_file_ref idref="fl-3b"/>
      </object_component>
      <object_component id="oc-119">
         <name>.debug_info</name>
         <load_address>0x4bab</load_address>
         <run_address>0x4bab</run_address>
         <size>0x17e</size>
         <input_file_ref idref="fl-3b"/>
      </object_component>
      <object_component id="oc-2a7">
         <name>.debug_info</name>
         <load_address>0x4d29</load_address>
         <run_address>0x4d29</run_address>
         <size>0x3e2</size>
         <input_file_ref idref="fl-3c"/>
      </object_component>
      <object_component id="oc-1e5">
         <name>.debug_info</name>
         <load_address>0x510b</load_address>
         <run_address>0x510b</run_address>
         <size>0x1e4</size>
         <input_file_ref idref="fl-3c"/>
      </object_component>
      <object_component id="oc-343">
         <name>.debug_info</name>
         <load_address>0x52ef</load_address>
         <run_address>0x52ef</run_address>
         <size>0x39</size>
         <input_file_ref idref="fl-3c"/>
      </object_component>
      <object_component id="oc-34f">
         <name>.debug_info</name>
         <load_address>0x5328</load_address>
         <run_address>0x5328</run_address>
         <size>0x2c</size>
         <input_file_ref idref="fl-3c"/>
      </object_component>
      <object_component id="oc-2b2">
         <name>.debug_info</name>
         <load_address>0x5354</load_address>
         <run_address>0x5354</run_address>
         <size>0x2c</size>
         <input_file_ref idref="fl-3c"/>
      </object_component>
      <object_component id="oc-348">
         <name>.debug_info</name>
         <load_address>0x5380</load_address>
         <run_address>0x5380</run_address>
         <size>0xcd</size>
         <input_file_ref idref="fl-3c"/>
      </object_component>
      <object_component id="oc-165">
         <name>.debug_info</name>
         <load_address>0x544d</load_address>
         <run_address>0x544d</run_address>
         <size>0x179</size>
         <input_file_ref idref="fl-3d"/>
      </object_component>
      <object_component id="oc-107">
         <name>.debug_info</name>
         <load_address>0x55c6</load_address>
         <run_address>0x55c6</run_address>
         <size>0x1d6</size>
         <input_file_ref idref="fl-3d"/>
      </object_component>
      <object_component id="oc-160">
         <name>.debug_info</name>
         <load_address>0x579c</load_address>
         <run_address>0x579c</run_address>
         <size>0x46</size>
         <input_file_ref idref="fl-3d"/>
      </object_component>
      <object_component id="oc-152">
         <name>.debug_info</name>
         <load_address>0x57e2</load_address>
         <run_address>0x57e2</run_address>
         <size>0x2c</size>
         <input_file_ref idref="fl-3d"/>
      </object_component>
      <object_component id="oc-168">
         <name>.debug_info</name>
         <load_address>0x580e</load_address>
         <run_address>0x580e</run_address>
         <size>0x157</size>
         <input_file_ref idref="fl-40"/>
      </object_component>
      <object_component id="oc-2a1">
         <name>.debug_info</name>
         <load_address>0x5965</load_address>
         <run_address>0x5965</run_address>
         <size>0x154</size>
         <input_file_ref idref="fl-41"/>
      </object_component>
      <object_component id="oc-100">
         <name>.debug_info</name>
         <load_address>0x5ab9</load_address>
         <run_address>0x5ab9</run_address>
         <size>0x184</size>
         <input_file_ref idref="fl-42"/>
      </object_component>
      <object_component id="oc-39">
         <name>.debug_info</name>
         <load_address>0x5c3d</load_address>
         <run_address>0x5c3d</run_address>
         <size>0x1ee</size>
         <input_file_ref idref="fl-42"/>
      </object_component>
      <object_component id="oc-fb">
         <name>.debug_info</name>
         <load_address>0x5e2b</load_address>
         <run_address>0x5e2b</run_address>
         <size>0x46</size>
         <input_file_ref idref="fl-42"/>
      </object_component>
      <object_component id="oc-157">
         <name>.debug_info</name>
         <load_address>0x5e71</load_address>
         <run_address>0x5e71</run_address>
         <size>0x2c</size>
         <input_file_ref idref="fl-42"/>
      </object_component>
      <object_component id="oc-14f">
         <name>.debug_info</name>
         <load_address>0x5e9d</load_address>
         <run_address>0x5e9d</run_address>
         <size>0x17a</size>
         <input_file_ref idref="fl-43"/>
      </object_component>
      <object_component id="oc-33">
         <name>.debug_info</name>
         <load_address>0x6017</load_address>
         <run_address>0x6017</run_address>
         <size>0x296</size>
         <input_file_ref idref="fl-43"/>
      </object_component>
      <object_component id="oc-ea">
         <name>.debug_info</name>
         <load_address>0x62ad</load_address>
         <run_address>0x62ad</run_address>
         <size>0x60</size>
         <input_file_ref idref="fl-43"/>
      </object_component>
      <object_component id="oc-195">
         <name>.debug_info</name>
         <load_address>0x630d</load_address>
         <run_address>0x630d</run_address>
         <size>0x46</size>
         <input_file_ref idref="fl-43"/>
      </object_component>
      <object_component id="oc-14a">
         <name>.debug_info</name>
         <load_address>0x6353</load_address>
         <run_address>0x6353</run_address>
         <size>0x39</size>
         <input_file_ref idref="fl-43"/>
      </object_component>
      <object_component id="oc-32b">
         <name>.debug_info</name>
         <load_address>0x638c</load_address>
         <run_address>0x638c</run_address>
         <size>0x169</size>
         <input_file_ref idref="fl-44"/>
      </object_component>
      <object_component id="oc-288">
         <name>.debug_info</name>
         <load_address>0x64f5</load_address>
         <run_address>0x64f5</run_address>
         <size>0x1dc</size>
         <input_file_ref idref="fl-44"/>
      </object_component>
      <object_component id="oc-313">
         <name>.debug_info</name>
         <load_address>0x66d1</load_address>
         <run_address>0x66d1</run_address>
         <size>0xdb</size>
         <input_file_ref idref="fl-44"/>
      </object_component>
      <object_component id="oc-312">
         <name>.debug_info</name>
         <load_address>0x67ac</load_address>
         <run_address>0x67ac</run_address>
         <size>0x169</size>
         <input_file_ref idref="fl-45"/>
      </object_component>
      <object_component id="oc-27c">
         <name>.debug_info</name>
         <load_address>0x6915</load_address>
         <run_address>0x6915</run_address>
         <size>0x1d8</size>
         <input_file_ref idref="fl-45"/>
      </object_component>
      <object_component id="oc-324">
         <name>.debug_info</name>
         <load_address>0x6aed</load_address>
         <run_address>0x6aed</run_address>
         <size>0x1a6</size>
         <input_file_ref idref="fl-46"/>
      </object_component>
      <object_component id="oc-284">
[...]
      </symbol>
      <symbol id="sm-664">
         <name>__mspabi_srai_9</name>
         <value>0x513a</value>
         <object_component_ref idref="oc-307"/>
      </symbol>
      <symbol id="sm-665">
         <name>__mspabi_srai_6</name>
         <value>0x5140</value>
         <object_component_ref idref="oc-307"/>
      </symbol>
      <symbol id="sm-666">
         <name>__mspabi_srai_7</name>
         <value>0x513e</value>
         <object_component_ref idref="oc-307"/>
      </symbol>
      <symbol id="sm-667">
         <name>__mspabi_srai_4</name>
         <value>0x5144</value>
         <object_component_ref idref="oc-307"/>
      </symbol>
      <symbol id="sm-668">
         <name>__mspabi_srai_5</name>
         <value>0x5142</value>
         <object_component_ref idref="oc-307"/>
      </symbol>
      <symbol id="sm-669">
         <name>__mspabi_srai_2</name>
         <value>0x5148</value>
         <object_component_ref idref="oc-307"/>
      </symbol>
      <symbol id="sm-66a">
         <name>__mspabi_srai_3</name>
         <value>0x5146</value>
         <object_component_ref idref="oc-307"/>
      </symbol>
      <symbol id="sm-66b">
         <name>__mspabi_srai_1</name>
         <value>0x514a</value>
         <object_component_ref idref="oc-307"/>
      </symbol>
      <symbol id="sm-66c">
         <name>__mspabi_srai_15</name>
         <value>0x512e</value>
         <object_component_ref idref="oc-307"/>
      </symbol>
      <symbol id="sm-66d">
         <name>__mspabi_srai_14</name>
         <value>0x5130</value>
         <object_component_ref idref="oc-307"/>
      </symbol>
      <symbol id="sm-66e">
         <name>__mspabi_srai_13</name>
         <value>0x5132</value>
         <object_component_ref idref="oc-307"/>
      </symbol>
      <symbol id="sm-66f">
         <name>__mspabi_srai_12</name>
         <value>0x5134</value>
         <object_component_ref idref="oc-307"/>
      </symbol>
      <symbol id="sm-670">
         <name>__mspabi_srai_11</name>
         <value>0x5136</value>
         <object_component_ref idref="oc-307"/>
      </symbol>
      <symbol id="sm-671">
         <name>__mspabi_srai_10</name>
         <value>0x5138</value>
         <object_component_ref idref="oc-307"/>
      </symbol>
      <symbol id="sm-681">
         <name>__mspabi_sral</name>
         <value>0x53ee</value>
         <object_component_ref idref="oc-59e"/>
      </symbol>
      <symbol id="sm-682">
         <name>__mspabi_sral_15</name>
         <value>0x4e52</value>
         <object_component_ref idref="oc-30c"/>
      </symbol>
      <symbol id="sm-683">
         <name>__mspabi_sral_14</name>
         <value>0x4e56</value>
         <object_component_ref idref="oc-30c"/>
      </symbol>
      <symbol id="sm-684">
         <name>__mspabi_sral_13</name>
         <value>0x4e5a</value>
         <object_component_ref idref="oc-30c"/>
      </symbol>
      <symbol id="sm-685">
         <name>__mspabi_sral_12</name>
         <value>0x4e5e</value>
         <object_component_ref idref="oc-30c"/>
      </symbol>
      <symbol id="sm-686">
         <name>__mspabi_sral_11</name>
         <value>0x4e62</value>
         <object_component_ref idref="oc-30c"/>
      </symbol>
      <symbol id="sm-687">
         <name>__mspabi_sral_10</name>
         <value>0x4e66</value>
         <object_component_ref idref="oc-30c"/>
      </symbol>
      <symbol id="sm-688">
         <name>__mspabi_sral_8</name>
         <value>0x4e6e</value>
         <object_component_ref idref="oc-30c"/>
      </symbol>
      <symbol id="sm-689">
         <name>__mspabi_sral_9</name>
         <value>0x4e6a</value>
         <object_component_ref idref="oc-30c"/>
      </symbol>
      <symbol id="sm-68a">
         <name>__mspabi_sral_6</name>
         <value>0x4e76</value>
         <object_component_ref idref="oc-30c"/>
      </symbol>
      <symbol id="sm-68b">
         <name>__mspabi_sral_7</name>
         <value>0x4e72</value>
         <object_component_ref idref="oc-30c"/>
      </symbol>
      <symbol id="sm-68c">
         <name>__mspabi_sral_4</name>
         <value>0x4e7e</value>
         <object_component_ref idref="oc-30c"/>
      </symbol>
      <symbol id="sm-68d">
         <name>__mspabi_sral_5</name>
         <value>0x4e7a</value>
         <object_component_ref idref="oc-30c"/>
      </symbol>
      <symbol id="sm-68e">
         <name>__mspabi_sral_2</name>
         <value>0x4e86</value>
         <object_component_ref idref="oc-30c"/>
      </symbol>
      <symbol id="sm-68f">
         <name>__mspabi_sral_3</name>
         <value>0x4e82</value>
         <object_component_ref idref="oc-30c"/>
      </symbol>
      <symbol id="sm-690">
         <name>__mspabi_sral_1</name>
         <value>0x4e8a</value>
         <object_component_ref idref="oc-30c"/>
      </symbol>
      <symbol id="sm-69a">
         <name>__mspabi_remu</name>
         <value>0x5308</value>
         <object_component_ref idref="oc-4a2"/>
      </symbol>
      <symbol id="sm-69b">
         <name>__mspabi_divu</name>
         <value>0x5308</value>
         <object_component_ref idref="oc-4a2"/>
      </symbol>
      <symbol id="sm-6a9">
         <name>__mspabi_remul</name>
         <value>0x4bb8</value>
         <object_component_ref idref="oc-49d"/>
      </symbol>
      <symbol id="sm-6aa">
         <name>__mspabi_divul</name>
         <value>0x4bb8</value>
         <object_component_ref idref="oc-49d"/>
      </symbol>
      <symbol id="sm-6b2">
         <name>__mspabi_slli</name>
         <value>0x514e</value>
         <object_component_ref idref="oc-da"/>
      </symbol>
      <symbol id="sm-6b3">
         <name>__mspabi_slli_9</name>
         <value>0x5166</value>
         <object_component_ref idref="oc-da"/>
      </symbol>
      <symbol id="sm-6b4">
         <name>__mspabi_slli_8</name>
         <value>0x5168</value>
         <object_component_ref idref="oc-da"/>
      </symbol>
      <symbol id="sm-6b5">
         <name>__mspabi_slli_7</name>
         <value>0x516a</value>
         <object_component_ref idref="oc-da"/>
      </symbol>
      <symbol id="sm-6b6">
         <name>__mspabi_slli_6</name>
         <value>0x516c</value>
         <object_component_ref idref="oc-da"/>
      </symbol>
      <symbol id="sm-6b7">
         <name>__mspabi_slli_5</name>
         <value>0x516e</value>
         <object_component_ref idref="oc-da"/>
      </symbol>
      <symbol id="sm-6b8">
         <name>__mspabi_slli_4</name>
         <value>0x5170</value>
         <object_component_ref idref="oc-da"/>
      </symbol>
      <symbol id="sm-6b9">
         <name>__mspabi_slli_3</name>
         <value>0x5172</value>
         <object_component_ref idref="oc-da"/>
      </symbol>
      <symbol id="sm-6ba">
         <name>__mspabi_slli_2</name>
         <value>0x5174</value>
         <object_component_ref idref="oc-da"/>
      </symbol>
      <symbol id="sm-6bb">
         <name>__mspabi_slli_1</name>
         <value>0x5176</value>
         <object_component_ref idref="oc-da"/>
      </symbol>
      <symbol id="sm-6bc">
         <name>__mspabi_slli_15</name>
         <value>0x515a</value>
         <object_component_ref idref="oc-da"/>
      </symbol>
      <symbol id="sm-6bd">
         <name>__mspabi_slli_14</name>
         <value>0x515c</value>
         <object_component_ref idref="oc-da"/>
      </symbol>
      <symbol id="sm-6be">
         <name>__mspabi_slli_13</name>
         <value>0x515e</value>
         <object_component_ref idref="oc-da"/>
      </symbol>
      <symbol id="sm-6bf">
         <name>__mspabi_slli_12</name>
         <value>0x5160</value>
         <object_component_ref idref="oc-da"/>
      </symbol>
      <symbol id="sm-6c0">
         <name>__mspabi_slli_11</name>
         <value>0x5162</value>
         <object_component_ref idref="oc-da"/>
      </symbol>
      <symbol id="sm-6c1">
         <name>__mspabi_slli_10</name>
         <value>0x5164</value>
         <object_component_ref idref="oc-da"/>
      </symbol>
      <symbol id="sm-6d1">
         <name>__mspabi_slll_9</name>
         <value>0x4ea8</value>
         <object_component_ref idref="oc-325"/>
      </symbol>
      <symbol id="sm-6d2">
         <name>__mspabi_slll_8</name>
         <value>0x4eac</value>
         <object_component_ref idref="oc-325"/>
      </symbol>
      <symbol id="sm-6d3">
         <name>__mspabi_slll_7</name>
         <value>0x4eb0</value>
         <object_component_ref idref="oc-325"/>
      </symbol>
      <symbol id="sm-6d4">
         <name>__mspabi_slll_6</name>
         <value>0x4eb4</value>
         <object_component_ref idref="oc-325"/>
      </symbol>
      <symbol id="sm-6d5">
         <name>__mspabi_slll_5</name>
         <value>0x4eb8</value>
         <object_component_ref idref="oc-325"/>
      </symbol>
      <symbol id="sm-6d6">
         <name>__mspabi_slll_4</name>
         <value>0x4ebc</value>
         <object_component_ref idref="oc-325"/>
      </symbol>
      <symbol id="sm-6d7">
         <name>__mspabi_slll_3</name>
         <value>0x4ec0</value>
         <object_component_ref idref="oc-325"/>
      </symbol>
      <symbol id="sm-6d8">
         <name>__mspabi_slll_2</name>
         <value>0x4ec4</value>
         <object_component_ref idref="oc-325"/>
      </symbol>
      <symbol id="sm-6d9">
         <name>__mspabi_slll_1</name>
         <value>0x4ec8</value>
         <object_component_ref idref="oc-325"/>
      </symbol>
      <symbol id="sm-6da">
         <name>__mspabi_slll</name>
         <value>0x53fe</value>
         <object_component_ref idref="oc-599"/>
      </symbol>
      <symbol id="sm-6db">
         <name>__mspabi_slll_15</name>
         <value>0x4e90</value>
         <object_component_ref idref="oc-325"/>
      </symbol>
      <symbol id="sm-6dc">
         <name>__mspabi_slll_14</name>
         <value>0x4e94</value>
         <object_component_ref idref="oc-325"/>
      </symbol>
      <symbol id="sm-6dd">
         <name>__mspabi_slll_13</name>
         <value>0x4e98</value>
         <object_component_ref idref="oc-325"/>
      </symbol>
      <symbol id="sm-6de">
         <name>__mspabi_slll_12</name>
         <value>0x4e9c</value>
         <object_component_ref idref="oc-325"/>
      </symbol>
      <symbol id="sm-6df">
         <name>__mspabi_slll_11</name>
         <value>0x4ea0</value>
         <object_component_ref idref="oc-325"/>
      </symbol>
      <symbol id="sm-6e0">
         <name>__mspabi_slll_10</name>
         <value>0x4ea4</value>
         <object_component_ref idref="oc-325"/>
      </symbol>
      <symbol id="sm-6e8">
         <name>__mspabi_srli_8</name>
         <value>0x4cda</value>
         <object_component_ref idref="oc-df"/>
      </symbol>
      <symbol id="sm-6e9">
         <name>__mspabi_srli_9</name>
         <value>0x4cd6</value>
         <object_component_ref idref="oc-df"/>
      </symbol>
      <symbol id="sm-6ea">
         <name>__mspabi_srli_6</name>
         <value>0x4ce2</value>
         <object_component_ref idref="oc-df"/>
      </symbol>
      <symbol id="sm-6eb">
         <name>__mspabi_srli_7</name>
         <value>0x4cde</value>
         <object_component_ref idref="oc-df"/>
      </symbol>
      <symbol id="sm-6ec">
         <name>__mspabi_srli_4</name>
         <value>0x4cea</value>
         <object_component_ref idref="oc-df"/>
      </symbol>
      <symbol id="sm-6ed">
         <name>__mspabi_srli_5</name>
         <value>0x4ce6</value>
         <object_component_ref idref="oc-df"/>
      </symbol>
      <symbol id="sm-6ee">
         <name>__mspabi_srli_2</name>
         <value>0x4cf2</value>
         <object_component_ref idref="oc-df"/>
      </symbol>
      <symbol id="sm-6ef">
         <name>__mspabi_srli_3</name>
         <value>0x4cee</value>
         <object_component_ref idref="oc-df"/>
      </symbol>
      <symbol id="sm-6f0">
         <name>__mspabi_srli_1</name>
         <value>0x4cf6</value>
         <object_component_ref idref="oc-df"/>
      </symbol>
      <symbol id="sm-6f1">
         <name>__mspabi_srli</name>
         <value>0x4cb0</value>
         <object_component_ref idref="oc-df"/>
      </symbol>
      <symbol id="sm-6f2">
         <name>__mspabi_srli_15</name>
         <value>0x4cbe</value>
         <object_component_ref idref="oc-df"/>
      </symbol>
      <symbol id="sm-6f3">
         <name>__mspabi_srli_14</name>
         <value>0x4cc2</value>
         <object_component_ref idref="oc-df"/>
      </symbol>
      <symbol id="sm-6f4">
         <name>__mspabi_srli_13</name>
         <value>0x4cc6</value>
         <object_component_ref idref="oc-df"/>
      </symbol>
      <symbol id="sm-6f5">
         <name>__mspabi_srli_12</name>
         <value>0x4cca</value>
         <object_component_ref idref="oc-df"/>
      </symbol>
      <symbol id="sm-6f6">
         <name>__mspabi_srli_11</name>
         <value>0x4cce</value>
         <object_component_ref idref="oc-df"/>
      </symbol>
      <symbol id="sm-6f7">
         <name>__mspabi_srli_10</name>
         <value>0x4cd2</value>
         <object_component_ref idref="oc-df"/>
      </symbol>
      <symbol id="sm-705">
         <name>__mspabi_srlll</name>
         <value>0x4d46</value>
         <object_component_ref idref="oc-4a7"/>
      </symbol>
      <symbol id="sm-738">
         <name>__mspabi_divull</name>
         <value>0x1578</value>
         <object_component_ref idref="oc-497"/>
      </symbol>
      <symbol id="sm-75a">
         <name>__mspabi_addd</name>
         <value>0x18d8</value>
         <object_component_ref idref="oc-566"/>
      </symbol>
      <symbol id="sm-774">
         <name>__mspabi_cmpd</name>
         <value>0x3fb6</value>
         <object_component_ref idref="oc-47d"/>
      </symbol>
      <symbol id="sm-795">
         <name>__mspabi_divd</name>
         <value>0x2cb2</value>
         <object_component_ref idref="oc-4d6"/>
      </symbol>
      <symbol id="sm-7a2">
         <name>__mspabi_fixdi</name>
         <value>0x51cc</value>
         <object_component_ref idref="oc-525"/>
      </symbol>
      <symbol id="sm-7b1">
         <name>__mspabi_fixdli</name>
         <value>0x4942</value>
         <object_component_ref idref="oc-50d"/>
      </symbol>
      <symbol id="sm-7ba">
         <name>__mspabi_fltid</name>
         <value>0x5438</value>
         <object_component_ref idref="oc-551"/>
      </symbol>
      <symbol id="sm-7d1">
         <name>__mspabi_fltlid</name>
         <value>0x4450</value>
         <object_component_ref idref="oc-519"/>
      </symbol>
      <symbol id="sm-7f2">
         <name>__TI_frcaddd</name>
         <value>0x25bc</value>
         <object_component_ref idref="oc-58a"/>
      </symbol>
      <symbol id="sm-80d">
         <name>__TI_frcdivd</name>
         <value>0x1100</value>
         <object_component_ref idref="oc-536"/>
      </symbol>
      <symbol id="sm-81d">
         <name>__TI_frcmpyd</name>
         <value>0x1e5a</value>
         <object_component_ref idref="oc-318"/>
      </symbol>
      <symbol id="sm-826">
         <name>__mspabi_negd</name>
         <value>0x517a</value>
         <object_component_ref idref="oc-45f"/>
      </symbol>
      <symbol id="sm-839">
         <name>__TI_renormd</name>
         <value>0x42e2</value>
         <object_component_ref idref="oc-5a3"/>
      </symbol>
      <symbol id="sm-842">
         <name>__mspabi_subd</name>
         <value>0x503e</value>
         <object_component_ref idref="oc-51f"/>
      </symbol>
      <symbol id="sm-855">
         <name>atoi</name>
         <value>0x4c10</value>
         <object_component_ref idref="oc-406"/>
      </symbol>
      <symbol id="sm-85f">
         <name>_ctypes_</name>
         <value>0x5498</value>
         <object_component_ref idref="oc-440"/>
      </symbol>
      <symbol id="sm-86e">
         <name>ltoa</name>
         <value>0x4754</value>
         <object_component_ref idref="oc-513"/>
      </symbol>
      <symbol id="sm-87d">
         <name>memccpy</name>
         <value>0x52d4</value>
         <object_component_ref idref="oc-420"/>
      </symbol>
      <symbol id="sm-88c">
         <name>strchr</name>
         <value>0x52ee</value>
         <object_component_ref idref="oc-54b"/>
      </symbol>
      <symbol id="sm-899">
         <name>strlen</name>
         <value>0x541e</value>
         <object_component_ref idref="oc-3cb"/>
      </symbol>
      <symbol id="sm-8a6">
         <name>toupper</name>
         <value>0x5444</value>
         <object_component_ref idref="oc-459"/>
      </symbol>
      <symbol id="sm-8ad">
         <name>errno</name>
         <value>0x266</value>
         <object_component_ref idref="oc-42e"/>
      </symbol>
      <symbol id="sm-8b7">
         <name>abs</name>
         <value>0x5450</value>
         <object_component_ref idref="oc-52c"/>
      </symbol>
      <symbol id="sm-8c3">
         <name>__mspabi_remli</name>
         <value>0x4e12</value>
         <object_component_ref idref="oc-55d"/>
      </symbol>
      <symbol id="sm-8c4">
         <name>__mspabi_divli</name>
         <value>0x4e12</value>
         <object_component_ref idref="oc-55d"/>
      </symbol>
      <symbol id="sm-8d4">
         <name>__mspabi_srll_8</name>
         <value>0x4b86</value>
         <object_component_ref idref="oc-38a"/>
      </symbol>
      <symbol id="sm-8d5">
         <name>__mspabi_srll_9</name>
         <value>0x4b80</value>
         <object_component_ref idref="oc-38a"/>
      </symbol>
      <symbol id="sm-8d6">
         <name>__mspabi_srll_6</name>
         <value>0x4b92</value>
         <object_component_ref idref="oc-38a"/>
      </symbol>
      <symbol id="sm-8d7">
         <name>__mspabi_srll_7</name>
         <value>0x4b8c</value>
         <object_component_ref idref="oc-38a"/>
      </symbol>
      <symbol id="sm-8d8">
         <name>__mspabi_srll_4</name>
         <value>0x4b9e</value>
         <object_component_ref idref="oc-38a"/>
      </symbol>
      <symbol id="sm-8d9">
         <name>__mspabi_srll_5</name>
         <value>0x4b98</value>
         <object_component_ref idref="oc-38a"/>
      </symbol>
      <symbol id="sm-8da">
         <name>__mspabi_srll_2</name>
         <value>0x4baa</value>
         <object_component_ref idref="oc-38a"/>
      </symbol>
      <symbol id="sm-8db">
         <name>__mspabi_srll_3</name>
         <value>0x4ba4</value>
         <object_component_ref idref="oc-38a"/>
      </symbol>
      <symbol id="sm-8dc">
         <name>__mspabi_srll_1</name>
         <value>0x4bb0</value>
         <object_component_ref idref="oc-38a"/>
      </symbol>
      <symbol id="sm-8dd">
         <name>__mspabi_srll_15</name>
         <value>0x4b5c</value>
         <object_component_ref idref="oc-38a"/>
      </symbol>
      <symbol id="sm-8de">
         <name>__mspabi_srll_14</name>
         <value>0x4b62</value>
         <object_component_ref idref="oc-38a"/>
      </symbol>
      <symbol id="sm-8df">
         <name>__mspabi_srll_13</name>
         <value>0x4b68</value>
         <object_component_ref idref="oc-38a"/>
      </symbol>
      <symbol id="sm-8e0">
         <name>__mspabi_srll_12</name>
         <value>0x4b6e</value>
         <object_component_ref idref="oc-38a"/>
      </symbol>
      <symbol id="sm-8e1">
         <name>__mspabi_srll_11</name>
         <value>0x4b74</value>
         <object_component_ref idref="oc-38a"/>
      </symbol>
      <symbol id="sm-8e2">
         <name>__mspabi_srll_10</name>
         <value>0x4b7a</value>
         <object_component_ref idref="oc-38a"/>
      </symbol>
      <symbol id="sm-8e3">
         <name>__mspabi_srll</name>
         <value>0x53ba</value>
         <object_component_ref idref="oc-4fc"/>
      </symbol>
      <symbol id="sm-8f1">
         <name>__mspabi_sllll</name>
         <value>0x4d8c</value>
         <object_component_ref idref="oc-4f6"/>
      </symbol>
   </symbol_table>
   <title>Link successful</title>
</link_info>
